14.143.171.118 - - [11/Apr/2020:19:46:06 +0000] "GET /printer/get_orders?printer_name=fedex+printer HTTP/1.0" 200 3 "-" "python-requests/2.11.1" "9947"
49.248.114.34 - - [11/Apr/2020:19:47:06 +0000] "GET /printer/get_orders?printer_name=fedex+printer HTTP/1.0" 200 3 "-" "python-requests/2.11.1" "10666"
14.143.171.118 - - [11/Apr/2020:19:48:06 +0000] "GET /printer/get_orders?printer_name=fedex+printer HTTP/1.0" 200 3 "-" "python-requests/2.11.1" "9993"
14.143.171.118 - - [11/Apr/2020:19:49:06 +0000] "GET /printer/get_orders?printer_name=fedex+printer HTTP/1.0" 200 3 "-" "python-requests/2.11.1" "10246"
14.143.171.118 - - [11/Apr/2020:19:50:06 +0000] "GET /printer/get_orders?printer_name=fedex+printer HTTP/1.0" 200 3 "-" "python-requests/2.11.1" "10150"
54.36.149.48 - - [11/Apr/2020:19:50:41 +0000] "GET /hammo/men/green HTTP/1.0" 200 5207 "-" "Mozilla/5.0 (compatible; AhrefsBot/6.1; +http://ahrefs.com/robot/)" "8180"
14.143.171.118 - - [11/Apr/2020:19:51:06 +0000] "GET /printer/get_orders?printer_name=fedex+printer HTTP/1.0" 200 3 "-" "python-requests/2.11.1" "10441"
66.249.79.206 - - [11/Apr/2020:19:51:30 +0000] "GET /gb/men/blue HTTP/1.0" 200 73663 "-" "Mozilla/5.0 (compatible; Googlebot/2.1; +http://www.google.com/bot.html)" "541251"
14.143.171.118 - - [11/Apr/2020:19:52:06 +0000] "GET /printer/get_orders?printer_name=fedex+printer HTTP/1.0" 200 3 "-" "python-requests/2.11.1" "10118"
14.143.171.118 - - [11/Apr/2020:19:53:06 +0000] "GET /printer/get_orders?printer_name=fedex+printer HTTP/1.0" 200 3 "-" "python-requests/2.11.1" "10545"
14.143.171.118 - - [11/Apr/2020:19:54:06 +0000] "GET /printer/get_orders?printer_name=fedex+printer HTTP/1.0" 200 3 "-" "python-requests/2.11.1" "10410"
14.143.171.118 - - [11/Apr/2020:19:55:06 +0000] "GET /printer/get_orders?printer_name=fedex+printer HTTP/1.0" 200 3 "-" "python-requests/2.11.1" "10476"
14.143.171.118 - - [11/Apr/2020:19:56:06 +0000] "GET /printer/get_orders?printer_name=fedex+printer HTTP/1.0" 200 3 "-" "python-requests/2.11.1" "10467"
14.143.171.118 - - [11/Apr/2020:19:57:06 +0000] "GET /printer/get_orders?printer_name=fedex+printer HTTP/1.0" 200 3 "-" "python-requests/2.11.1" "10403"
14.143.171.118 - - [11/Apr/2020:19:58:06 +0000] "GET /printer/get_orders?printer_name=fedex+printer HTTP/1.0" 200 3 "-" "python-requests/2.11.1" "9971"
14.143.171.118 - - [11/Apr/2020:19:59:06 +0000] "GET /printer/get_orders?printer_name=fedex+printer HTTP/1.0" 200 3 "-" "python-requests/2.11.1" "9968"
14.143.171.118 - - [11/Apr/2020:20:00:06 +0000] "GET /printer/get_orders?printer_name=fedex+printer HTTP/1.0" 200 3 "-" "python-requests/2.11.1" "10375"
14.143.171.118 - - [11/Apr/2020:20:01:06 +0000] "GET /printer/get_orders?printer_name=fedex+printer HTTP/1.0" 200 3 "-" "python-requests/2.11.1" "10133"
14.143.171.118 - - [11/Apr/2020:20:02:06 +0000] "GET /printer/get_orders?printer_name=fedex+printer HTTP/1.0" 200 3 "-" "python-requests/2.11.1" "10097"
14.143.171.118 - - [11/Apr/2020:20:03:06 +0000] "GET /printer/get_orders?printer_name=fedex+printer HTTP/1.0" 200 3 "-" "python-requests/2.11.1" "10137"
66.249.79.206 - - [11/Apr/2020:20:03:19 +0000] "GET /robots.txt HTTP/1.0" 404 14008 "-" "Mozilla/5.0 (compatible; Googlebot/2.1; +http://www.google.com/bot.html)" "9132"
14.143.171.118 - - [11/Apr/2020:20:04:06 +0000] "GET /printer/get_orders?printer_name=fedex+printer HTTP/1.0" 200 3 "-" "python-requests/2.11.1" "10310"
14.143.171.118 - - [11/Apr/2020:20:05:06 +0000] "GET /printer/get_orders?printer_name=fedex+printer HTTP/1.0" 200 3 "-" "python-requests/2.11.1" "10873"
3.10.179.177 - - [11/Apr/2020:20:05:24 +0000] "GET / HTTP/1.0" 302 263 "-" "Mozilla/5.0 (Macintosh; Intel Mac OS X 10_15_0) AppleWebKit/537.36 (KHTML, like Gecko) Chrome/78.0.3904.70 Safari/537.36" "6916"
3.10.179.177 - - [11/Apr/2020:20:05:24 +0000] "GET /gb/ HTTP/1.0" 200 15967 "-" "Mozilla/5.0 (Macintosh; Intel Mac OS X 10_15_0) AppleWebKit/537.36 (KHTML, like Gecko) Chrome/78.0.3904.70 Safari/537.36" "9100"
14.143.171.118 - - [11/Apr/2020:20:06:06 +0000] "GET /printer/get_orders?printer_name=fedex+printer HTTP/1.0" 200 3 "-" "python-requests/2.11.1" "10131"
14.143.171.118 - - [11/Apr/2020:20:07:06 +0000] "GET /printer/get_orders?printer_name=fedex+printer HTTP/1.0" 200 3 "-" "python-requests/2.11.1" "10263"
14.143.171.118 - - [11/Apr/2020:20:08:06 +0000] "GET /printer/get_orders?printer_name=fedex+printer HTTP/1.0" 200 3 "-" "python-requests/2.11.1" "10180"
14.143.171.118 - - [11/Apr/2020:20:09:06 +0000] "GET /printer/get_orders?printer_name=fedex+printer HTTP/1.0" 200 3 "-" "python-requests/2.11.1" "9994"
14.143.171.118 - - [11/Apr/2020:20:10:06 +0000] "GET /printer/get_orders?printer_name=fedex+printer HTTP/1.0" 200 3 "-" "python-requests/2.11.1" "10185"
47.30.198.240 - - [11/Apr/2020:20:10:49 +0000] "GET / HTTP/1.0" 200 5207 "-" "Mozilla/5.0 (Linux; Android 10; GM1901) AppleWebKit/537.36 (KHTML, like Gecko) Chrome/80.0.3987.162 Mobile Safari/537.36" "7109"
47.30.198.240 - - [11/Apr/2020:20:11:01 +0000] "GET / HTTP/1.0" 200 5207 "-" "Mozilla/5.0 (Linux; Android 10; GM1901) AppleWebKit/537.36 (KHTML, like Gecko) Chrome/80.0.3987.162 Mobile Safari/537.36" "6540"
14.143.171.118 - - [11/Apr/2020:20:11:06 +0000] "GET /printer/get_orders?printer_name=fedex+printer HTTP/1.0" 200 3 "-" "python-requests/2.11.1" "10041"
14.143.171.118 - - [11/Apr/2020:20:12:06 +0000] "GET /printer/get_orders?printer_name=fedex+printer HTTP/1.0" 200 3 "-" "python-requests/2.11.1" "10343"
14.143.171.118 - - [11/Apr/2020:20:13:06 +0000] "GET /printer/get_orders?printer_name=fedex+printer HTTP/1.0" 200 3 "-" "python-requests/2.11.1" "10985"
66.249.79.206 - - [11/Apr/2020:20:13:30 +0000] "GET /women/specials HTTP/1.0" 200 5207 "-" "Mozilla/5.0 (Linux; Android 6.0.1; Nexus 5X Build/MMB29P) AppleWebKit/537.36 (KHTML, like Gecko) Chrome/41.0.2272.96 Mobile Safari/537.36 (compatible; Googlebot/2.1; +http://www.google.com/bot.html)" "8018"
14.143.171.118 - - [11/Apr/2020:20:14:06 +0000] "GET /printer/get_orders?printer_name=fedex+printer HTTP/1.0" 200 3 "-" "python-requests/2.11.1" "9919"
14.143.171.118 - - [11/Apr/2020:20:15:06 +0000] "GET /printer/get_orders?printer_name=fedex+printer HTTP/1.0" 200 3 "-" "python-requests/2.11.1" "10057"
14.143.171.118 - - [11/Apr/2020:20:16:06 +0000] "GET /printer/get_orders?printer_name=fedex+printer HTTP/1.0" 200 3 "-" "python-requests/2.11.1" "10143"
49.207.56.156 - - [11/Apr/2020:20:17:00 +0000] "GET / HTTP/1.0" 200 5207 "-" "Mozilla/5.0 (Macintosh; Intel Mac OS X 10_11_3) AppleWebKit/537.36 (KHTML, like Gecko) Chrome/80.0.3987.163 Safari/537.36" "6800"
14.143.171.118 - - [11/Apr/2020:20:17:06 +0000] "GET /printer/get_orders?printer_name=fedex+printer HTTP/1.0" 200 3 "-" "python-requests/2.11.1" "10237"
86.134.221.27 - - [11/Apr/2020:20:17:37 +0000] "GET /gb/men/brown HTTP/1.0" 200 72440 "-" "Mozilla/5.0 (Linux; Android 10; Pixel 3) AppleWebKit/537.36 (KHTML, like Gecko) Chrome/81.0.4044.96 Mobile Safari/537.36" "542306"
86.134.221.27 - - [11/Apr/2020:20:17:38 +0000] "POST /cart/update HTTP/1.0" 200 781 "https://www.marchtee.com/gb/men/brown" "Mozilla/5.0 (Linux; Android 10; Pixel 3) AppleWebKit/537.36 (KHTML, like Gecko) Chrome/81.0.4044.96 Mobile Safari/537.36" "8832"
14.143.171.118 - - [11/Apr/2020:20:18:06 +0000] "GET /printer/get_orders?printer_name=fedex+printer HTTP/1.0" 200 3 "-" "python-requests/2.11.1" "10494"
122.177.202.99 - - [11/Apr/2020:20:18:13 +0000] "GET /order/E1G56K HTTP/1.0" 500 14148 "https://click.pstmrk.it/2sm/www.marchtee.com%2Fin%2Forder%2FE1G56K/-TCnFQc/oRRK/r-ytuqzvNG/cmVmdW5k" "Mozilla/5.0 (Macintosh; Intel Mac OS X 10_15) AppleWebKit/605.1.15 (KHTML, like Gecko) Version/13.0.5 Safari/605.1.15" "49834"
122.177.202.99 - - [11/Apr/2020:20:18:15 +0000] "POST /cart/update HTTP/1.0" 200 778 "https://www.marchtee.com/order/E1G56K" "Mozilla/5.0 (Macintosh; Intel Mac OS X 10_15) AppleWebKit/605.1.15 (KHTML, like Gecko) Version/13.0.5 Safari/605.1.15" "8676"
14.143.171.118 - - [11/Apr/2020:20:19:06 +0000] "GET /printer/get_orders?printer_name=fedex+printer HTTP/1.0" 200 3 "-" "python-requests/2.11.1" "10065"
14.143.171.118 - - [11/Apr/2020:20:20:06 +0000] "GET /printer/get_orders?printer_name=fedex+printer HTTP/1.0" 200 3 "-" "python-requests/2.11.1" "10152"
182.64.182.0 - - [11/Apr/2020:20:20:37 +0000] "GET /blog/gobind HTTP/1.0" 200 18151 "https://www.google.co.in/" "Mozilla/5.0 (iPhone; CPU iPhone OS 13_3 like Mac OS X) AppleWebKit/605.1.15 (KHTML, like Gecko) Version/13.0.4 Mobile/15E148 Safari/604.1" "18793"
182.64.182.0 - - [11/Apr/2020:20:20:39 +0000] "POST /cart/update HTTP/1.0" 200 778 "https://www.marchtee.com/blog/gobind" "Mozilla/5.0 (iPhone; CPU iPhone OS 13_3 like Mac OS X) AppleWebKit/605.1.15 (KHTML, like Gecko) Version/13.0.4 Mobile/15E148 Safari/604.1" "9203"
14.143.171.118 - - [11/Apr/2020:20:21:06 +0000] "GET /printer/get_orders?printer_name=fedex+printer HTTP/1.0" 200 3 "-" "python-requests/2.11.1" "10369"
66.249.79.206 - - [11/Apr/2020:20:21:30 +0000] "GET /gb/men/navy HTTP/1.0" 302 233 "-" "Mozilla/5.0 (compatible; Googlebot/2.1; +http://www.google.com/bot.html)" "9102"
66.249.79.210 - - [11/Apr/2020:20:21:31 +0000] "GET /gb/men/denim HTTP/1.0" 200 73326 "-" "Mozilla/5.0 (compatible; Googlebot/2.1; +http://www.google.com/bot.html)" "536875"
14.143.171.118 - - [11/Apr/2020:20:22:06 +0000] "GET /printer/get_orders?printer_name=fedex+printer HTTP/1.0" 200 3 "-" "python-requests/2.11.1" "10355"
14.143.171.118 - - [11/Apr/2020:20:23:05 +0000] "GET /printer/get_orders?printer_name=fedex+printer HTTP/1.0" 200 3 "-" "python-requests/2.11.1" "10403"
122.163.180.148 - - [11/Apr/2020:20:23:12 +0000] "GET / HTTP/1.0" 200 5207 "https://www.google.com/" "Mozilla/5.0 (Windows NT 10.0; Win64; x64; rv:74.0) Gecko/20100101 Firefox/74.0" "9009"
66.249.79.208 - - [11/Apr/2020:20:23:26 +0000] "GET /blog/chondamma HTTP/1.0" 200 17700 "-" "Mozilla/5.0 (Linux; Android 6.0.1; Nexus 5X Build/MMB29P) AppleWebKit/537.36 (KHTML, like Gecko) Chrome/41.0.2272.96 Mobile Safari/537.36 (compatible; Googlebot/2.1; +http://www.google.com/bot.html)" "17764"
122.163.180.148 - - [11/Apr/2020:20:23:44 +0000] "GET / HTTP/1.0" 200 5207 "-" "WhatsApp/2.20.108 A" "8134"
14.143.171.118 - - [11/Apr/2020:20:24:05 +0000] "GET /printer/get_orders?printer_name=fedex+printer HTTP/1.0" 200 3 "-" "python-requests/2.11.1" "10413"
14.143.171.118 - - [11/Apr/2020:20:25:05 +0000] "GET /printer/get_orders?printer_name=fedex+printer HTTP/1.0" 200 3 "-" "python-requests/2.11.1" "10155"
14.143.171.118 - - [11/Apr/2020:20:26:05 +0000] "GET /printer/get_orders?printer_name=fedex+printer HTTP/1.0" 200 3 "-" "python-requests/2.11.1" "10247"
14.143.171.118 - - [11/Apr/2020:20:27:05 +0000] "GET /printer/get_orders?printer_name=fedex+printer HTTP/1.0" 200 3 "-" "python-requests/2.11.1" "10371"
14.143.171.118 - - [11/Apr/2020:20:28:05 +0000] "GET /printer/get_orders?printer_name=fedex+printer HTTP/1.0" 200 3 "-" "python-requests/2.11.1" "10058"
117.247.27.118 - - [11/Apr/2020:20:28:48 +0000] "GET /men/grey HTTP/1.0" 200 5207 "-" "Mozilla/5.0 (Linux; Android 10; Redmi K20) AppleWebKit/537.36 (KHTML, like Gecko) Chrome/80.0.3987.162 Mobile Safari/537.36" "9290"
14.143.171.118 - - [11/Apr/2020:20:29:05 +0000] "GET /printer/get_orders?printer_name=fedex+printer HTTP/1.0" 200 3 "-" "python-requests/2.11.1" "10009"
106.202.87.161 - - [11/Apr/2020:20:29:11 +0000] "GET / HTTP/1.0" 200 5207 "-" "Mozilla/5.0 (iPhone; CPU iPhone OS 13_3_1 like Mac OS X) AppleWebKit/605.1.15 (KHTML, like Gecko) Version/13.0.5 Mobile/15E148 Safari/604.1" "7124"
183.82.82.123 - - [11/Apr/2020:20:29:16 +0000] "GET / HTTP/1.0" 200 5207 "-" "Mozilla/5.0 (X11; Linux x86_64) AppleWebKit/537.36 (KHTML, like Gecko) Chrome/80.0.3987.162 Safari/537.36" "7307"
183.82.82.123 - - [11/Apr/2020:20:29:19 +0000] "GET / HTTP/1.0" 200 5207 "-" "Mozilla/5.0 (X11; Linux x86_64) AppleWebKit/537.36 (KHTML, like Gecko) Chrome/80.0.3987.162 Safari/537.36" "7330"
14.143.171.118 - - [11/Apr/2020:20:30:05 +0000] "GET /printer/get_orders?printer_name=fedex+printer HTTP/1.0" 200 3 "-" "python-requests/2.11.1" "10268"
14.143.171.118 - - [11/Apr/2020:20:31:05 +0000] "GET /printer/get_orders?printer_name=fedex+printer HTTP/1.0" 200 3 "-" "python-requests/2.11.1" "10004"
14.143.171.118 - - [11/Apr/2020:20:32:05 +0000] "GET /printer/get_orders?printer_name=fedex+printer HTTP/1.0" 200 3 "-" "python-requests/2.11.1" "10207"
14.143.171.118 - - [11/Apr/2020:20:33:05 +0000] "GET /printer/get_orders?printer_name=fedex+printer HTTP/1.0" 200 3 "-" "python-requests/2.11.1" "10497"
66.249.79.210 - - [11/Apr/2020:20:33:29 +0000] "GET /gb/features HTTP/1.0" 200 21705 "-" "Mozilla/5.0 (compatible; Googlebot/2.1; +http://www.google.com/bot.html)" "9194"
14.143.171.118 - - [11/Apr/2020:20:34:05 +0000] "GET /printer/get_orders?printer_name=fedex+printer HTTP/1.0" 200 3 "-" "python-requests/2.11.1" "10201"
103.238.106.242 - - [11/Apr/2020:20:34:50 +0000] "GET / HTTP/1.0" 200 5207 "-" "Mozilla/5.0 (iPhone; CPU iPhone OS 13_3 like Mac OS X) AppleWebKit/605.1.15 (KHTML, like Gecko) CriOS/80.0.3987.95 Mobile/15E148 Safari/604.1" "7191"
14.143.171.118 - - [11/Apr/2020:20:35:06 +0000] "GET /printer/get_orders?printer_name=fedex+printer HTTP/1.0" 200 3 "-" "python-requests/2.11.1" "10226"
14.143.171.118 - - [11/Apr/2020:20:36:06 +0000] "GET /printer/get_orders?printer_name=fedex+printer HTTP/1.0" 200 3 "-" "python-requests/2.11.1" "10139"
14.143.171.118 - - [11/Apr/2020:20:37:06 +0000] "GET /printer/get_orders?printer_name=fedex+printer HTTP/1.0" 200 3 "-" "python-requests/2.11.1" "10220"
182.68.164.134, 64.233.172.211 - - [11/Apr/2020:20:37:50 +0000] "GET / HTTP/1.0" 200 5207 "-" "Mozilla/5.0 (X11; Linux x86_64) AppleWebKit/537.36 (KHTML, like Gecko) Chrome/49.0.2623.75 Safari/537.36 Google Favicon" "7999"
106.201.84.9 - - [11/Apr/2020:20:38:03 +0000] "GET /gb/backstage/?start_date=2020-04-01&end_date=2020-04-30 HTTP/1.0" 302 257 "https://www.marchtee.com/gb/backstage/?start_date=2020-04-01&end_date=2020-04-30" "Mozilla/5.0 (Macintosh; Intel Mac OS X 10_15_3) AppleWebKit/605.1.15 (KHTML, like Gecko) Version/13.0.5 Safari/605.1.15" "6958"
106.201.84.9 - - [11/Apr/2020:20:38:03 +0000] "GET /gb/backstage/login?next= HTTP/1.0" 302 907 "https://www.marchtee.com/gb/backstage/?start_date=2020-04-01&end_date=2020-04-30" "Mozilla/5.0 (Macintosh; Intel Mac OS X 10_15_3) AppleWebKit/605.1.15 (KHTML, like Gecko) Version/13.0.5 Safari/605.1.15" "7269"
14.143.171.118 - - [11/Apr/2020:20:38:06 +0000] "GET /printer/get_orders?printer_name=fedex+printer HTTP/1.0" 200 3 "-" "python-requests/2.11.1" "10811"
14.143.171.118 - - [11/Apr/2020:20:39:06 +0000] "GET /printer/get_orders?printer_name=fedex+printer HTTP/1.0" 200 3 "-" "python-requests/2.11.1" "10491"
14.143.171.118 - - [11/Apr/2020:20:40:06 +0000] "GET /printer/get_orders?printer_name=fedex+printer HTTP/1.0" 200 3 "-" "python-requests/2.11.1" "10092"
14.143.171.118 - - [11/Apr/2020:20:41:06 +0000] "GET /printer/get_orders?printer_name=fedex+printer HTTP/1.0" 200 3 "-" "python-requests/2.11.1" "10036"
60.243.63.217 - - [11/Apr/2020:20:41:23 +0000] "GET / HTTP/1.0" 200 5207 "-" "Mozilla/5.0 (Windows NT 10.0; Win64; x64) AppleWebKit/537.36 (KHTML, like Gecko) Chrome/80.0.3987.163 Safari/537.36" "6800"
14.143.171.118 - - [11/Apr/2020:20:42:06 +0000] "GET /printer/get_orders?printer_name=fedex+printer HTTP/1.0" 200 3 "-" "python-requests/2.11.1" "10427"
49.248.114.34 - - [11/Apr/2020:20:43:06 +0000] "GET /printer/get_orders?printer_name=fedex+printer HTTP/1.0" 200 3 "-" "python-requests/2.11.1" "10227"
157.55.39.171, 66.11.126.218 - - [11/Apr/2020:20:43:12 +0000] "GET /robots.txt HTTP/1.0" 404 14008 "-" "Mozilla/5.0 (compatible; bingbot/2.0; +http://www.bing.com/bingbot.htm)" "8785"
66.249.79.208 - - [11/Apr/2020:20:43:28 +0000] "GET /blog/colpuri HTTP/1.0" 200 17485 "-" "Mozilla/5.0 (compatible; Googlebot/2.1; +http://www.google.com/bot.html)" "17689"
14.143.171.118 - - [11/Apr/2020:20:44:06 +0000] "GET /printer/get_orders?printer_name=fedex+printer HTTP/1.0" 200 3 "-" "python-requests/2.11.1" "10011"
157.55.39.80 - - [11/Apr/2020:20:44:20 +0000] "GET /women/rose HTTP/1.0" 200 5207 "-" "Mozilla/5.0 (compatible; bingbot/2.0; +http://www.bing.com/bingbot.htm)" "7910"
14.143.171.118 - - [11/Apr/2020:20:45:06 +0000] "GET /printer/get_orders?printer_name=fedex+printer HTTP/1.0" 200 3 "-" "python-requests/2.11.1" "9958"
14.143.171.118 - - [11/Apr/2020:20:46:06 +0000] "GET /printer/get_orders?printer_name=fedex+printer HTTP/1.0" 200 3 "-" "python-requests/2.11.1" "10661"
14.143.171.118 - - [11/Apr/2020:20:47:06 +0000] "GET /printer/get_orders?printer_name=fedex+printer HTTP/1.0" 200 3 "-" "python-requests/2.11.1" "12953"
112.79.237.196 - - [11/Apr/2020:20:47:28 +0000] "GET / HTTP/1.0" 200 5207 "-" "Mozilla/5.0 (Linux; Android 9; CPH1945) AppleWebKit/537.36 (KHTML, like Gecko) Chrome/80.0.3987.162 Mobile Safari/537.36" "8480"
14.143.171.118 - - [11/Apr/2020:20:48:06 +0000] "GET /printer/get_orders?printer_name=fedex+printer HTTP/1.0" 200 3 "-" "python-requests/2.11.1" "9951"
14.143.171.118 - - [11/Apr/2020:20:49:06 +0000] "GET /printer/get_orders?printer_name=fedex+printer HTTP/1.0" 200 3 "-" "python-requests/2.11.1" "10367"
14.143.171.118 - - [11/Apr/2020:20:50:06 +0000] "GET /printer/get_orders?printer_name=fedex+printer HTTP/1.0" 200 3 "-" "python-requests/2.11.1" "10316"
157.55.39.80 - - [11/Apr/2020:20:50:21 +0000] "GET /blog/gopal HTTP/1.0" 200 18175 "-" "Mozilla/5.0 (compatible; bingbot/2.0; +http://www.bing.com/bingbot.htm)" "18268"
14.143.171.118 - - [11/Apr/2020:20:51:06 +0000] "GET /printer/get_orders?printer_name=fedex+printer HTTP/1.0" 200 3 "-" "python-requests/2.11.1" "10398"
66.249.79.210 - - [11/Apr/2020:20:51:30 +0000] "GET /gb/men/navy HTTP/1.0" 302 231 "-" "Mozilla/5.0 (Linux; Android 6.0.1; Nexus 5X Build/MMB29P) AppleWebKit/537.36 (KHTML, like Gecko) Chrome/41.0.2272.96 Mobile Safari/537.36 (compatible; Googlebot/2.1; +http://www.google.com/bot.html)" "8851"
66.249.79.210 - - [11/Apr/2020:20:51:31 +0000] "GET /gb/men/grey HTTP/1.0" 200 73638 "-" "Mozilla/5.0 (Linux; Android 6.0.1; Nexus 5X Build/MMB29P) AppleWebKit/537.36 (KHTML, like Gecko) Chrome/41.0.2272.96 Mobile Safari/537.36 (compatible; Googlebot/2.1; +http://www.google.com/bot.html)" "542726"
14.143.171.118 - - [11/Apr/2020:20:52:06 +0000] "GET /printer/get_orders?printer_name=fedex+printer HTTP/1.0" 200 3 "-" "python-requests/2.11.1" "10550"
122.162.29.104 - - [11/Apr/2020:20:52:22 +0000] "GET / HTTP/1.0" 200 5207 "-" "Mozilla/5.0 (iPhone; CPU iPhone OS 13_3_1 like Mac OS X) AppleWebKit/605.1.15 (KHTML, like Gecko) Version/13.0.5 Mobile/15E148 Safari/604.1" "6609"
14.143.171.118 - - [11/Apr/2020:20:53:06 +0000] "GET /printer/get_orders?printer_name=fedex+printer HTTP/1.0" 200 3 "-" "python-requests/2.11.1" "10252"
66.249.79.210 - - [11/Apr/2020:20:53:42 +0000] "GET /men/black HTTP/1.0" 200 5207 "-" "Mozilla/5.0 (Linux; Android 6.0.1; Nexus 5X Build/MMB29P) AppleWebKit/537.36 (KHTML, like Gecko) Chrome/41.0.2272.96 Mobile Safari/537.36 (compatible; Googlebot/2.1; +http://www.google.com/bot.html)" "8378"
14.143.171.118 - - [11/Apr/2020:20:54:06 +0000] "GET /printer/get_orders?printer_name=fedex+printer HTTP/1.0" 200 3 "-" "python-requests/2.11.1" "10199"
14.143.171.118 - - [11/Apr/2020:20:55:06 +0000] "GET /printer/get_orders?printer_name=fedex+printer HTTP/1.0" 200 3 "-" "python-requests/2.11.1" "10131"
14.143.171.118 - - [11/Apr/2020:20:56:06 +0000] "GET /printer/get_orders?printer_name=fedex+printer HTTP/1.0" 200 3 "-" "python-requests/2.11.1" "10072"
14.143.171.118 - - [11/Apr/2020:20:57:06 +0000] "GET /printer/get_orders?printer_name=fedex+printer HTTP/1.0" 200 3 "-" "python-requests/2.11.1" "10042"
14.143.171.118 - - [11/Apr/2020:20:58:06 +0000] "GET /printer/get_orders?printer_name=fedex+printer HTTP/1.0" 200 3 "-" "python-requests/2.11.1" "10219"
14.143.171.118 - - [11/Apr/2020:20:59:06 +0000] "GET /printer/get_orders?printer_name=fedex+printer HTTP/1.0" 200 3 "-" "python-requests/2.11.1" "10326"
5.101.0.209 - - [11/Apr/2020:20:59:41 +0000] "GET /vendor/phpunit/phpunit/src/Util/PHP/eval-stdin.php HTTP/1.0" 404 14008 "http://3.11.202.217:80/vendor/phpunit/phpunit/src/Util/PHP/eval-stdin.php" "Mozilla/5.0 (Windows NT 10.0; Win64; x64) AppleWebKit/537.36 (KHTML, like Gecko) Chrome/78.0.3904.108 Safari/537.36" "9358"
14.143.171.118 - - [11/Apr/2020:21:00:06 +0000] "GET /printer/get_orders?printer_name=fedex+printer HTTP/1.0" 200 3 "-" "python-requests/2.11.1" "10322"
94.8.124.120 - - [11/Apr/2020:21:00:06 +0000] "GET /hammo/features HTTP/1.0" 302 291 "https://www.google.com/" "Mozilla/5.0 (Macintosh; Intel Mac OS X 10_14_4) AppleWebKit/537.36 (KHTML, like Gecko) Chrome/80.0.3987.132 Safari/537.36" "5699"
94.8.124.120 - - [11/Apr/2020:21:00:06 +0000] "GET /gb/hammo/features HTTP/1.0" 200 20725 "https://www.google.com/" "Mozilla/5.0 (Macintosh; Intel Mac OS X 10_14_4) AppleWebKit/537.36 (KHTML, like Gecko) Chrome/80.0.3987.132 Safari/537.36" "15308"
94.8.124.120 - - [11/Apr/2020:21:00:07 +0000] "POST /cart/update HTTP/1.0" 200 781 "https://www.marchtee.com/gb/hammo/features" "Mozilla/5.0 (Macintosh; Intel Mac OS X 10_14_4) AppleWebKit/537.36 (KHTML, like Gecko) Chrome/80.0.3987.132 Safari/537.36" "9271"
94.8.124.120 - - [11/Apr/2020:21:00:11 +0000] "GET /gb/hammo/men/oatmeal HTTP/1.0" 200 63987 "https://www.marchtee.com/gb/hammo/features" "Mozilla/5.0 (Macintosh; Intel Mac OS X 10_14_4) AppleWebKit/537.36 (KHTML, like Gecko) Chrome/80.0.3987.132 Safari/537.36" "564168"
94.8.124.120 - - [11/Apr/2020:21:00:12 +0000] "POST /cart/update HTTP/1.0" 200 781 "https://www.marchtee.com/gb/hammo/men/oatmeal" "Mozilla/5.0 (Macintosh; Intel Mac OS X 10_14_4) AppleWebKit/537.36 (KHTML, like Gecko) Chrome/80.0.3987.132 Safari/537.36" "9036"
77.75.78.167 - - [11/Apr/2020:21:00:22 +0000] "GET /robots.txt HTTP/1.0" 404 14008 "-" "Mozilla/5.0 (compatible; SeznamBot/3.2; +http://napoveda.seznam.cz/en/seznambot-intro/)" "9022"
77.75.78.167 - - [11/Apr/2020:21:00:23 +0000] "GET / HTTP/1.0" 200 5207 "-" "Mozilla/5.0 (compatible; SeznamBot/3.2; +http://napoveda.seznam.cz/en/seznambot-intro/)" "7737"
157.36.110.80 - - [11/Apr/2020:21:00:42 +0000] "GET /long/men/black HTTP/1.0" 200 5207 "-" "Mozilla/5.0 (Linux; Android 6.0.1; Redmi 3S) AppleWebKit/537.36 (KHTML, like Gecko) Chrome/80.0.3987.162 Mobile Safari/537.36" "8080"
45.112.20.64 - - [11/Apr/2020:21:01:03 +0000] "POST /cart/update HTTP/1.0" 200 778 "https://www.marchtee.com/unit/features" "Mozilla/5.0 (Linux; Android 10; RMX1971) AppleWebKit/537.36 (KHTML, like Gecko) Chrome/80.0.3987.162 Mobile Safari/537.36" "8958"
14.143.171.118 - - [11/Apr/2020:21:01:06 +0000] "GET /printer/get_orders?printer_name=fedex+printer HTTP/1.0" 200 3 "-" "python-requests/2.11.1" "10254"
14.143.171.118 - - [11/Apr/2020:21:02:06 +0000] "GET /printer/get_orders?printer_name=fedex+printer HTTP/1.0" 200 3 "-" "python-requests/2.11.1" "10142"
106.12.177.124 - - [11/Apr/2020:21:02:38 +0000] "GET / HTTP/1.0" 200 5138 "-" "python-requests/2.22.0" "7710"
14.143.171.118 - - [11/Apr/2020:21:03:06 +0000] "GET /printer/get_orders?printer_name=fedex+printer HTTP/1.0" 200 3 "-" "python-requests/2.11.1" "10167"
66.249.79.208 - - [11/Apr/2020:21:03:49 +0000] "GET /blog/mustansir HTTP/1.0" 200 17576 "-" "Mozilla/5.0 (compatible; Googlebot/2.1; +http://www.google.com/bot.html)" "10561"
14.143.171.118 - - [11/Apr/2020:21:04:06 +0000] "GET /printer/get_orders?printer_name=fedex+printer HTTP/1.0" 200 3 "-" "python-requests/2.11.1" "10022"
14.143.171.118 - - [11/Apr/2020:21:05:06 +0000] "GET /printer/get_orders?printer_name=fedex+printer HTTP/1.0" 200 3 "-" "python-requests/2.11.1" "10069"
14.143.171.118 - - [11/Apr/2020:21:06:06 +0000] "GET /printer/get_orders?printer_name=fedex+printer HTTP/1.0" 200 3 "-" "python-requests/2.11.1" "10347"
14.143.171.118 - - [11/Apr/2020:21:07:06 +0000] "GET /printer/get_orders?printer_name=fedex+printer HTTP/1.0" 200 3 "-" "python-requests/2.11.1" "10145"
14.143.171.118 - - [11/Apr/2020:21:08:06 +0000] "GET /printer/get_orders?printer_name=fedex+printer HTTP/1.0" 200 3 "-" "python-requests/2.11.1" "10187"
162.255.84.188 - - [11/Apr/2020:21:08:58 +0000] "GET / HTTP/1.0" 200 5207 "-" "-" "8273"
14.143.171.118 - - [11/Apr/2020:21:09:06 +0000] "GET /printer/get_orders?printer_name=fedex+printer HTTP/1.0" 200 3 "-" "python-requests/2.11.1" "10282"
14.143.171.118 - - [11/Apr/2020:21:10:06 +0000] "GET /printer/get_orders?printer_name=fedex+printer HTTP/1.0" 200 3 "-" "python-requests/2.11.1" "10239"
14.143.171.118 - - [11/Apr/2020:21:11:06 +0000] "GET /printer/get_orders?printer_name=fedex+printer HTTP/1.0" 200 3 "-" "python-requests/2.11.1" "10549"
14.143.171.118 - - [11/Apr/2020:21:12:06 +0000] "GET /printer/get_orders?printer_name=fedex+printer HTTP/1.0" 200 3 "-" "python-requests/2.11.1" "10549"
14.143.171.118 - - [11/Apr/2020:21:13:06 +0000] "GET /printer/get_orders?printer_name=fedex+printer HTTP/1.0" 200 3 "-" "python-requests/2.11.1" "11491"
66.249.79.206 - - [11/Apr/2020:21:13:58 +0000] "GET /gb/hammo/features HTTP/1.0" 200 20704 "-" "Mozilla/5.0 (Linux; Android 6.0.1; Nexus 5X Build/MMB29P) AppleWebKit/537.36 (KHTML, like Gecko) Chrome/41.0.2272.96 Mobile Safari/537.36 (compatible; Googlebot/2.1; +http://www.google.com/bot.html)" "14164"
14.143.171.118 - - [11/Apr/2020:21:14:06 +0000] "GET /printer/get_orders?printer_name=fedex+printer HTTP/1.0" 200 3 "-" "python-requests/2.11.1" "10383"
14.143.171.118 - - [11/Apr/2020:21:15:06 +0000] "GET /printer/get_orders?printer_name=fedex+printer HTTP/1.0" 200 3 "-" "python-requests/2.11.1" "10285"
14.143.171.118 - - [11/Apr/2020:21:16:06 +0000] "GET /printer/get_orders?printer_name=fedex+printer HTTP/1.0" 200 3 "-" "python-requests/2.11.1" "10430"
42.107.205.190 - - [11/Apr/2020:21:16:08 +0000] "GET / HTTP/1.0" 200 5207 "https://www.google.com/" "Mozilla/5.0 (Linux; Android 9; Redmi Note 7 Pro) AppleWebKit/537.36 (KHTML, like Gecko) Chrome/81.0.4044.96 Mobile Safari/537.36" "7655"
103.40.198.234 - - [11/Apr/2020:21:16:53 +0000] "GET / HTTP/1.0" 200 5207 "-" "Mozilla/5.0 (Macintosh; Intel Mac OS X 10_15_3) AppleWebKit/605.1.15 (KHTML, like Gecko) Version/13.0.5 Safari/605.1.15" "8942"
14.143.171.118 - - [11/Apr/2020:21:17:06 +0000] "GET /printer/get_orders?printer_name=fedex+printer HTTP/1.0" 200 3 "-" "python-requests/2.11.1" "10470"
14.143.171.118 - - [11/Apr/2020:21:18:06 +0000] "GET /printer/get_orders?printer_name=fedex+printer HTTP/1.0" 200 3 "-" "python-requests/2.11.1" "10195"
112.79.76.5 - - [11/Apr/2020:21:18:11 +0000] "GET /about HTTP/1.0" 200 15379 "https://www.google.com/" "Mozilla/5.0 (Linux; Android 10; GM1911) AppleWebKit/537.36 (KHTML, like Gecko) Chrome/80.0.3987.162 Mobile Safari/537.36" "9651"
112.79.76.5 - - [11/Apr/2020:21:18:14 +0000] "POST /cart/update HTTP/1.0" 200 778 "https://www.marchtee.com/about" "Mozilla/5.0 (Linux; Android 10; GM1911) AppleWebKit/537.36 (KHTML, like Gecko) Chrome/80.0.3987.162 Mobile Safari/537.36" "9486"
112.79.76.5 - - [11/Apr/2020:21:18:20 +0000] "GET /features HTTP/1.0" 200 20472 "https://www.marchtee.com/about" "Mozilla/5.0 (Linux; Android 10; GM1911) AppleWebKit/537.36 (KHTML, like Gecko) Chrome/80.0.3987.162 Mobile Safari/537.36" "9665"
112.79.76.5 - - [11/Apr/2020:21:18:21 +0000] "POST /cart/update HTTP/1.0" 200 778 "https://www.marchtee.com/features" "Mozilla/5.0 (Linux; Android 10; GM1911) AppleWebKit/537.36 (KHTML, like Gecko) Chrome/80.0.3987.162 Mobile Safari/537.36" "9479"
112.79.76.5 - - [11/Apr/2020:21:18:22 +0000] "GET /shop HTTP/1.0" 200 5207 "https://www.marchtee.com/features" "Mozilla/5.0 (Linux; Android 10; GM1911) AppleWebKit/537.36 (KHTML, like Gecko) Chrome/80.0.3987.162 Mobile Safari/537.36" "8639"
112.79.76.5 - - [11/Apr/2020:21:18:24 +0000] "GET /features HTTP/1.0" 200 20472 "https://www.marchtee.com/about" "Mozilla/5.0 (Linux; Android 10; GM1911) AppleWebKit/537.36 (KHTML, like Gecko) Chrome/80.0.3987.162 Mobile Safari/537.36" "15167"
112.79.76.5 - - [11/Apr/2020:21:18:24 +0000] "POST /cart/update HTTP/1.0" 200 778 "https://www.marchtee.com/features" "Mozilla/5.0 (Linux; Android 10; GM1911) AppleWebKit/537.36 (KHTML, like Gecko) Chrome/80.0.3987.162 Mobile Safari/537.36" "9815"
14.143.171.118 - - [11/Apr/2020:21:19:06 +0000] "GET /printer/get_orders?printer_name=fedex+printer HTTP/1.0" 200 3 "-" "python-requests/2.11.1" "10321"
14.143.171.118 - - [11/Apr/2020:21:20:06 +0000] "GET /printer/get_orders?printer_name=fedex+printer HTTP/1.0" 200 3 "-" "python-requests/2.11.1" "10100"
77.75.78.171, 89.187.169.86 - - [11/Apr/2020:21:20:23 +0000] "GET /robots.txt HTTP/1.0" 404 14008 "-" "Mozilla/5.0 (compatible; SeznamBot/3.2; +http://napoveda.seznam.cz/en/seznambot-intro/)" "8635"
14.143.171.118 - - [11/Apr/2020:21:21:06 +0000] "GET /printer/get_orders?printer_name=fedex+printer HTTP/1.0" 200 3 "-" "python-requests/2.11.1" "9895"
66.249.79.208 - - [11/Apr/2020:21:21:30 +0000] "GET /checkout HTTP/1.0" 404 14008 "-" "Mozilla/5.0 (compatible; Googlebot/2.1; +http://www.google.com/bot.html)" "8832"
14.143.171.118 - - [11/Apr/2020:21:22:06 +0000] "GET /printer/get_orders?printer_name=fedex+printer HTTP/1.0" 200 3 "-" "python-requests/2.11.1" "9967"
42.107.205.190 - - [11/Apr/2020:21:22:09 +0000] "GET / HTTP/1.0" 200 5207 "https://www.google.com/" "Mozilla/5.0 (Linux; Android 9; Redmi Note 7 Pro) AppleWebKit/537.36 (KHTML, like Gecko) Chrome/81.0.4044.96 Mobile Safari/537.36" "5973"
112.74.23.231 - - [11/Apr/2020:21:22:43 +0000] "GET /web.zip HTTP/1.0" 404 14008 "-" "python-requests/2.22.0" "9980"
14.143.171.118 - - [11/Apr/2020:21:23:06 +0000] "GET /printer/get_orders?printer_name=fedex+printer HTTP/1.0" 200 3 "-" "python-requests/2.11.1" "10233"
14.143.171.118 - - [11/Apr/2020:21:24:06 +0000] "GET /printer/get_orders?printer_name=fedex+printer HTTP/1.0" 200 3 "-" "python-requests/2.11.1" "10072"
66.249.79.206 - - [11/Apr/2020:21:24:13 +0000] "GET /gb/men/denim HTTP/1.0" 200 73326 "-" "Mozilla/5.0 (Linux; Android 6.0.1; Nexus 5X Build/MMB29P) AppleWebKit/537.36 (KHTML, like Gecko) Chrome/41.0.2272.96 Mobile Safari/537.36 (compatible; Googlebot/2.1; +http://www.google.com/bot.html)" "546108"
14.143.171.118 - - [11/Apr/2020:21:25:06 +0000] "GET /printer/get_orders?printer_name=fedex+printer HTTP/1.0" 200 3 "-" "python-requests/2.11.1" "19618"
14.143.171.118 - - [11/Apr/2020:21:26:06 +0000] "GET /printer/get_orders?printer_name=fedex+printer HTTP/1.0" 200 3 "-" "python-requests/2.11.1" "10432"
14.143.171.118 - - [11/Apr/2020:21:27:06 +0000] "GET /printer/get_orders?printer_name=fedex+printer HTTP/1.0" 200 3 "-" "python-requests/2.11.1" "10274"
42.107.220.238 - - [11/Apr/2020:21:27:45 +0000] "GET / HTTP/1.0" 200 5207 "https://www.google.com/" "Mozilla/5.0 (Linux; Android 9; Redmi Note 7 Pro) AppleWebKit/537.36 (KHTML, like Gecko) Chrome/81.0.4044.96 Mobile Safari/537.36" "6439"
49.248.114.34 - - [11/Apr/2020:21:28:06 +0000] "GET /printer/get_orders?printer_name=fedex+printer HTTP/1.0" 200 3 "-" "python-requests/2.11.1" "10001"
171.13.14.84 - - [11/Apr/2020:21:29:03 +0000] "GET / HTTP/1.0" 200 5138 "-" "Mozilla/5.0 (Linux; Android 8.0; Pixel 2 Build/OPD3.170816.012) AppleWebKit/537.36 (KHTML, like Gecko) Chrome/75.0.3765.0 Mobile Safari/537.36" "10066"
14.143.171.118 - - [11/Apr/2020:21:29:06 +0000] "GET /printer/get_orders?printer_name=fedex+printer HTTP/1.0" 200 3 "-" "python-requests/2.11.1" "10303"
42.107.220.238 - - [11/Apr/2020:21:29:29 +0000] "GET /men/specials?111017 HTTP/1.0" 200 5207 "https://www.talkcharge.com/mobile/coupon-deal/29556" "Mozilla/5.0 (Linux; Android 9; Redmi Note 7 Pro) AppleWebKit/537.36 (KHTML, like Gecko) Chrome/81.0.4044.96 Mobile Safari/537.36" "6260"
66.220.149.7 - - [11/Apr/2020:21:30:05 +0000] "GET /product_catalogue.xml HTTP/1.0" 500 0 "-" "-" "4018"
49.248.114.34 - - [11/Apr/2020:21:30:06 +0000] "GET /printer/get_orders?printer_name=fedex+printer HTTP/1.0" 200 3 "-" "python-requests/2.11.1" "17950"
66.220.149.7 - - [11/Apr/2020:21:30:06 +0000] "GET /product_catalogue.xml HTTP/1.0" 500 0 "-" "-" "3986"
104.248.68.63 - - [11/Apr/2020:21:30:14 +0000] "HEAD / HTTP/1.0" 200 0 "http://www.google.com" "Mozilla/4.0 (compatible; MSIE 8.0; Windows NT 6.1; WOW64; Trident/4.0; SLCC2; .NET CLR 2.0.50727; .NET CLR 3.5.30729; .NET CLR 3.0.30729; Media Center PC 6.0; .NET4.0C; .NET4.0E)" "8457"
14.143.171.118 - - [11/Apr/2020:21:31:06 +0000] "GET /printer/get_orders?printer_name=fedex+printer HTTP/1.0" 200 3 "-" "python-requests/2.11.1" "10263"
14.143.171.118 - - [11/Apr/2020:21:32:06 +0000] "GET /printer/get_orders?printer_name=fedex+printer HTTP/1.0" 200 3 "-" "python-requests/2.11.1" "10309"
112.74.23.231 - - [11/Apr/2020:21:32:27 +0000] "GET /bak.zip HTTP/1.0" 404 14008 "-" "python-requests/2.22.0" "9237"
14.143.171.118 - - [11/Apr/2020:21:33:06 +0000] "GET /printer/get_orders?printer_name=fedex+printer HTTP/1.0" 200 3 "-" "python-requests/2.11.1" "10335"
122.172.61.66 - - [11/Apr/2020:21:34:05 +0000] "GET /order/EZ1QWO HTTP/1.0" 500 14148 "-" "Mozilla/5.0 (iPhone; CPU iPhone OS 13_3 like Mac OS X) AppleWebKit/605.1.15 (KHTML, like Gecko) CriOS/80.0.3987.95 Mobile/15E148 Safari/604.1" "51072"
66.249.79.211 - - [11/Apr/2020:21:34:05 +0000] "GET /blog/sharpener HTTP/1.0" 200 16996 "-" "Mozilla/5.0 (compatible; Googlebot/2.1; +http://www.google.com/bot.html)" "32896"
14.143.171.118 - - [11/Apr/2020:21:34:06 +0000] "GET /printer/get_orders?printer_name=fedex+printer HTTP/1.0" 200 3 "-" "python-requests/2.11.1" "10163"
122.172.61.66 - - [11/Apr/2020:21:34:06 +0000] "POST /cart/update HTTP/1.0" 200 778 "https://www.marchtee.com/order/EZ1QWO" "Mozilla/5.0 (iPhone; CPU iPhone OS 13_3 like Mac OS X) AppleWebKit/605.1.15 (KHTML, like Gecko) CriOS/80.0.3987.95 Mobile/15E148 Safari/604.1" "8338"
122.172.61.66 - - [11/Apr/2020:21:34:11 +0000] "GET /order/EZ1QWO HTTP/1.0" 500 0 "-" "-" "4910"
122.172.61.66 - - [11/Apr/2020:21:34:11 +0000] "GET /favicon.ico HTTP/1.0" 404 14008 "-" "Mozilla/5.0 (iPhone; CPU iPhone OS 13_3 like Mac OS X) AppleWebKit/605.1.15 (KHTML, like Gecko) CriOS/80.0.3987.95 Mobile/15E148 Safari/604.1" "9358"
122.172.61.66 - - [11/Apr/2020:21:34:17 +0000] "GET /order/EZ1QWO HTTP/1.0" 500 0 "-" "-" "4895"
122.172.61.66 - - [11/Apr/2020:21:34:18 +0000] "GET /order/EZ1QWO HTTP/1.0" 500 0 "-" "-" "13311"
122.172.61.66 - - [11/Apr/2020:21:34:26 +0000] "GET /order/EZ1QWO HTTP/1.0" 500 0 "-" "-" "4909"
14.143.171.118 - - [11/Apr/2020:21:35:06 +0000] "GET /printer/get_orders?printer_name=fedex+printer HTTP/1.0" 200 3 "-" "python-requests/2.11.1" "10340"
14.143.171.118 - - [11/Apr/2020:21:36:06 +0000] "GET /printer/get_orders?printer_name=fedex+printer HTTP/1.0" 200 3 "-" "python-requests/2.11.1" "10180"
42.108.161.123 - - [11/Apr/2020:21:36:29 +0000] "GET /cart/checkout/pay HTTP/1.0" 302 235 "-" "Mozilla/5.0 (Linux; Android 9; SAMSUNG SM-J810GF) AppleWebKit/537.36 (KHTML, like Gecko) SamsungBrowser/11.1 Chrome/75.0.3770.143 Mobile Safari/537.36" "6511"
42.108.161.123 - - [11/Apr/2020:21:36:29 +0000] "GET /cart/checkout HTTP/1.0" 200 5207 "-" "Mozilla/5.0 (Linux; Android 9; SAMSUNG SM-J810GF) AppleWebKit/537.36 (KHTML, like Gecko) SamsungBrowser/11.1 Chrome/75.0.3770.143 Mobile Safari/537.36" "8811"
14.143.171.118 - - [11/Apr/2020:21:37:06 +0000] "GET /printer/get_orders?printer_name=fedex+printer HTTP/1.0" 200 3 "-" "python-requests/2.11.1" "9889"
14.143.171.118 - - [11/Apr/2020:21:38:06 +0000] "GET /printer/get_orders?printer_name=fedex+printer HTTP/1.0" 200 3 "-" "python-requests/2.11.1" "9892"
13.66.139.1 - - [11/Apr/2020:21:38:14 +0000] "GET /robots.txt HTTP/1.0" 404 14008 "-" "Mozilla/5.0 (compatible; bingbot/2.0; +http://www.bing.com/bingbot.htm)" "8887"
13.66.139.0 - - [11/Apr/2020:21:38:19 +0000] "GET /create HTTP/1.0" 200 23160 "-" "Mozilla/5.0 (compatible; bingbot/2.0; +http://www.bing.com/bingbot.htm)" "14719"
14.143.171.118 - - [11/Apr/2020:21:39:05 +0000] "GET /printer/get_orders?printer_name=fedex+printer HTTP/1.0" 200 3 "-" "python-requests/2.11.1" "9915"
14.143.171.118 - - [11/Apr/2020:21:40:05 +0000] "GET /printer/get_orders?printer_name=fedex+printer HTTP/1.0" 200 3 "-" "python-requests/2.11.1" "10050"
14.143.171.118 - - [11/Apr/2020:21:41:05 +0000] "GET /printer/get_orders?printer_name=fedex+printer HTTP/1.0" 200 3 "-" "python-requests/2.11.1" "10222"
14.143.171.118 - - [11/Apr/2020:21:42:05 +0000] "GET /printer/get_orders?printer_name=fedex+printer HTTP/1.0" 200 3 "-" "python-requests/2.11.1" "9997"
14.143.171.118 - - [11/Apr/2020:21:43:05 +0000] "GET /printer/get_orders?printer_name=fedex+printer HTTP/1.0" 200 3 "-" "python-requests/2.11.1" "11448"
14.143.171.118 - - [11/Apr/2020:21:44:06 +0000] "GET /printer/get_orders?printer_name=fedex+printer HTTP/1.0" 200 3 "-" "python-requests/2.11.1" "10098"
183.83.163.58 - - [11/Apr/2020:21:44:08 +0000] "GET / HTTP/1.0" 200 5207 "-" "Mozilla/5.0 (Linux; Android 10; ONEPLUS A6000) AppleWebKit/537.36 (KHTML, like Gecko) Chrome/80.0.3987.162 Mobile Safari/537.36" "6546"
183.83.163.58 - - [11/Apr/2020:21:44:10 +0000] "GET / HTTP/1.0" 200 5207 "-" "Mozilla/5.0 (Linux; Android 10; ONEPLUS A6000) AppleWebKit/537.36 (KHTML, like Gecko) Chrome/80.0.3987.162 Mobile Safari/537.36" "6528"
112.74.23.231 - - [11/Apr/2020:21:44:42 +0000] "GET /www.rar HTTP/1.0" 404 14008 "-" "python-requests/2.22.0" "9176"
14.143.171.118 - - [11/Apr/2020:21:45:06 +0000] "GET /printer/get_orders?printer_name=fedex+printer HTTP/1.0" 200 3 "-" "python-requests/2.11.1" "10308"
5.196.87.173 - - [11/Apr/2020:21:45:37 +0000] "GET /robots.txt HTTP/1.0" 404 14008 "-" "Mozilla/5.0 (compatible; AhrefsBot/6.1; +http://ahrefs.com/robot/)" "9222"
14.143.171.118 - - [11/Apr/2020:21:46:06 +0000] "GET /printer/get_orders?printer_name=fedex+printer HTTP/1.0" 200 3 "-" "python-requests/2.11.1" "10434"
14.143.171.118 - - [11/Apr/2020:21:47:06 +0000] "GET /printer/get_orders?printer_name=fedex+printer HTTP/1.0" 200 3 "-" "python-requests/2.11.1" "10202"
14.143.171.118 - - [11/Apr/2020:21:48:06 +0000] "GET /printer/get_orders?printer_name=fedex+printer HTTP/1.0" 200 3 "-" "python-requests/2.11.1" "10216"
14.143.171.118 - - [11/Apr/2020:21:49:06 +0000] "GET /printer/get_orders?printer_name=fedex+printer HTTP/1.0" 200 3 "-" "python-requests/2.11.1" "10086"
14.143.171.118 - - [11/Apr/2020:21:50:06 +0000] "GET /printer/get_orders?printer_name=fedex+printer HTTP/1.0" 200 3 "-" "python-requests/2.11.1" "10374"
14.143.171.118 - - [11/Apr/2020:21:51:06 +0000] "GET /printer/get_orders?printer_name=fedex+printer HTTP/1.0" 200 3 "-" "python-requests/2.11.1" "10319"
66.249.79.209 - - [11/Apr/2020:21:51:30 +0000] "GET /checkout HTTP/1.0" 404 14008 "-" "Mozilla/5.0 (Linux; Android 6.0.1; Nexus 5X Build/MMB29P) AppleWebKit/537.36 (KHTML, like Gecko) Chrome/41.0.2272.96 Mobile Safari/537.36 (compatible; Googlebot/2.1; +http://www.google.com/bot.html)" "9195"
14.143.171.118 - - [11/Apr/2020:21:52:06 +0000] "GET /printer/get_orders?printer_name=fedex+printer HTTP/1.0" 200 3 "-" "python-requests/2.11.1" "10277"
14.143.171.118 - - [11/Apr/2020:21:53:06 +0000] "GET /printer/get_orders?printer_name=fedex+printer HTTP/1.0" 200 3 "-" "python-requests/2.11.1" "10025"
5.101.0.209 - - [11/Apr/2020:21:53:20 +0000] "GET /vendor/phpunit/phpunit/src/Util/PHP/eval-stdin.php HTTP/1.0" 404 14008 "http://3.11.202.217:80/vendor/phpunit/phpunit/src/Util/PHP/eval-stdin.php" "Mozilla/5.0 (Windows NT 10.0; Win64; x64) AppleWebKit/537.36 (KHTML, like Gecko) Chrome/78.0.3904.108 Safari/537.36" "9282"
14.143.171.118 - - [11/Apr/2020:21:54:06 +0000] "GET /printer/get_orders?printer_name=fedex+printer HTTP/1.0" 200 3 "-" "python-requests/2.11.1" "10269"
14.143.171.118 - - [11/Apr/2020:21:55:06 +0000] "GET /printer/get_orders?printer_name=fedex+printer HTTP/1.0" 200 3 "-" "python-requests/2.11.1" "10753"
171.67.70.85 - - [11/Apr/2020:21:55:17 +0000] "GET / HTTP/1.0" 200 5207 "http://3.11.202.217/" "Mozilla/5.0 zgrab/0.x" "10962"
183.83.163.58 - - [11/Apr/2020:21:55:25 +0000] "GET / HTTP/1.0" 200 5207 "-" "Mozilla/5.0 (Linux; Android 10; ONEPLUS A6000) AppleWebKit/537.36 (KHTML, like Gecko) Chrome/80.0.3987.162 Mobile Safari/537.36" "6831"
14.143.171.118 - - [11/Apr/2020:21:56:06 +0000] "GET /printer/get_orders?printer_name=fedex+printer HTTP/1.0" 200 3 "-" "python-requests/2.11.1" "10141"
34.226.180.74 - - [11/Apr/2020:21:56:57 +0000] "GET / HTTP/1.0" 200 5207 "https://www.canva.com/learn/what-is-niche-marketing/" "Mozilla/5.0 (Macintosh; Intel Mac OS X 10_11_6) AppleWebKit/537.36 (KHTML, like Gecko) Chrome/54.0.2840.98 CanvaCrawler/1.0" "9884"
14.143.171.118 - - [11/Apr/2020:21:57:06 +0000] "GET /printer/get_orders?printer_name=fedex+printer HTTP/1.0" 200 3 "-" "python-requests/2.11.1" "10332"
14.143.171.118 - - [11/Apr/2020:21:58:06 +0000] "GET /printer/get_orders?printer_name=fedex+printer HTTP/1.0" 200 3 "-" "python-requests/2.11.1" "10155"
14.143.171.118 - - [11/Apr/2020:21:59:06 +0000] "GET /printer/get_orders?printer_name=fedex+printer HTTP/1.0" 200 3 "-" "python-requests/2.11.1" "10887"
14.143.171.118 - - [11/Apr/2020:22:00:06 +0000] "GET /printer/get_orders?printer_name=fedex+printer HTTP/1.0" 200 3 "-" "python-requests/2.11.1" "10247"
14.143.171.118 - - [11/Apr/2020:22:01:06 +0000] "GET /printer/get_orders?printer_name=fedex+printer HTTP/1.0" 200 3 "-" "python-requests/2.11.1" "10308"
14.143.171.118 - - [11/Apr/2020:22:02:06 +0000] "GET /printer/get_orders?printer_name=fedex+printer HTTP/1.0" 200 3 "-" "python-requests/2.11.1" "10598"
14.143.171.118 - - [11/Apr/2020:22:03:06 +0000] "GET /printer/get_orders?printer_name=fedex+printer HTTP/1.0" 200 3 "-" "python-requests/2.11.1" "10377"
14.143.171.118 - - [11/Apr/2020:22:04:06 +0000] "GET /printer/get_orders?printer_name=fedex+printer HTTP/1.0" 200 3 "-" "python-requests/2.11.1" "10440"
66.249.79.209 - - [11/Apr/2020:22:04:13 +0000] "GET /blog/rajeev HTTP/1.0" 200 18174 "-" "Mozilla/5.0 (Linux; Android 6.0.1; Nexus 5X Build/MMB29P) AppleWebKit/537.36 (KHTML, like Gecko) Chrome/41.0.2272.96 Mobile Safari/537.36 (compatible; Googlebot/2.1; +http://www.google.com/bot.html)" "17376"
112.74.23.231 - - [11/Apr/2020:22:04:57 +0000] "GET /bak.rar HTTP/1.0" 404 14008 "-" "python-requests/2.22.0" "9093"
14.143.171.118 - - [11/Apr/2020:22:05:06 +0000] "GET /printer/get_orders?printer_name=fedex+printer HTTP/1.0" 200 3 "-" "python-requests/2.11.1" "10181"
14.143.171.118 - - [11/Apr/2020:22:06:05 +0000] "GET /printer/get_orders?printer_name=fedex+printer HTTP/1.0" 200 3 "-" "python-requests/2.11.1" "10353"
14.143.171.118 - - [11/Apr/2020:22:07:05 +0000] "GET /printer/get_orders?printer_name=fedex+printer HTTP/1.0" 200 3 "-" "python-requests/2.11.1" "10368"
14.143.171.118 - - [11/Apr/2020:22:08:05 +0000] "GET /printer/get_orders?printer_name=fedex+printer HTTP/1.0" 200 3 "-" "python-requests/2.11.1" "9963"
14.143.171.118 - - [11/Apr/2020:22:09:05 +0000] "GET /printer/get_orders?printer_name=fedex+printer HTTP/1.0" 200 3 "-" "python-requests/2.11.1" "10392"
14.143.171.118 - - [11/Apr/2020:22:10:05 +0000] "GET /printer/get_orders?printer_name=fedex+printer HTTP/1.0" 200 3 "-" "python-requests/2.11.1" "10361"
14.143.171.118 - - [11/Apr/2020:22:11:05 +0000] "GET /printer/get_orders?printer_name=fedex+printer HTTP/1.0" 200 3 "-" "python-requests/2.11.1" "10439"
14.143.171.118 - - [11/Apr/2020:22:12:05 +0000] "GET /printer/get_orders?printer_name=fedex+printer HTTP/1.0" 200 3 "-" "python-requests/2.11.1" "9757"
207.46.13.10 - - [11/Apr/2020:22:12:28 +0000] "GET /men/brown HTTP/1.0" 200 5207 "-" "Mozilla/5.0 (compatible; bingbot/2.0; +http://www.bing.com/bingbot.htm)" "7980"
14.143.171.118 - - [11/Apr/2020:22:13:05 +0000] "GET /printer/get_orders?printer_name=fedex+printer HTTP/1.0" 200 3 "-" "python-requests/2.11.1" "10385"
14.143.171.118 - - [11/Apr/2020:22:14:05 +0000] "GET /printer/get_orders?printer_name=fedex+printer HTTP/1.0" 200 3 "-" "python-requests/2.11.1" "10213"
14.143.171.118 - - [11/Apr/2020:22:15:05 +0000] "GET /printer/get_orders?printer_name=fedex+printer HTTP/1.0" 200 3 "-" "python-requests/2.11.1" "10110"
14.143.171.118 - - [11/Apr/2020:22:16:05 +0000] "GET /printer/get_orders?printer_name=fedex+printer HTTP/1.0" 200 3 "-" "python-requests/2.11.1" "10268"
40.77.167.22 - - [11/Apr/2020:22:16:55 +0000] "GET /features HTTP/1.0" 200 20443 "-" "Mozilla/5.0 (compatible; bingbot/2.0; +http://www.bing.com/bingbot.htm)" "10667"
14.143.171.118 - - [11/Apr/2020:22:17:05 +0000] "GET /printer/get_orders?printer_name=fedex+printer HTTP/1.0" 200 3 "-" "python-requests/2.11.1" "10216"
14.143.171.118 - - [11/Apr/2020:22:18:05 +0000] "GET /printer/get_orders?printer_name=fedex+printer HTTP/1.0" 200 3 "-" "python-requests/2.11.1" "10083"
5.196.87.173 - - [11/Apr/2020:22:18:57 +0000] "GET /robots.txt HTTP/1.0" 404 14008 "-" "Mozilla/5.0 (compatible; AhrefsBot/6.1; +http://ahrefs.com/robot/)" "8944"
14.143.171.118 - - [11/Apr/2020:22:19:05 +0000] "GET /printer/get_orders?printer_name=fedex+printer HTTP/1.0" 200 3 "-" "python-requests/2.11.1" "10303"
14.143.171.118 - - [11/Apr/2020:22:20:06 +0000] "GET /printer/get_orders?printer_name=fedex+printer HTTP/1.0" 200 3 "-" "python-requests/2.11.1" "10619"
54.37.121.239 - - [11/Apr/2020:22:20:37 +0000] "GET /public_html/ HTTP/1.0" 404 14008 "http://marchtee.com/" "Mozilla/5.0 (Windows NT 10.0; Win64; x64) AppleWebKit/537.36 (KHTML, like Gecko) Chrome/78.0.3904.97 Safari/537.36" "8874"
14.143.171.118 - - [11/Apr/2020:22:21:06 +0000] "GET /printer/get_orders?printer_name=fedex+printer HTTP/1.0" 200 3 "-" "python-requests/2.11.1" "10227"
66.249.79.207 - - [11/Apr/2020:22:21:30 +0000] "GET /blog/launchstats HTTP/1.0" 200 21412 "-" "Mozilla/5.0 (Linux; Android 6.0.1; Nexus 5X Build/MMB29P) AppleWebKit/537.36 (KHTML, like Gecko) Chrome/41.0.2272.96 Mobile Safari/537.36 (compatible; Googlebot/2.1; +http://www.google.com/bot.html)" "14252"
106.12.177.124 - - [11/Apr/2020:22:21:56 +0000] "GET /www.7z HTTP/1.0" 404 14008 "-" "python-requests/2.22.0" "9298"
14.143.171.118 - - [11/Apr/2020:22:22:06 +0000] "GET /printer/get_orders?printer_name=fedex+printer HTTP/1.0" 200 3 "-" "python-requests/2.11.1" "10112"
14.143.171.118 - - [11/Apr/2020:22:23:06 +0000] "GET /printer/get_orders?printer_name=fedex+printer HTTP/1.0" 200 3 "-" "python-requests/2.11.1" "10536"
14.143.171.118 - - [11/Apr/2020:22:24:06 +0000] "GET /printer/get_orders?printer_name=fedex+printer HTTP/1.0" 200 3 "-" "python-requests/2.11.1" "10101"
66.249.79.211 - - [11/Apr/2020:22:24:10 +0000] "GET /returns HTTP/1.0" 200 14443 "-" "Mozilla/5.0 (Linux; Android 6.0.1; Nexus 5X Build/MMB29P) AppleWebKit/537.36 (KHTML, like Gecko) Chrome/41.0.2272.96 Mobile Safari/537.36 (compatible; Googlebot/2.1; +http://www.google.com/bot.html)" "14555"
14.143.171.118 - - [11/Apr/2020:22:25:06 +0000] "GET /printer/get_orders?printer_name=fedex+printer HTTP/1.0" 200 3 "-" "python-requests/2.11.1" "10332"
171.13.14.75 - - [11/Apr/2020:22:25:52 +0000] "GET / HTTP/1.0" 200 5138 "-" "Mozilla/5.0 (Windows NT 10.0; Win64; x64) AppleWebKit/537.36 (KHTML, like Gecko) Chrome/78.0.3904.87 Safari/537.36" "8128"
14.143.171.118 - - [11/Apr/2020:22:26:06 +0000] "GET /printer/get_orders?printer_name=fedex+printer HTTP/1.0" 200 3 "-" "python-requests/2.11.1" "10198"
14.143.171.118 - - [11/Apr/2020:22:27:06 +0000] "GET /printer/get_orders?printer_name=fedex+printer HTTP/1.0" 200 3 "-" "python-requests/2.11.1" "9980"
112.74.23.231 - - [11/Apr/2020:22:27:45 +0000] "GET /web.7z HTTP/1.0" 404 14008 "-" "python-requests/2.22.0" "9241"
14.143.171.118 - - [11/Apr/2020:22:28:06 +0000] "GET /printer/get_orders?printer_name=fedex+printer HTTP/1.0" 200 3 "-" "python-requests/2.11.1" "10153"
14.143.171.118 - - [11/Apr/2020:22:29:06 +0000] "GET /printer/get_orders?printer_name=fedex+printer HTTP/1.0" 200 3 "-" "python-requests/2.11.1" "10137"
14.143.171.118 - - [11/Apr/2020:22:30:06 +0000] "GET /printer/get_orders?printer_name=fedex+printer HTTP/1.0" 200 3 "-" "python-requests/2.11.1" "10146"
199.59.150.183 - - [11/Apr/2020:22:30:14 +0000] "GET /robots.txt HTTP/1.0" 404 14008 "-" "Twitterbot/1.0" "13299"
199.59.150.183 - - [11/Apr/2020:22:30:14 +0000] "GET / HTTP/1.0" 200 5207 "-" "Twitterbot/1.0" "7627"
14.143.171.118 - - [11/Apr/2020:22:31:06 +0000] "GET /printer/get_orders?printer_name=fedex+printer HTTP/1.0" 200 3 "-" "python-requests/2.11.1" "10290"
183.83.163.58 - - [11/Apr/2020:22:31:09 +0000] "GET / HTTP/1.0" 200 5207 "-" "Mozilla/5.0 (Linux; Android 10; ONEPLUS A6000) AppleWebKit/537.36 (KHTML, like Gecko) Chrome/80.0.3987.162 Mobile Safari/537.36" "6662"
14.143.171.118 - - [11/Apr/2020:22:32:06 +0000] "GET /printer/get_orders?printer_name=fedex+printer HTTP/1.0" 200 3 "-" "python-requests/2.11.1" "10119"
14.143.171.118 - - [11/Apr/2020:22:33:06 +0000] "GET /printer/get_orders?printer_name=fedex+printer HTTP/1.0" 200 3 "-" "python-requests/2.11.1" "10041"
14.143.171.118 - - [11/Apr/2020:22:34:06 +0000] "GET /printer/get_orders?printer_name=fedex+printer HTTP/1.0" 200 3 "-" "python-requests/2.11.1" "10278"
66.249.79.210 - - [11/Apr/2020:22:34:26 +0000] "GET /returns HTTP/1.0" 200 14443 "-" "Mozilla/5.0 (compatible; Googlebot/2.1; +http://www.google.com/bot.html)" "13853"
77.75.76.161 - - [11/Apr/2020:22:34:57 +0000] "GET /robots.txt HTTP/1.0" 404 14008 "-" "Mozilla/5.0 (compatible; SeznamBot/3.2; +http://napoveda.seznam.cz/en/seznambot-intro/)" "9363"
77.75.76.161 - - [11/Apr/2020:22:34:57 +0000] "GET /about HTTP/1.0" 200 15350 "-" "Mozilla/5.0 (compatible; SeznamBot/3.2; +http://napoveda.seznam.cz/en/seznambot-intro/)" "10083"
14.143.171.118 - - [11/Apr/2020:22:35:06 +0000] "GET /printer/get_orders?printer_name=fedex+printer HTTP/1.0" 200 3 "-" "python-requests/2.11.1" "10287"
14.143.171.118 - - [11/Apr/2020:22:36:06 +0000] "GET /printer/get_orders?printer_name=fedex+printer HTTP/1.0" 200 3 "-" "python-requests/2.11.1" "10098"
14.143.171.118 - - [11/Apr/2020:22:37:06 +0000] "GET /printer/get_orders?printer_name=fedex+printer HTTP/1.0" 200 3 "-" "python-requests/2.11.1" "10431"
