182.58.184.64 - - [11/Apr/2020:17:40:55 +0000] "GET /cart/checkout/pay HTTP/1.0" 302 235 "-" "Mozilla/5.0 (Linux; Android 10; SAMSUNG SM-N975F) AppleWebKit/537.36 (KHTML, like Gecko) SamsungBrowser/11.1 Chrome/75.0.3770.143 Mobile Safari/537.36" "5568"
182.58.184.64 - - [11/Apr/2020:17:40:56 +0000] "GET /cart/checkout HTTP/1.0" 200 5207 "-" "Mozilla/5.0 (Linux; Android 10; SAMSUNG SM-N975F) AppleWebKit/537.36 (KHTML, like Gecko) SamsungBrowser/11.1 Chrome/75.0.3770.143 Mobile Safari/537.36" "8605"
14.143.171.118 - - [11/Apr/2020:17:41:06 +0000] "GET /printer/get_orders?printer_name=fedex+printer HTTP/1.0" 200 3 "-" "python-requests/2.11.1" "10165"
14.143.171.118 - - [11/Apr/2020:17:42:06 +0000] "GET /printer/get_orders?printer_name=fedex+printer HTTP/1.0" 200 3 "-" "python-requests/2.11.1" "10301"
66.249.79.208 - - [11/Apr/2020:17:42:07 +0000] "GET /about HTTP/1.0" 200 15350 "-" "Mozilla/5.0 (Linux; Android 6.0.1; Nexus 5X Build/MMB29P) AppleWebKit/537.36 (KHTML, like Gecko) Chrome/41.0.2272.96 Mobile Safari/537.36 (compatible; Googlebot/2.1; +http://www.google.com/bot.html)" "13122"
14.143.171.118 - - [11/Apr/2020:17:43:06 +0000] "GET /printer/get_orders?printer_name=fedex+printer HTTP/1.0" 200 3 "-" "python-requests/2.11.1" "9867"
116.75.160.32 - - [11/Apr/2020:17:43:56 +0000] "GET / HTTP/1.0" 302 263 "-" "Mozilla/5.0 (Macintosh; Intel Mac OS X 10_15_4) AppleWebKit/605.1.15 (KHTML, like Gecko) Version/13.1 Safari/605.1.15" "6327"
116.75.160.32 - - [11/Apr/2020:17:43:57 +0000] "GET /gb/ HTTP/1.0" 200 20947 "-" "Mozilla/5.0 (Macintosh; Intel Mac OS X 10_15_4) AppleWebKit/605.1.15 (KHTML, like Gecko) Version/13.1 Safari/605.1.15" "64871"
116.75.160.32 - - [11/Apr/2020:17:43:57 +0000] "POST /cart/update HTTP/1.0" 200 5850 "https://www.marchtee.com/gb/" "Mozilla/5.0 (Macintosh; Intel Mac OS X 10_15_4) AppleWebKit/605.1.15 (KHTML, like Gecko) Version/13.1 Safari/605.1.15" "151464"
116.75.160.32 - - [11/Apr/2020:17:44:00 +0000] "GET /gb/care HTTP/1.0" 200 25269 "https://www.marchtee.com/gb/" "Mozilla/5.0 (Macintosh; Intel Mac OS X 10_15_4) AppleWebKit/605.1.15 (KHTML, like Gecko) Version/13.1 Safari/605.1.15" "66885"
116.75.160.32 - - [11/Apr/2020:17:44:01 +0000] "POST /cart/update HTTP/1.0" 200 5850 "https://www.marchtee.com/gb/care" "Mozilla/5.0 (Macintosh; Intel Mac OS X 10_15_4) AppleWebKit/605.1.15 (KHTML, like Gecko) Version/13.1 Safari/605.1.15" "149665"
14.143.171.118 - - [11/Apr/2020:17:44:05 +0000] "GET /printer/get_orders?printer_name=fedex+printer HTTP/1.0" 200 3 "-" "python-requests/2.11.1" "10244"
116.75.160.32 - - [11/Apr/2020:17:44:06 +0000] "GET /gb/ HTTP/1.0" 200 20947 "-" "Mozilla/5.0 (Macintosh; Intel Mac OS X 10_15_4) AppleWebKit/605.1.15 (KHTML, like Gecko) Version/13.1 Safari/605.1.15" "64126"
116.75.160.32 - - [11/Apr/2020:17:44:07 +0000] "GET /gb/order/123 HTTP/1.0" 404 15877 "-" "Mozilla/5.0 (Macintosh; Intel Mac OS X 10_15_4) AppleWebKit/605.1.15 (KHTML, like Gecko) Version/13.1 Safari/605.1.15" "12859"
116.75.160.32 - - [11/Apr/2020:17:44:08 +0000] "POST /cart/update HTTP/1.0" 200 781 "https://www.marchtee.com/gb/order/123" "Mozilla/5.0 (Macintosh; Intel Mac OS X 10_15_4) AppleWebKit/605.1.15 (KHTML, like Gecko) Version/13.1 Safari/605.1.15" "10955"
116.75.160.32 - - [11/Apr/2020:17:44:11 +0000] "GET /gb/terms HTTP/1.0" 200 13456 "https://www.marchtee.com/gb/order/123" "Mozilla/5.0 (Macintosh; Intel Mac OS X 10_15_4) AppleWebKit/605.1.15 (KHTML, like Gecko) Version/13.1 Safari/605.1.15" "19826"
116.75.160.32 - - [11/Apr/2020:17:44:18 +0000] "GET /gb/cart/checkout HTTP/1.0" 302 223 "-" "Mozilla/5.0 (Macintosh; Intel Mac OS X 10_15_4) AppleWebKit/605.1.15 (KHTML, like Gecko) Version/13.1 Safari/605.1.15" "7965"
116.75.160.32 - - [11/Apr/2020:17:44:18 +0000] "GET /gb/company.txt HTTP/1.0" 200 292 "-" "Mozilla/5.0 (Macintosh; Intel Mac OS X 10_15_4) AppleWebKit/605.1.15 (KHTML, like Gecko) Version/13.1 Safari/605.1.15" "7090"
116.75.160.32 - - [11/Apr/2020:17:44:18 +0000] "GET /favicon.ico HTTP/1.0" 302 285 "https://www.marchtee.com/gb/company.txt" "Mozilla/5.0 (Macintosh; Intel Mac OS X 10_15_4) AppleWebKit/605.1.15 (KHTML, like Gecko) Version/13.1 Safari/605.1.15" "6309"
116.75.160.32 - - [11/Apr/2020:17:44:18 +0000] "GET /gb/favicon.ico HTTP/1.0" 404 15877 "https://www.marchtee.com/gb/company.txt" "Mozilla/5.0 (Macintosh; Intel Mac OS X 10_15_4) AppleWebKit/605.1.15 (KHTML, like Gecko) Version/13.1 Safari/605.1.15" "10575"
17.58.102.0 - - [11/Apr/2020:17:44:34 +0000] "GET /terms HTTP/1.0" 200 22230 "-" "Mozilla/5.0 (Macintosh; Intel Mac OS X 10_10_1) AppleWebKit/600.2.5 (KHTML, like Gecko) Version/8.0.2 Safari/600.2.5 (Applebot/0.1; +http://www.apple.com/go/applebot)" "13655"
14.143.171.118 - - [11/Apr/2020:17:45:05 +0000] "GET /printer/get_orders?printer_name=fedex+printer HTTP/1.0" 200 3 "-" "python-requests/2.11.1" "10452"
14.143.171.118 - - [11/Apr/2020:17:46:06 +0000] "GET /printer/get_orders?printer_name=fedex+printer HTTP/1.0" 200 3 "-" "python-requests/2.11.1" "10322"
14.143.171.118 - - [11/Apr/2020:17:47:05 +0000] "GET /printer/get_orders?printer_name=fedex+printer HTTP/1.0" 200 3 "-" "python-requests/2.11.1" "10081"
14.143.171.118 - - [11/Apr/2020:17:48:05 +0000] "GET /printer/get_orders?printer_name=fedex+printer HTTP/1.0" 200 3 "-" "python-requests/2.11.1" "10288"
14.143.171.118 - - [11/Apr/2020:17:49:06 +0000] "GET /printer/get_orders?printer_name=fedex+printer HTTP/1.0" 200 3 "-" "python-requests/2.11.1" "11214"
14.143.171.118 - - [11/Apr/2020:17:50:05 +0000] "GET /printer/get_orders?printer_name=fedex+printer HTTP/1.0" 200 3 "-" "python-requests/2.11.1" "10346"
49.206.4.225 - - [11/Apr/2020:17:50:48 +0000] "GET / HTTP/1.0" 200 5207 "https://www.google.co.in/" "Mozilla/5.0 (iPad; CPU OS 13_3_1 like Mac OS X) AppleWebKit/605.1.15 (KHTML, like Gecko) Version/13.0.5 Mobile/15E148 Safari/604.1" "9282"
14.143.171.118 - - [11/Apr/2020:17:51:06 +0000] "GET /printer/get_orders?printer_name=fedex+printer HTTP/1.0" 200 3 "-" "python-requests/2.11.1" "10467"
14.143.171.118 - - [11/Apr/2020:17:52:05 +0000] "GET /printer/get_orders?printer_name=fedex+printer HTTP/1.0" 200 3 "-" "python-requests/2.11.1" "10247"
66.249.79.208 - - [11/Apr/2020:17:52:11 +0000] "GET /women HTTP/1.0" 302 229 "-" "Mozilla/5.0 (Linux; Android 6.0.1; Nexus 5X Build/MMB29P) AppleWebKit/537.36 (KHTML, like Gecko) Chrome/41.0.2272.96 Mobile Safari/537.36 (compatible; Googlebot/2.1; +http://www.google.com/bot.html)" "11983"
66.249.79.208 - - [11/Apr/2020:17:52:12 +0000] "GET /women/navy HTTP/1.0" 200 5207 "-" "Mozilla/5.0 (Linux; Android 6.0.1; Nexus 5X Build/MMB29P) AppleWebKit/537.36 (KHTML, like Gecko) Chrome/41.0.2272.96 Mobile Safari/537.36 (compatible; Googlebot/2.1; +http://www.google.com/bot.html)" "5993"
14.143.171.118 - - [11/Apr/2020:17:53:05 +0000] "GET /printer/get_orders?printer_name=fedex+printer HTTP/1.0" 200 3 "-" "python-requests/2.11.1" "12634"
116.72.147.239 - - [11/Apr/2020:17:54:01 +0000] "GET /cart/checkout/pay HTTP/1.0" 302 235 "-" "Mozilla/5.0 (Linux; Android 10; SAMSUNG SM-N975F) AppleWebKit/537.36 (KHTML, like Gecko) SamsungBrowser/11.1 Chrome/75.0.3770.143 Mobile Safari/537.36" "5696"
116.72.147.239 - - [11/Apr/2020:17:54:01 +0000] "GET /cart/checkout HTTP/1.0" 200 5207 "-" "Mozilla/5.0 (Linux; Android 10; SAMSUNG SM-N975F) AppleWebKit/537.36 (KHTML, like Gecko) SamsungBrowser/11.1 Chrome/75.0.3770.143 Mobile Safari/537.36" "8407"
14.143.171.118 - - [11/Apr/2020:17:54:05 +0000] "GET /printer/get_orders?printer_name=fedex+printer HTTP/1.0" 200 3 "-" "python-requests/2.11.1" "10250"
14.143.171.118 - - [11/Apr/2020:17:55:05 +0000] "GET /printer/get_orders?printer_name=fedex+printer HTTP/1.0" 200 3 "-" "python-requests/2.11.1" "10048"
14.143.171.118 - - [11/Apr/2020:17:56:05 +0000] "GET /printer/get_orders?printer_name=fedex+printer HTTP/1.0" 200 3 "-" "python-requests/2.11.1" "10047"
107.181.177.137 - - [11/Apr/2020:17:57:01 +0000] "GET / HTTP/1.0" 200 5207 "-" "Mozilla/5.0 (Windows NT 10.0; Win64; x64) AppleWebKit/537.36 (KHTML, like Gecko) Chrome/80.0.3987.163 Safari/537.36" "14186"
14.143.171.118 - - [11/Apr/2020:17:57:06 +0000] "GET /printer/get_orders?printer_name=fedex+printer HTTP/1.0" 200 3 "-" "python-requests/2.11.1" "10150"
14.143.171.118 - - [11/Apr/2020:17:58:06 +0000] "GET /printer/get_orders?printer_name=fedex+printer HTTP/1.0" 200 3 "-" "python-requests/2.11.1" "10127"
14.143.171.118 - - [11/Apr/2020:17:59:06 +0000] "GET /printer/get_orders?printer_name=fedex+printer HTTP/1.0" 200 3 "-" "python-requests/2.11.1" "10139"
14.143.171.118 - - [11/Apr/2020:18:00:06 +0000] "GET /printer/get_orders?printer_name=fedex+printer HTTP/1.0" 200 3 "-" "python-requests/2.11.1" "10039"
14.143.171.118 - - [11/Apr/2020:18:01:06 +0000] "GET /printer/get_orders?printer_name=fedex+printer HTTP/1.0" 200 3 "-" "python-requests/2.11.1" "10775"
14.143.171.118 - - [11/Apr/2020:18:02:06 +0000] "GET /printer/get_orders?printer_name=fedex+printer HTTP/1.0" 200 3 "-" "python-requests/2.11.1" "10208"
66.249.79.210 - - [11/Apr/2020:18:02:18 +0000] "GET /gb/hammo/men/oatmeal HTTP/1.0" 200 65322 "-" "Mozilla/5.0 (compatible; Googlebot/2.1; +http://www.google.com/bot.html)" "534468"
47.8.168.9 - - [11/Apr/2020:18:02:37 +0000] "GET /hammo/men/blue HTTP/1.0" 200 5207 "-" "Mozilla/5.0 (iPhone; CPU iPhone OS 13_3 like Mac OS X) AppleWebKit/605.1.15 (KHTML, like Gecko) CriOS/80.0.3987.95 Mobile/15E148 Safari/604.1" "10245"
14.143.171.118 - - [11/Apr/2020:18:03:06 +0000] "GET /printer/get_orders?printer_name=fedex+printer HTTP/1.0" 200 3 "-" "python-requests/2.11.1" "9859"
47.247.186.185 - - [11/Apr/2020:18:04:01 +0000] "GET /in/order/OG4GP4 HTTP/1.0" 302 281 "-" "Mozilla/5.0 (Windows NT 6.3; Win64; x64) AppleWebKit/537.36 (KHTML, like Gecko) Chrome/80.0.3987.163 Safari/537.36" "5056"
47.247.186.185 - - [11/Apr/2020:18:04:02 +0000] "GET /order/OG4GP4 HTTP/1.0" 200 27469 "-" "Mozilla/5.0 (Windows NT 6.3; Win64; x64) AppleWebKit/537.36 (KHTML, like Gecko) Chrome/80.0.3987.163 Safari/537.36" "334331"
14.143.171.118 - - [11/Apr/2020:18:04:06 +0000] "GET /printer/get_orders?printer_name=fedex+printer HTTP/1.0" 200 3 "-" "python-requests/2.11.1" "10048"
14.143.171.118 - - [11/Apr/2020:18:05:06 +0000] "GET /printer/get_orders?printer_name=fedex+printer HTTP/1.0" 200 3 "-" "python-requests/2.11.1" "10045"
45.112.20.72 - - [11/Apr/2020:18:05:16 +0000] "POST /cart/update HTTP/1.0" 200 778 "https://www.marchtee.com/unit/features" "Mozilla/5.0 (Linux; Android 10; RMX1971) AppleWebKit/537.36 (KHTML, like Gecko) Chrome/80.0.3987.162 Mobile Safari/537.36" "8663"
14.143.171.118 - - [11/Apr/2020:18:06:06 +0000] "GET /printer/get_orders?printer_name=fedex+printer HTTP/1.0" 200 3 "-" "python-requests/2.11.1" "10273"
14.143.171.118 - - [11/Apr/2020:18:07:06 +0000] "GET /printer/get_orders?printer_name=fedex+printer HTTP/1.0" 200 3 "-" "python-requests/2.11.1" "10174"
43.250.165.125 - - [11/Apr/2020:18:07:10 +0000] "GET / HTTP/1.0" 200 5207 "-" "Mozilla/5.0 (Macintosh; Intel Mac OS X 10_15_3) AppleWebKit/605.1.15 (KHTML, like Gecko) Version/13.0.5 Safari/605.1.15" "5939"
122.164.16.130 - - [11/Apr/2020:18:07:44 +0000] "GET / HTTP/1.0" 200 5207 "-" "Mozilla/5.0 (Linux; Android 10; SAMSUNG SM-G973F) AppleWebKit/537.36 (KHTML, like Gecko) SamsungBrowser/11.1 Chrome/75.0.3770.143 Mobile Safari/537.36" "6250"
122.164.16.130 - - [11/Apr/2020:18:07:46 +0000] "GET / HTTP/1.0" 200 5207 "-" "Mozilla/5.0 (Linux; Android 10; SAMSUNG SM-G973F) AppleWebKit/537.36 (KHTML, like Gecko) SamsungBrowser/11.1 Chrome/75.0.3770.143 Mobile Safari/537.36" "6211"
14.143.171.118 - - [11/Apr/2020:18:08:06 +0000] "GET /printer/get_orders?printer_name=fedex+printer HTTP/1.0" 200 3 "-" "python-requests/2.11.1" "10002"
14.143.171.118 - - [11/Apr/2020:18:09:06 +0000] "GET /printer/get_orders?printer_name=fedex+printer HTTP/1.0" 200 3 "-" "python-requests/2.11.1" "10098"
14.143.171.118 - - [11/Apr/2020:18:10:06 +0000] "GET /printer/get_orders?printer_name=fedex+printer HTTP/1.0" 200 3 "-" "python-requests/2.11.1" "10449"
14.143.171.118 - - [11/Apr/2020:18:11:06 +0000] "GET /printer/get_orders?printer_name=fedex+printer HTTP/1.0" 200 3 "-" "python-requests/2.11.1" "10165"
14.143.171.118 - - [11/Apr/2020:18:12:06 +0000] "GET /printer/get_orders?printer_name=fedex+printer HTTP/1.0" 200 3 "-" "python-requests/2.11.1" "10035"
17.58.102.0 - - [11/Apr/2020:18:12:39 +0000] "GET /men/specials HTTP/1.0" 200 5207 "-" "Mozilla/5.0 (Macintosh; Intel Mac OS X 10_10_1) AppleWebKit/600.2.5 (KHTML, like Gecko) Version/8.0.2 Safari/600.2.5 (Applebot/0.1; +http://www.apple.com/go/applebot)" "7914"
14.143.171.118 - - [11/Apr/2020:18:13:06 +0000] "GET /printer/get_orders?printer_name=fedex+printer HTTP/1.0" 200 3 "-" "python-requests/2.11.1" "10448"
14.143.171.118 - - [11/Apr/2020:18:14:06 +0000] "GET /printer/get_orders?printer_name=fedex+printer HTTP/1.0" 200 3 "-" "python-requests/2.11.1" "10323"
14.143.171.118 - - [11/Apr/2020:18:15:06 +0000] "GET /printer/get_orders?printer_name=fedex+printer HTTP/1.0" 200 3 "-" "python-requests/2.11.1" "10109"
42.108.161.123 - - [11/Apr/2020:18:15:15 +0000] "GET /cart/checkout/pay HTTP/1.0" 302 235 "-" "Mozilla/5.0 (Linux; Android 9; SAMSUNG SM-J810GF) AppleWebKit/537.36 (KHTML, like Gecko) SamsungBrowser/11.1 Chrome/75.0.3770.143 Mobile Safari/537.36" "6331"
42.108.161.123 - - [11/Apr/2020:18:15:16 +0000] "GET /cart/checkout HTTP/1.0" 200 5207 "-" "Mozilla/5.0 (Linux; Android 9; SAMSUNG SM-J810GF) AppleWebKit/537.36 (KHTML, like Gecko) SamsungBrowser/11.1 Chrome/75.0.3770.143 Mobile Safari/537.36" "8702"
77.75.77.95 - - [11/Apr/2020:18:15:23 +0000] "GET /robots.txt HTTP/1.0" 404 14008 "-" "Mozilla/5.0 (compatible; SeznamBot/3.2; +http://napoveda.seznam.cz/en/seznambot-intro/)" "13623"
77.75.77.95 - - [11/Apr/2020:18:15:23 +0000] "GET /features HTTP/1.0" 200 20443 "-" "Mozilla/5.0 (compatible; SeznamBot/3.2; +http://napoveda.seznam.cz/en/seznambot-intro/)" "16436"
14.143.171.118 - - [11/Apr/2020:18:16:06 +0000] "GET /printer/get_orders?printer_name=fedex+printer HTTP/1.0" 200 3 "-" "python-requests/2.11.1" "10292"
49.36.76.54 - - [11/Apr/2020:18:16:22 +0000] "GET /favicon.ico HTTP/1.0" 404 14008 "-" "Mozilla/5.0 (iPhone; CPU OS 13_3_1 like Mac OS X) AppleWebKit/605.1.15 (KHTML, like Gecko) FxiOS/23.0  Mobile/15E148 Safari/605.1.15" "9342"
14.143.171.118 - - [11/Apr/2020:18:17:06 +0000] "GET /printer/get_orders?printer_name=fedex+printer HTTP/1.0" 200 3 "-" "python-requests/2.11.1" "10368"
14.143.171.118 - - [11/Apr/2020:18:18:06 +0000] "GET /printer/get_orders?printer_name=fedex+printer HTTP/1.0" 200 3 "-" "python-requests/2.11.1" "10217"
77.75.76.165, 89.187.169.86 - - [11/Apr/2020:18:18:15 +0000] "GET /robots.txt HTTP/1.0" 404 14008 "-" "Mozilla/5.0 (compatible; SeznamBot/3.2; +http://napoveda.seznam.cz/en/seznambot-intro/)" "8410"
103.131.71.50 - - [11/Apr/2020:18:18:26 +0000] "GET /robots.txt HTTP/1.0" 404 14008 "-" "Mozilla/5.0 (compatible; coccocbot-image/1.0; +http://help.coccoc.com/searchengine)" "9264"
14.143.171.118 - - [11/Apr/2020:18:19:06 +0000] "GET /printer/get_orders?printer_name=fedex+printer HTTP/1.0" 200 3 "-" "python-requests/2.11.1" "10128"
14.143.171.118 - - [11/Apr/2020:18:20:06 +0000] "GET /printer/get_orders?printer_name=fedex+printer HTTP/1.0" 200 3 "-" "python-requests/2.11.1" "10421"
14.143.171.118 - - [11/Apr/2020:18:21:06 +0000] "GET /printer/get_orders?printer_name=fedex+printer HTTP/1.0" 200 3 "-" "python-requests/2.11.1" "10034"
47.8.41.107 - - [11/Apr/2020:18:21:21 +0000] "GET / HTTP/1.0" 200 5207 "-" "Mozilla/5.0 (Linux; Android 8.1.0; Moto G (4)) AppleWebKit/537.36 (KHTML, like Gecko) Chrome/80.0.3987.132 Mobile Safari/537.36" "7492"
157.41.56.39 - - [11/Apr/2020:18:21:32 +0000] "GET / HTTP/1.0" 200 5207 "-" "Mozilla/5.0 (Linux; Android 9; Nokia 5.1 Plus Build/PPR1.180610.011) AppleWebKit/537.36 (KHTML, like Gecko) Chrome/80.0.3987.162 Mobile Safari/537.36" "13481"
2409:4062:2084:d2db::1fd3:40a4, 64.233.172.210 - - [11/Apr/2020:18:21:33 +0000] "GET / HTTP/1.0" 200 5207 "-" "Mozilla/5.0 (Linux; Android 4.2.1; en-us; Nexus 5 Build/JOP40D) AppleWebKit/535.19 (KHTML, like Gecko; googleweblight) Chrome/38.0.1025.166 Mobile Safari/535.19" "14587"
64.233.173.81 - - [11/Apr/2020:18:21:36 +0000] "GET / HTTP/1.0" 200 5207 "-" "Mozilla/5.0 (X11; Linux x86_64) AppleWebKit/537.36 (KHTML, like Gecko) Chrome/41.0.2272.118 Safari/537.36 (compatible; Google-Read-Aloud; +https://support.google.com/webmasters/answer/1061943)" "11211"
64.233.173.81 - - [11/Apr/2020:18:21:36 +0000] "GET / HTTP/1.0" 200 5207 "-" "Mozilla/5.0 (X11; Linux x86_64) AppleWebKit/537.36 (KHTML, like Gecko) Chrome/41.0.2272.118 Safari/537.36 (compatible; Google-Read-Aloud; +https://support.google.com/webmasters/answer/1061943)" "8240"
14.143.171.118 - - [11/Apr/2020:18:22:06 +0000] "GET /printer/get_orders?printer_name=fedex+printer HTTP/1.0" 200 3 "-" "python-requests/2.11.1" "10237"
66.249.79.211 - - [11/Apr/2020:18:22:08 +0000] "GET /blog/sahil HTTP/1.0" 200 18571 "-" "Mozilla/5.0 (Linux; Android 6.0.1; Nexus 5X Build/MMB29P) AppleWebKit/537.36 (KHTML, like Gecko) Chrome/41.0.2272.96 Mobile Safari/537.36 (compatible; Googlebot/2.1; +http://www.google.com/bot.html)" "18359"
66.249.79.211 - - [11/Apr/2020:18:23:00 +0000] "GET / HTTP/1.0" 200 5207 "-" "Mozilla/5.0 (Linux; Android 6.0.1; Nexus 5X Build/MMB29P) AppleWebKit/537.36 (KHTML, like Gecko) Chrome/41.0.2272.96 Mobile Safari/537.36 (compatible; Googlebot/2.1; +http://www.google.com/bot.html)" "7700"
14.143.171.118 - - [11/Apr/2020:18:23:05 +0000] "GET /printer/get_orders?printer_name=fedex+printer HTTP/1.0" 200 3 "-" "python-requests/2.11.1" "10156"
14.143.171.118 - - [11/Apr/2020:18:24:05 +0000] "GET /printer/get_orders?printer_name=fedex+printer HTTP/1.0" 200 3 "-" "python-requests/2.11.1" "10249"
94.23.238.218, 85.115.60.201 - - [11/Apr/2020:18:24:34 +0000] "GET / HTTP/1.0" 200 5207 "-" "curl/7.16.4 (x86_64-pc-linux-gnu) libcurl/7.16.4 OpenSSL/0.9.8o zlib/1.2.3" "14980"
14.143.171.118 - - [11/Apr/2020:18:25:05 +0000] "GET /printer/get_orders?printer_name=fedex+printer HTTP/1.0" 200 3 "-" "python-requests/2.11.1" "10144"
157.41.56.39 - - [11/Apr/2020:18:25:29 +0000] "GET / HTTP/1.0" 200 5207 "https://l.instagram.com/" "Mozilla/5.0 (Linux; Android 9; Nokia 5.1 Plus Build/PPR1.180610.011; wv) AppleWebKit/537.36 (KHTML, like Gecko) Version/4.0 Chrome/80.0.3987.162 Mobile Safari/537.36 Instagram 136.0.0.34.124 Android (28/9; 320dpi; 720x1362; HMD Global/Nokia; Nokia 5.1 Plus; PDA_sprout; mt6771; en_IN; 208061739)" "8000"
14.143.171.118 - - [11/Apr/2020:18:26:05 +0000] "GET /printer/get_orders?printer_name=fedex+printer HTTP/1.0" 200 3 "-" "python-requests/2.11.1" "10300"
14.143.171.118 - - [11/Apr/2020:18:27:05 +0000] "GET /printer/get_orders?printer_name=fedex+printer HTTP/1.0" 200 3 "-" "python-requests/2.11.1" "10046"
14.143.171.118 - - [11/Apr/2020:18:28:06 +0000] "GET /printer/get_orders?printer_name=fedex+printer HTTP/1.0" 200 3 "-" "python-requests/2.11.1" "10310"
45.147.228.109 - - [11/Apr/2020:18:29:03 +0000] "GET /dana-na/auth/url_default/welcome.cgi HTTP/1.0" 404 14008 "-" "Mozilla/4.0 (compatible; MSIE 6.0; Windows NT 5.1; SV1)" "8428"
14.143.171.118 - - [11/Apr/2020:18:29:06 +0000] "GET /printer/get_orders?printer_name=fedex+printer HTTP/1.0" 200 3 "-" "python-requests/2.11.1" "10449"
27.56.225.132 - - [11/Apr/2020:18:29:32 +0000] "GET / HTTP/1.0" 200 5207 "https://l.instagram.com/?u=https%3A%2F%2Fwww.marchtee.com%2F&e=ATOBKJha88iI5MuHaqWhcWs22VkFDOBaIlVLukSfycOwD0ACQaD-nZwOeVvhf8Nljx8nLJT5ONPLFbx-&s=1" "Mozilla/5.0 (iPhone; CPU iPhone OS 13_4_1 like Mac OS X) AppleWebKit/605.1.15 (KHTML, like Gecko) Mobile/15E148 Instagram 135.1.0.23.118 (iPhone12,5; iOS 13_4_1; en_IN; en-IN; scale=3.00; 1242x2688; 206833405)" "8230"
106.198.26.227 - - [11/Apr/2020:18:29:47 +0000] "GET /men/black HTTP/1.0" 200 5207 "-" "Mozilla/5.0 (iPhone; CPU iPhone OS 13_3 like Mac OS X) AppleWebKit/605.1.15 (KHTML, like Gecko) CriOS/76.0.3809.123 Mobile/15E148 Safari/605.1" "12919"
14.143.171.118 - - [11/Apr/2020:18:30:06 +0000] "GET /printer/get_orders?printer_name=fedex+printer HTTP/1.0" 200 3 "-" "python-requests/2.11.1" "10521"
103.10.227.226 - - [11/Apr/2020:18:30:36 +0000] "GET / HTTP/1.0" 200 5207 "-" "Mozilla/5.0 (Windows NT 6.3; Win64; x64) AppleWebKit/537.36 (KHTML, like Gecko) Chrome/80.0.3987.163 Safari/537.36" "8129"
31.13.115.7 - - [11/Apr/2020:18:30:52 +0000] "GET /product_catalogue.xml HTTP/1.0" 500 0 "-" "-" "3837"
31.13.115.7 - - [11/Apr/2020:18:30:52 +0000] "GET /product_catalogue.xml HTTP/1.0" 500 0 "-" "-" "4013"
46.229.168.132 - - [11/Apr/2020:18:30:56 +0000] "GET /robots.txt HTTP/1.0" 404 14008 "-" "Mozilla/5.0 (compatible; SemrushBot/6~bl; +http://www.semrush.com/bot.html)" "9436"
46.229.168.162 - - [11/Apr/2020:18:30:57 +0000] "GET /features HTTP/1.0" 200 20443 "-" "Mozilla/5.0 (compatible; SemrushBot/6~bl; +http://www.semrush.com/bot.html)" "10596"
14.143.171.118 - - [11/Apr/2020:18:31:06 +0000] "GET /printer/get_orders?printer_name=fedex+printer HTTP/1.0" 200 3 "-" "python-requests/2.11.1" "10314"
42.106.15.28 - - [11/Apr/2020:18:31:10 +0000] "GET /order/BYJKEX/invoice HTTP/1.0" 200 43461 "-" "Mozilla/5.0 (iPhone; CPU iPhone OS 12_1_4 like Mac OS X) AppleWebKit/605.1.15 (KHTML, like Gecko) Version/12.0 Mobile/15E148 Safari/604.1" "321823"
42.106.15.28 - - [11/Apr/2020:18:31:12 +0000] "GET /apple-touch-icon-120x120-precomposed.png HTTP/1.0" 404 14008 "-" "MobileSafari/604.1 CFNetwork/976 Darwin/18.2.0" "9552"
42.106.15.28 - - [11/Apr/2020:18:31:12 +0000] "GET /apple-touch-icon-120x120.png HTTP/1.0" 404 14008 "-" "MobileSafari/604.1 CFNetwork/976 Darwin/18.2.0" "7864"
42.106.15.28 - - [11/Apr/2020:18:31:12 +0000] "GET /apple-touch-icon-precomposed.png HTTP/1.0" 404 14008 "-" "MobileSafari/604.1 CFNetwork/976 Darwin/18.2.0" "8211"
42.106.15.28 - - [11/Apr/2020:18:31:13 +0000] "GET /apple-touch-icon.png HTTP/1.0" 404 14008 "-" "MobileSafari/604.1 CFNetwork/976 Darwin/18.2.0" "7630"
42.106.15.28 - - [11/Apr/2020:18:31:13 +0000] "GET /favicon.ico HTTP/1.0" 404 14008 "-" "MobileSafari/604.1 CFNetwork/976 Darwin/18.2.0" "7482"
42.106.15.28 - - [11/Apr/2020:18:31:13 +0000] "GET /apple-touch-icon-120x120-precomposed.png HTTP/1.0" 404 14008 "-" "MobileSafari/604.1 CFNetwork/976 Darwin/18.2.0" "10523"
42.106.15.28 - - [11/Apr/2020:18:31:14 +0000] "GET /apple-touch-icon-120x120.png HTTP/1.0" 404 14008 "-" "MobileSafari/604.1 CFNetwork/976 Darwin/18.2.0" "7607"
42.106.15.28 - - [11/Apr/2020:18:31:14 +0000] "GET /apple-touch-icon-precomposed.png HTTP/1.0" 404 14008 "-" "MobileSafari/604.1 CFNetwork/976 Darwin/18.2.0" "7721"
42.106.15.28 - - [11/Apr/2020:18:31:14 +0000] "GET /apple-touch-icon.png HTTP/1.0" 404 14008 "-" "MobileSafari/604.1 CFNetwork/976 Darwin/18.2.0" "7606"
42.106.15.28 - - [11/Apr/2020:18:31:15 +0000] "GET /favicon.ico HTTP/1.0" 404 14008 "-" "MobileSafari/604.1 CFNetwork/976 Darwin/18.2.0" "7669"
14.143.171.118 - - [11/Apr/2020:18:32:06 +0000] "GET /printer/get_orders?printer_name=fedex+printer HTTP/1.0" 200 3 "-" "python-requests/2.11.1" "10520"
66.249.79.209 - - [11/Apr/2020:18:32:20 +0000] "GET /blog/nikita HTTP/1.0" 200 18693 "-" "Mozilla/5.0 (Linux; Android 6.0.1; Nexus 5X Build/MMB29P) AppleWebKit/537.36 (KHTML, like Gecko) Chrome/41.0.2272.96 Mobile Safari/537.36 (compatible; Googlebot/2.1; +http://www.google.com/bot.html)" "19504"
14.143.171.118 - - [11/Apr/2020:18:33:06 +0000] "GET /printer/get_orders?printer_name=fedex+printer HTTP/1.0" 200 3 "-" "python-requests/2.11.1" "10083"
14.143.171.118 - - [11/Apr/2020:18:34:06 +0000] "GET /printer/get_orders?printer_name=fedex+printer HTTP/1.0" 200 3 "-" "python-requests/2.11.1" "10215"
14.96.69.190 - - [11/Apr/2020:18:34:10 +0000] "GET / HTTP/1.0" 200 5207 "-" "Mozilla/5.0 (Macintosh; Intel Mac OS X 10_15_4) AppleWebKit/605.1.15 (KHTML, like Gecko) Version/13.1 Safari/605.1.15" "7095"
14.143.171.118 - - [11/Apr/2020:18:35:06 +0000] "GET /printer/get_orders?printer_name=fedex+printer HTTP/1.0" 200 3 "-" "python-requests/2.11.1" "10801"
14.143.171.118 - - [11/Apr/2020:18:36:06 +0000] "GET /printer/get_orders?printer_name=fedex+printer HTTP/1.0" 200 3 "-" "python-requests/2.11.1" "10435"
14.143.171.118 - - [11/Apr/2020:18:37:06 +0000] "GET /printer/get_orders?printer_name=fedex+printer HTTP/1.0" 200 3 "-" "python-requests/2.11.1" "10503"
103.229.25.13 - - [11/Apr/2020:18:37:33 +0000] "GET / HTTP/1.0" 200 5207 "https://www.google.com/" "Mozilla/5.0 (Macintosh; Intel Mac OS X 10_15_3) AppleWebKit/605.1.15 (KHTML, like Gecko) Version/13.0.5 Safari/605.1.15" "8404"
14.143.171.118 - - [11/Apr/2020:18:38:06 +0000] "GET /printer/get_orders?printer_name=fedex+printer HTTP/1.0" 200 3 "-" "python-requests/2.11.1" "10207"
115.96.126.96 - - [11/Apr/2020:18:38:07 +0000] "GET / HTTP/1.0" 200 5207 "https://www.google.com/" "Mozilla/5.0 (Linux; Android 10; GM1911) AppleWebKit/537.36 (KHTML, like Gecko) Chrome/80.0.3987.162 Mobile Safari/537.36" "10079"
14.143.171.118 - - [11/Apr/2020:18:39:06 +0000] "GET /printer/get_orders?printer_name=fedex+printer HTTP/1.0" 200 3 "-" "python-requests/2.11.1" "10490"
14.143.171.118 - - [11/Apr/2020:18:40:06 +0000] "GET /printer/get_orders?printer_name=fedex+printer HTTP/1.0" 200 3 "-" "python-requests/2.11.1" "10357"
14.143.171.118 - - [11/Apr/2020:18:41:06 +0000] "GET /printer/get_orders?printer_name=fedex+printer HTTP/1.0" 200 3 "-" "python-requests/2.11.1" "10256"
86.150.251.68 - - [11/Apr/2020:18:41:50 +0000] "GET / HTTP/1.0" 302 263 "-" "Mozilla/5.0 (iPhone; CPU iPhone OS 13_3_1 like Mac OS X) AppleWebKit/605.1.15 (KHTML, like Gecko) Version/13.0.5 Mobile/15E148 Safari/604.1" "6252"
86.150.251.68 - - [11/Apr/2020:18:41:50 +0000] "GET /gb/ HTTP/1.0" 200 15985 "-" "Mozilla/5.0 (iPhone; CPU iPhone OS 13_3_1 like Mac OS X) AppleWebKit/605.1.15 (KHTML, like Gecko) Version/13.0.5 Mobile/15E148 Safari/604.1" "14399"
86.150.251.68 - - [11/Apr/2020:18:41:50 +0000] "POST /cart/update HTTP/1.0" 200 781 "https://www.marchtee.com/gb/" "Mozilla/5.0 (iPhone; CPU iPhone OS 13_3_1 like Mac OS X) AppleWebKit/605.1.15 (KHTML, like Gecko) Version/13.0.5 Mobile/15E148 Safari/604.1" "9408"
54.36.149.10 - - [11/Apr/2020:18:42:06 +0000] "GET /robots.txt HTTP/1.0" 404 14008 "-" "Mozilla/5.0 (compatible; AhrefsBot/6.1; +http://ahrefs.com/robot/)" "9289"
14.143.171.118 - - [11/Apr/2020:18:42:06 +0000] "GET /printer/get_orders?printer_name=fedex+printer HTTP/1.0" 200 3 "-" "python-requests/2.11.1" "10416"
106.212.177.11 - - [11/Apr/2020:18:42:11 +0000] "GET / HTTP/1.0" 200 5207 "-" "Mozilla/5.0 (Linux; Android 9; ONEPLUS A5010) AppleWebKit/537.36 (KHTML, like Gecko) Chrome/80.0.3987.162 Mobile Safari/537.36" "7727"
66.249.79.211 - - [11/Apr/2020:18:42:19 +0000] "GET /blog/tejas HTTP/1.0" 200 19344 "-" "Mozilla/5.0 (Linux; Android 6.0.1; Nexus 5X Build/MMB29P) AppleWebKit/537.36 (KHTML, like Gecko) Chrome/41.0.2272.96 Mobile Safari/537.36 (compatible; Googlebot/2.1; +http://www.google.com/bot.html)" "20705"
14.143.171.118 - - [11/Apr/2020:18:43:05 +0000] "GET /printer/get_orders?printer_name=fedex+printer HTTP/1.0" 200 3 "-" "python-requests/2.11.1" "10105"
14.143.171.118 - - [11/Apr/2020:18:44:05 +0000] "GET /printer/get_orders?printer_name=fedex+printer HTTP/1.0" 200 3 "-" "python-requests/2.11.1" "10055"
14.143.171.118 - - [11/Apr/2020:18:45:05 +0000] "GET /printer/get_orders?printer_name=fedex+printer HTTP/1.0" 200 3 "-" "python-requests/2.11.1" "10198"
49.207.56.156 - - [11/Apr/2020:18:45:54 +0000] "GET /by/reward-him6900?utm_source=Rewards&utm_medium=Email&utm_campaign=Rewards_FirstTime HTTP/1.0" 200 5207 "-" "Mozilla/5.0 (iPhone; CPU iPhone OS 13_3_1 like Mac OS X) AppleWebKit/603.1.30 (KHTML, like Gecko) CriOS/59.0.3071.102 Mobile/17D50 Safari/602.1" "6638"
14.143.171.118 - - [11/Apr/2020:18:46:05 +0000] "GET /printer/get_orders?printer_name=fedex+printer HTTP/1.0" 200 3 "-" "python-requests/2.11.1" "10070"
120.59.30.206 - - [11/Apr/2020:18:46:12 +0000] "GET / HTTP/1.0" 200 5207 "-" "Mozilla/5.0 (iPhone; CPU iPhone OS 13_4 like Mac OS X) AppleWebKit/605.1.15 (KHTML, like Gecko) Version/13.1 Mobile/15E148 Safari/604.1" "9153"
14.143.171.118 - - [11/Apr/2020:18:47:06 +0000] "GET /printer/get_orders?printer_name=fedex+printer HTTP/1.0" 200 3 "-" "python-requests/2.11.1" "10200"
14.143.171.118 - - [11/Apr/2020:18:48:06 +0000] "GET /printer/get_orders?printer_name=fedex+printer HTTP/1.0" 200 3 "-" "python-requests/2.11.1" "9980"
14.143.171.118 - - [11/Apr/2020:18:49:06 +0000] "GET /printer/get_orders?printer_name=fedex+printer HTTP/1.0" 200 3 "-" "python-requests/2.11.1" "10194"
14.143.171.118 - - [11/Apr/2020:18:50:06 +0000] "GET /printer/get_orders?printer_name=fedex+printer HTTP/1.0" 200 3 "-" "python-requests/2.11.1" "10227"
14.143.171.118 - - [11/Apr/2020:18:51:06 +0000] "GET /printer/get_orders?printer_name=fedex+printer HTTP/1.0" 200 3 "-" "python-requests/2.11.1" "10250"
116.75.160.32 - - [11/Apr/2020:18:51:49 +0000] "GET /order/BYJKEX HTTP/1.0" 302 287 "-" "Mozilla/5.0 (Macintosh; Intel Mac OS X 10_15_4) AppleWebKit/605.1.15 (KHTML, like Gecko) Version/13.1 Safari/605.1.15" "6739"
116.75.160.32 - - [11/Apr/2020:18:51:49 +0000] "GET /gb/order/BYJKEX HTTP/1.0" 302 287 "-" "Mozilla/5.0 (Macintosh; Intel Mac OS X 10_15_4) AppleWebKit/605.1.15 (KHTML, like Gecko) Version/13.1 Safari/605.1.15" "10418"
116.75.160.32 - - [11/Apr/2020:18:51:49 +0000] "GET /in/order/BYJKEX HTTP/1.0" 302 281 "-" "Mozilla/5.0 (Macintosh; Intel Mac OS X 10_15_4) AppleWebKit/605.1.15 (KHTML, like Gecko) Version/13.1 Safari/605.1.15" "6619"
116.75.160.32 - - [11/Apr/2020:18:51:49 +0000] "GET /order/BYJKEX HTTP/1.0" 200 27666 "-" "Mozilla/5.0 (Macintosh; Intel Mac OS X 10_15_4) AppleWebKit/605.1.15 (KHTML, like Gecko) Version/13.1 Safari/605.1.15" "255724"
116.75.160.32 - - [11/Apr/2020:18:51:51 +0000] "POST /cart/update HTTP/1.0" 200 778 "https://www.marchtee.com/order/BYJKEX" "Mozilla/5.0 (Macintosh; Intel Mac OS X 10_15_4) AppleWebKit/605.1.15 (KHTML, like Gecko) Version/13.1 Safari/605.1.15" "18691"
116.75.160.32 - - [11/Apr/2020:18:51:51 +0000] "GET /cart/shipping_options/382006 HTTP/1.0" 200 878 "https://www.marchtee.com/order/BYJKEX" "Mozilla/5.0 (Macintosh; Intel Mac OS X 10_15_4) AppleWebKit/605.1.15 (KHTML, like Gecko) Version/13.1 Safari/605.1.15" "31224"
14.143.171.118 - - [11/Apr/2020:18:52:06 +0000] "GET /printer/get_orders?printer_name=fedex+printer HTTP/1.0" 200 3 "-" "python-requests/2.11.1" "10534"
116.75.160.32 - - [11/Apr/2020:18:52:08 +0000] "GET /reviews HTTP/1.0" 200 56999 "https://www.marchtee.com/order/BYJKEX" "Mozilla/5.0 (Macintosh; Intel Mac OS X 10_15_4) AppleWebKit/605.1.15 (KHTML, like Gecko) Version/13.1 Safari/605.1.15" "155514"
116.75.160.32 - - [11/Apr/2020:18:52:09 +0000] "POST /cart/update HTTP/1.0" 200 778 "https://www.marchtee.com/reviews" "Mozilla/5.0 (Macintosh; Intel Mac OS X 10_15_4) AppleWebKit/605.1.15 (KHTML, like Gecko) Version/13.1 Safari/605.1.15" "11044"
116.75.160.32 - - [11/Apr/2020:18:52:10 +0000] "GET / HTTP/1.0" 200 5207 "https://www.marchtee.com/reviews" "Mozilla/5.0 (Macintosh; Intel Mac OS X 10_15_4) AppleWebKit/605.1.15 (KHTML, like Gecko) Version/13.1 Safari/605.1.15" "8031"
66.249.79.208 - - [11/Apr/2020:18:52:17 +0000] "GET /men/navy HTTP/1.0" 200 5207 "-" "Mozilla/5.0 (Linux; Android 6.0.1; Nexus 5X Build/MMB29P) AppleWebKit/537.36 (KHTML, like Gecko) Chrome/41.0.2272.96 Mobile Safari/537.36 (compatible; Googlebot/2.1; +http://www.google.com/bot.html)" "8041"
42.106.218.242 - - [11/Apr/2020:18:52:18 +0000] "GET /men HTTP/1.0" 302 227 "-" "Mozilla/5.0 (iPhone; CPU iPhone OS 13_3 like Mac OS X) AppleWebKit/605.1.15 (KHTML, like Gecko) CriOS/80.0.3987.95 Mobile/15E148 Safari/604.1" "11604"
42.106.218.242 - - [11/Apr/2020:18:52:18 +0000] "GET /men/black HTTP/1.0" 200 5207 "-" "Mozilla/5.0 (iPhone; CPU iPhone OS 13_3 like Mac OS X) AppleWebKit/605.1.15 (KHTML, like Gecko) CriOS/80.0.3987.95 Mobile/15E148 Safari/604.1" "6764"
139.167.180.66 - - [11/Apr/2020:18:52:31 +0000] "GET / HTTP/1.0" 200 5207 "https://www.google.com/" "Mozilla/5.0 (Windows NT 10.0; Win64; x64; rv:75.0) Gecko/20100101 Firefox/75.0" "9995"
14.143.171.118 - - [11/Apr/2020:18:53:06 +0000] "GET /printer/get_orders?printer_name=fedex+printer HTTP/1.0" 200 3 "-" "python-requests/2.11.1" "10230"
14.143.171.118 - - [11/Apr/2020:18:54:06 +0000] "GET /printer/get_orders?printer_name=fedex+printer HTTP/1.0" 200 3 "-" "python-requests/2.11.1" "10055"
40.77.167.22 - - [11/Apr/2020:18:54:34 +0000] "GET /women/red HTTP/1.0" 200 5207 "-" "Mozilla/5.0 (compatible; bingbot/2.0; +http://www.bing.com/bingbot.htm)" "9624"
14.143.171.118 - - [11/Apr/2020:18:55:06 +0000] "GET /printer/get_orders?printer_name=fedex+printer HTTP/1.0" 200 3 "-" "python-requests/2.11.1" "10663"
157.55.39.171, 66.11.126.218 - - [11/Apr/2020:18:55:44 +0000] "GET /robots.txt HTTP/1.0" 404 14008 "-" "Mozilla/5.0 (compatible; bingbot/2.0; +http://www.bing.com/bingbot.htm)" "9838"
14.143.171.118 - - [11/Apr/2020:18:56:06 +0000] "GET /printer/get_orders?printer_name=fedex+printer HTTP/1.0" 200 3 "-" "python-requests/2.11.1" "10059"
14.143.171.118 - - [11/Apr/2020:18:57:06 +0000] "GET /printer/get_orders?printer_name=fedex+printer HTTP/1.0" 200 3 "-" "python-requests/2.11.1" "10476"
65.155.30.101 - - [11/Apr/2020:18:57:48 +0000] "GET / HTTP/1.0" 200 5207 "http://www.bing.com/search?q=amazon" "Mozilla/4.0 (compatible; MSIE 8.0; Windows NT 6.1; WOW64; Trident/4.0; SLCC2; .NET CLR 2.0.50727; .NET CLR 3.5.30729; .NET CLR 3.0.30729; Media Center PC 6.0; .NET4.0C; .NET4.0E; InfoPath.2)" "8610"
14.143.171.118 - - [11/Apr/2020:18:58:06 +0000] "GET /printer/get_orders?printer_name=fedex+printer HTTP/1.0" 200 3 "-" "python-requests/2.11.1" "10111"
14.143.171.118 - - [11/Apr/2020:18:59:06 +0000] "GET /printer/get_orders?printer_name=fedex+printer HTTP/1.0" 200 3 "-" "python-requests/2.11.1" "10212"
14.143.171.118 - - [11/Apr/2020:19:00:06 +0000] "GET /printer/get_orders?printer_name=fedex+printer HTTP/1.0" 200 3 "-" "python-requests/2.11.1" "10354"
117.196.85.47 - - [11/Apr/2020:19:00:17 +0000] "GET / HTTP/1.0" 200 5207 "-" "Mozilla/5.0 (Linux; Android 9; moto x4) AppleWebKit/537.36 (KHTML, like Gecko) Chrome/80.0.3987.162 Mobile Safari/537.36" "8445"
14.143.171.118 - - [11/Apr/2020:19:01:06 +0000] "GET /printer/get_orders?printer_name=fedex+printer HTTP/1.0" 200 3 "-" "python-requests/2.11.1" "11126"
14.143.171.118 - - [11/Apr/2020:19:02:06 +0000] "GET /printer/get_orders?printer_name=fedex+printer HTTP/1.0" 200 3 "-" "python-requests/2.11.1" "9977"
66.249.79.210 - - [11/Apr/2020:19:02:37 +0000] "GET /blog/ishaan HTTP/1.0" 200 17689 "-" "Mozilla/5.0 (Linux; Android 6.0.1; Nexus 5X Build/MMB29P) AppleWebKit/537.36 (KHTML, like Gecko) Chrome/41.0.2272.96 Mobile Safari/537.36 (compatible; Googlebot/2.1; +http://www.google.com/bot.html)" "17818"
14.143.171.118 - - [11/Apr/2020:19:03:06 +0000] "GET /printer/get_orders?printer_name=fedex+printer HTTP/1.0" 200 3 "-" "python-requests/2.11.1" "10283"
107.3.140.145 - - [11/Apr/2020:19:03:19 +0000] "GET / HTTP/1.0" 200 5207 "https://www.google.com/" "Mozilla/5.0 (Macintosh; Intel Mac OS X 10_15_4) AppleWebKit/537.36 (KHTML, like Gecko) Chrome/80.0.3987.163 Safari/537.36" "10579"
107.3.140.145 - - [11/Apr/2020:19:03:20 +0000] "GET / HTTP/1.0" 200 5207 "https://www.google.com/" "Mozilla/5.0 (Macintosh; Intel Mac OS X 10_15_4) AppleWebKit/537.36 (KHTML, like Gecko) Chrome/80.0.3987.163 Safari/537.36" "6093"
14.143.171.118 - - [11/Apr/2020:19:04:06 +0000] "GET /printer/get_orders?printer_name=fedex+printer HTTP/1.0" 200 3 "-" "python-requests/2.11.1" "18657"
116.74.154.84 - - [11/Apr/2020:19:04:39 +0000] "GET / HTTP/1.0" 200 5207 "https://www.google.com/" "Mozilla/5.0 (Windows NT 10.0; Win64; x64) AppleWebKit/537.36 (KHTML, like Gecko) Chrome/80.0.3987.163 Safari/537.36" "8235"
14.143.171.118 - - [11/Apr/2020:19:05:06 +0000] "GET /printer/get_orders?printer_name=fedex+printer HTTP/1.0" 200 3 "-" "python-requests/2.11.1" "9949"
14.143.171.118 - - [11/Apr/2020:19:06:06 +0000] "GET /printer/get_orders?printer_name=fedex+printer HTTP/1.0" 200 3 "-" "python-requests/2.11.1" "9960"
49.248.114.34 - - [11/Apr/2020:19:07:06 +0000] "GET /printer/get_orders?printer_name=fedex+printer HTTP/1.0" 200 3 "-" "python-requests/2.11.1" "11212"
207.180.255.81 - - [11/Apr/2020:19:07:34 +0000] "GET / HTTP/1.0" 200 5207 "-" "Mozilla/5.0 (Windows NT 10.0; Win64; x64) AppleWebKit/537.36 (KHTML, like Gecko) Chrome/71.0.3578.98 Safari/537.36" "21552"
157.55.39.119 - - [11/Apr/2020:19:07:40 +0000] "GET /robots.txt HTTP/1.0" 404 14008 "-" "msnbot/2.0b (+http://search.msn.com/msnbot.htm)" "9051"
14.143.171.118 - - [11/Apr/2020:19:08:06 +0000] "GET /printer/get_orders?printer_name=fedex+printer HTTP/1.0" 200 3 "-" "python-requests/2.11.1" "10367"
115.99.81.38 - - [11/Apr/2020:19:08:10 +0000] "GET / HTTP/1.0" 200 5207 "-" "Mozilla/5.0 (iPhone; CPU iPhone OS 13_1 like Mac OS X) AppleWebKit/605.1.15 (KHTML, like Gecko) CriOS/80.0.3987.95 Mobile/15E148 Safari/604.1" "6717"
115.99.81.38 - - [11/Apr/2020:19:08:14 +0000] "GET / HTTP/1.0" 200 5207 "-" "Mozilla/5.0 (iPhone; CPU iPhone OS 13_1 like Mac OS X) AppleWebKit/605.1.15 (KHTML, like Gecko) CriOS/80.0.3987.95 Mobile/15E148 Safari/604.1" "6256"
115.99.81.38 - - [11/Apr/2020:19:08:14 +0000] "GET / HTTP/1.0" 200 5207 "-" "Mozilla/5.0 (iPhone; CPU iPhone OS 13_1 like Mac OS X) AppleWebKit/605.1.15 (KHTML, like Gecko) CriOS/80.0.3987.95 Mobile/15E148 Safari/604.1" "6337"
14.143.171.118 - - [11/Apr/2020:19:09:06 +0000] "GET /printer/get_orders?printer_name=fedex+printer HTTP/1.0" 200 3 "-" "python-requests/2.11.1" "10385"
14.143.171.118 - - [11/Apr/2020:19:10:06 +0000] "GET /printer/get_orders?printer_name=fedex+printer HTTP/1.0" 200 3 "-" "python-requests/2.11.1" "9996"
112.196.185.52 - - [11/Apr/2020:19:10:44 +0000] "GET / HTTP/1.0" 200 5207 "-" "Mozilla/5.0 (iPhone; CPU iPhone OS 13_3 like Mac OS X) AppleWebKit/605.1.15 (KHTML, like Gecko) Version/13.0.4 Mobile/15E148 Safari/604.1" "7149"
173.230.126.47 - - [11/Apr/2020:19:10:54 +0000] "GET / HTTP/1.0" 200 5207 "-" "Mozilla/5.0 (Macintosh; Intel Mac OS X 10_14_6) AppleWebKit/605.1.15 (KHTML, like Gecko) Version/13.0.5 Safari/605.1.15" "6442"
14.143.171.118 - - [11/Apr/2020:19:11:06 +0000] "GET /printer/get_orders?printer_name=fedex+printer HTTP/1.0" 200 3 "-" "python-requests/2.11.1" "10077"
14.143.171.118 - - [11/Apr/2020:19:12:06 +0000] "GET /printer/get_orders?printer_name=fedex+printer HTTP/1.0" 200 3 "-" "python-requests/2.11.1" "10100"
66.249.79.208 - - [11/Apr/2020:19:12:38 +0000] "GET /about HTTP/1.0" 200 15350 "-" "Mozilla/5.0 (compatible; Googlebot/2.1; +http://www.google.com/bot.html)" "19734"
14.143.171.118 - - [11/Apr/2020:19:13:06 +0000] "GET /printer/get_orders?printer_name=fedex+printer HTTP/1.0" 200 3 "-" "python-requests/2.11.1" "10317"
183.82.82.123 - - [11/Apr/2020:19:13:26 +0000] "GET / HTTP/1.0" 200 5207 "-" "Mozilla/5.0 (Linux; Android 10; Pixel 2 XL) AppleWebKit/537.36 (KHTML, like Gecko) Chrome/80.0.3987.162 Mobile Safari/537.36" "12617"
183.82.82.123 - - [11/Apr/2020:19:13:31 +0000] "GET / HTTP/1.0" 200 5207 "-" "Mozilla/5.0 (Linux; Android 10; Pixel 2 XL) AppleWebKit/537.36 (KHTML, like Gecko) Chrome/80.0.3987.162 Mobile Safari/537.36" "7173"
183.82.82.123 - - [11/Apr/2020:19:13:36 +0000] "GET / HTTP/1.0" 200 5207 "-" "Mozilla/5.0 (Linux; Android 10; Pixel 2 XL) AppleWebKit/537.36 (KHTML, like Gecko) Chrome/80.0.3987.162 Mobile Safari/537.36" "7268"
183.82.82.123 - - [11/Apr/2020:19:13:38 +0000] "GET / HTTP/1.0" 200 5207 "-" "Mozilla/5.0 (X11; Linux x86_64) AppleWebKit/537.36 (KHTML, like Gecko) Chrome/80.0.3987.162 Safari/537.36" "7463"
183.82.82.123 - - [11/Apr/2020:19:13:39 +0000] "GET / HTTP/1.0" 200 5207 "-" "Mozilla/5.0 (X11; Linux x86_64) AppleWebKit/537.36 (KHTML, like Gecko) Chrome/80.0.3987.162 Safari/537.36" "7332"
183.82.82.123 - - [11/Apr/2020:19:13:49 +0000] "GET / HTTP/1.0" 200 5207 "-" "Mozilla/5.0 (X11; Linux x86_64) AppleWebKit/537.36 (KHTML, like Gecko) Chrome/80.0.3987.162 Safari/537.36" "7199"
183.82.82.123 - - [11/Apr/2020:19:13:55 +0000] "GET / HTTP/1.0" 200 5207 "-" "Mozilla/5.0 (Linux; Android 10; Pixel 2 XL) AppleWebKit/537.36 (KHTML, like Gecko) Chrome/80.0.3987.162 Mobile Safari/537.36" "8294"
14.143.171.118 - - [11/Apr/2020:19:14:06 +0000] "GET /printer/get_orders?printer_name=fedex+printer HTTP/1.0" 200 3 "-" "python-requests/2.11.1" "10391"
14.143.171.118 - - [11/Apr/2020:19:15:06 +0000] "GET /printer/get_orders?printer_name=fedex+printer HTTP/1.0" 200 3 "-" "python-requests/2.11.1" "10455"
14.143.171.118 - - [11/Apr/2020:19:16:06 +0000] "GET /printer/get_orders?printer_name=fedex+printer HTTP/1.0" 200 3 "-" "python-requests/2.11.1" "10394"
106.198.246.39 - - [11/Apr/2020:19:16:48 +0000] "GET / HTTP/1.0" 200 5207 "https://www.google.com/" "Mozilla/5.0 (Linux; Android 10; ONEPLUS A6000) AppleWebKit/537.36 (KHTML, like Gecko) Chrome/80.0.3987.162 Mobile Safari/537.36" "6718"
14.143.171.118 - - [11/Apr/2020:19:17:06 +0000] "GET /printer/get_orders?printer_name=fedex+printer HTTP/1.0" 200 3 "-" "python-requests/2.11.1" "10154"
14.143.171.118 - - [11/Apr/2020:19:18:06 +0000] "GET /printer/get_orders?printer_name=fedex+printer HTTP/1.0" 200 3 "-" "python-requests/2.11.1" "10134"
106.51.29.205 - - [11/Apr/2020:19:18:35 +0000] "GET /in/by/reward-joe8846?utm_source=Rewards&utm_medium=Email&utm_campaign=Rewards_Credit HTTP/1.0" 302 435 "-" "Mozilla/5.0 (Linux; Android 9; ONEPLUS A5010) AppleWebKit/537.36 (KHTML, like Gecko) Chrome/81.0.4044.96 Mobile Safari/537.36" "5921"
106.51.29.205 - - [11/Apr/2020:19:18:36 +0000] "GET /by/reward-joe8846?utm_source=Rewards&utm_medium=Email&utm_campaign=Rewards_Credit HTTP/1.0" 200 5207 "-" "Mozilla/5.0 (Linux; Android 9; ONEPLUS A5010) AppleWebKit/537.36 (KHTML, like Gecko) Chrome/81.0.4044.96 Mobile Safari/537.36" "7054"
66.249.79.210 - - [11/Apr/2020:19:18:43 +0000] "GET /archive HTTP/1.0" 404 14008 "-" "Googlebot/2.1 (+http://www.google.com/bot.html)" "8924"
14.143.171.118 - - [11/Apr/2020:19:19:06 +0000] "GET /printer/get_orders?printer_name=fedex+printer HTTP/1.0" 200 3 "-" "python-requests/2.11.1" "10392"
14.143.171.118 - - [11/Apr/2020:19:20:06 +0000] "GET /printer/get_orders?printer_name=fedex+printer HTTP/1.0" 200 3 "-" "python-requests/2.11.1" "10131"
14.143.171.118 - - [11/Apr/2020:19:21:06 +0000] "GET /printer/get_orders?printer_name=fedex+printer HTTP/1.0" 200 3 "-" "python-requests/2.11.1" "10495"
66.249.79.208 - - [11/Apr/2020:19:21:30 +0000] "GET /gb/men/blue HTTP/1.0" 200 73663 "-" "Mozilla/5.0 (Linux; Android 6.0.1; Nexus 5X Build/MMB29P) AppleWebKit/537.36 (KHTML, like Gecko) Chrome/41.0.2272.96 Mobile Safari/537.36 (compatible; Googlebot/2.1; +http://www.google.com/bot.html)" "540860"
14.143.171.118 - - [11/Apr/2020:19:22:06 +0000] "GET /printer/get_orders?printer_name=fedex+printer HTTP/1.0" 200 3 "-" "python-requests/2.11.1" "10165"
14.143.171.118 - - [11/Apr/2020:19:23:06 +0000] "GET /printer/get_orders?printer_name=fedex+printer HTTP/1.0" 200 3 "-" "python-requests/2.11.1" "10191"
14.143.171.118 - - [11/Apr/2020:19:24:06 +0000] "GET /printer/get_orders?printer_name=fedex+printer HTTP/1.0" 200 3 "-" "python-requests/2.11.1" "10170"
14.143.171.118 - - [11/Apr/2020:19:25:06 +0000] "GET /printer/get_orders?printer_name=fedex+printer HTTP/1.0" 200 3 "-" "python-requests/2.11.1" "10279"
14.143.171.118 - - [11/Apr/2020:19:26:06 +0000] "GET /printer/get_orders?printer_name=fedex+printer HTTP/1.0" 200 3 "-" "python-requests/2.11.1" "9996"
137.226.113.20 - - [11/Apr/2020:19:26:52 +0000] "GET / HTTP/1.0" 200 5207 "-" "Mozilla/5.0 (X11; Ubuntu; Linux x86_64; rv:50.0) Gecko/20100101 Firefox/50.0" "9717"
14.143.171.118 - - [11/Apr/2020:19:27:05 +0000] "GET /printer/get_orders?printer_name=fedex+printer HTTP/1.0" 200 3 "-" "python-requests/2.11.1" "10176"
14.143.171.118 - - [11/Apr/2020:19:28:05 +0000] "GET /printer/get_orders?printer_name=fedex+printer HTTP/1.0" 200 3 "-" "python-requests/2.11.1" "10309"
14.143.171.118 - - [11/Apr/2020:19:29:05 +0000] "GET /printer/get_orders?printer_name=fedex+printer HTTP/1.0" 200 3 "-" "python-requests/2.11.1" "10239"
116.74.27.130 - - [11/Apr/2020:19:29:42 +0000] "GET / HTTP/1.0" 200 5207 "-" "Mozilla/5.0 (Macintosh; Intel Mac OS X 10_14_6) AppleWebKit/537.36 (KHTML, like Gecko) Chrome/80.0.3987.149 Safari/537.36" "7987"
84.17.46.224 - - [11/Apr/2020:19:30:04 +0000] "HEAD / HTTP/1.0" 200 0 "-" "-" "8750"
14.143.171.118 - - [11/Apr/2020:19:30:05 +0000] "GET /printer/get_orders?printer_name=fedex+printer HTTP/1.0" 200 3 "-" "python-requests/2.11.1" "10348"
84.17.46.224 - - [11/Apr/2020:19:30:07 +0000] "GET /.git//index HTTP/1.0" 404 14008 "-" "Mozilla/5.0 (iPhone; CPU iPhone OS 6_0 like Mac OS X)" "8896"
14.143.171.118 - - [11/Apr/2020:19:31:06 +0000] "GET /printer/get_orders?printer_name=fedex+printer HTTP/1.0" 200 3 "-" "python-requests/2.11.1" "10525"
54.36.148.120 - - [11/Apr/2020:19:31:19 +0000] "GET /robots.txt HTTP/1.0" 404 14008 "-" "Mozilla/5.0 (compatible; AhrefsBot/6.1; +http://ahrefs.com/robot/)" "9202"
54.36.150.59 - - [11/Apr/2020:19:31:19 +0000] "GET /blog/mustansir HTTP/1.0" 200 17576 "-" "Mozilla/5.0 (compatible; AhrefsBot/6.1; +http://ahrefs.com/robot/)" "17712"
14.143.171.118 - - [11/Apr/2020:19:32:06 +0000] "GET /printer/get_orders?printer_name=fedex+printer HTTP/1.0" 200 3 "-" "python-requests/2.11.1" "10174"
124.123.106.162 - - [11/Apr/2020:19:32:28 +0000] "GET / HTTP/1.0" 200 5207 "-" "Mozilla/5.0 (Linux; Android 9; ONEPLUS A5010) AppleWebKit/537.36 (KHTML, like Gecko) Chrome/81.0.4044.96 Mobile Safari/537.36" "8704"
66.249.79.210 - - [11/Apr/2020:19:32:57 +0000] "GET /blog/sharpener HTTP/1.0" 200 16996 "-" "Mozilla/5.0 (Linux; Android 6.0.1; Nexus 5X Build/MMB29P) AppleWebKit/537.36 (KHTML, like Gecko) Chrome/41.0.2272.96 Mobile Safari/537.36 (compatible; Googlebot/2.1; +http://www.google.com/bot.html)" "16317"
14.143.171.118 - - [11/Apr/2020:19:33:06 +0000] "GET /printer/get_orders?printer_name=fedex+printer HTTP/1.0" 200 3 "-" "python-requests/2.11.1" "9869"
115.99.81.38 - - [11/Apr/2020:19:34:04 +0000] "GET / HTTP/1.0" 200 5207 "-" "Mozilla/5.0 (iPhone; CPU iPhone OS 13_1 like Mac OS X) AppleWebKit/605.1.15 (KHTML, like Gecko) CriOS/80.0.3987.95 Mobile/15E148 Safari/604.1" "6312"
14.143.171.118 - - [11/Apr/2020:19:34:06 +0000] "GET /printer/get_orders?printer_name=fedex+printer HTTP/1.0" 200 3 "-" "python-requests/2.11.1" "10297"
42.111.11.81 - - [11/Apr/2020:19:34:24 +0000] "GET / HTTP/1.0" 200 5207 "https://l.instagram.com/?u=https%3A%2F%2Fwww.marchtee.com%2F&e=ATOxK69ze_dJ8_ll5r2ScjurK6p-o3FU6EHYTKu75JReEXM3dVDEhxSluN6vCZ7RYd1SuQuFHyQKx03n&s=1" "Mozilla/5.0 (iPhone; CPU iPhone OS 13_4 like Mac OS X) AppleWebKit/605.1.15 (KHTML, like Gecko) Mobile/15E148 Instagram 136.0.0.22.123 (iPhone11,2; iOS 13_4; en_IN; en-IN; scale=3.00; 1125x2436; 207451752)" "7218"
42.111.11.81 - - [11/Apr/2020:19:34:46 +0000] "GET / HTTP/1.0" 200 5207 "https://www.marchtee.com/" "Mozilla/5.0 (iPhone; CPU iPhone OS 13_4 like Mac OS X) AppleWebKit/605.1.15 (KHTML, like Gecko) Mobile/15E148 Instagram 136.0.0.22.123 (iPhone11,2; iOS 13_4; en_IN; en-IN; scale=3.00; 1125x2436; 207451752) NW/1" "6316"
14.143.171.118 - - [11/Apr/2020:19:35:06 +0000] "GET /printer/get_orders?printer_name=fedex+printer HTTP/1.0" 200 3 "-" "python-requests/2.11.1" "10141"
14.143.171.118 - - [11/Apr/2020:19:36:06 +0000] "GET /printer/get_orders?printer_name=fedex+printer HTTP/1.0" 200 3 "-" "python-requests/2.11.1" "10252"
14.143.171.118 - - [11/Apr/2020:19:37:06 +0000] "GET /printer/get_orders?printer_name=fedex+printer HTTP/1.0" 200 3 "-" "python-requests/2.11.1" "10351"
86.99.4.136 - - [11/Apr/2020:19:37:58 +0000] "GET / HTTP/1.0" 200 5138 "-" "Mozilla/5.0 (Windows NT 10.0; Win64; x64) AppleWebKit/537.36 (KHTML, like Gecko) Chrome/79.0.3945.74 Safari/537.36" "7974"
14.143.171.118 - - [11/Apr/2020:19:38:06 +0000] "GET /printer/get_orders?printer_name=fedex+printer HTTP/1.0" 200 3 "-" "python-requests/2.11.1" "10562"
14.143.171.118 - - [11/Apr/2020:19:39:06 +0000] "GET /printer/get_orders?printer_name=fedex+printer HTTP/1.0" 200 3 "-" "python-requests/2.11.1" "10092"
14.143.171.118 - - [11/Apr/2020:19:40:06 +0000] "GET /printer/get_orders?printer_name=fedex+printer HTTP/1.0" 200 3 "-" "python-requests/2.11.1" "10347"
14.143.171.118 - - [11/Apr/2020:19:41:06 +0000] "GET /printer/get_orders?printer_name=fedex+printer HTTP/1.0" 200 3 "-" "python-requests/2.11.1" "10132"
103.210.50.250 - - [11/Apr/2020:19:41:53 +0000] "GET / HTTP/1.0" 200 5207 "-" "Mozilla/5.0 (Linux; Android 10; GM1911) AppleWebKit/537.36 (KHTML, like Gecko) Chrome/81.0.4044.96 Mobile Safari/537.36" "6728"
46.229.168.153 - - [11/Apr/2020:19:42:05 +0000] "GET /robots.txt HTTP/1.0" 404 14008 "-" "Mozilla/5.0 (compatible; SemrushBot/6~bl; +http://www.semrush.com/bot.html)" "9088"
14.143.171.118 - - [11/Apr/2020:19:42:06 +0000] "GET /printer/get_orders?printer_name=fedex+printer HTTP/1.0" 200 3 "-" "python-requests/2.11.1" "10105"
46.229.168.130 - - [11/Apr/2020:19:42:06 +0000] "GET /polo/men/mint HTTP/1.0" 200 5207 "-" "Mozilla/5.0 (compatible; SemrushBot/6~bl; +http://www.semrush.com/bot.html)" "8026"
14.143.171.118 - - [11/Apr/2020:19:43:06 +0000] "GET /printer/get_orders?printer_name=fedex+printer HTTP/1.0" 200 3 "-" "python-requests/2.11.1" "10102"
66.249.79.206 - - [11/Apr/2020:19:43:08 +0000] "GET /gb/about HTTP/1.0" 200 17202 "-" "Mozilla/5.0 (Linux; Android 6.0.1; Nexus 5X Build/MMB29P) AppleWebKit/537.36 (KHTML, like Gecko) Chrome/41.0.2272.96 Mobile Safari/537.36 (compatible; Googlebot/2.1; +http://www.google.com/bot.html)" "9000"
14.143.171.118 - - [11/Apr/2020:19:44:06 +0000] "GET /printer/get_orders?printer_name=fedex+printer HTTP/1.0" 200 3 "-" "python-requests/2.11.1" "10051"
14.143.171.118 - - [11/Apr/2020:19:45:06 +0000] "GET /printer/get_orders?printer_name=fedex+printer HTTP/1.0" 200 3 "-" "python-requests/2.11.1" "9902"
60.243.63.217 - - [11/Apr/2020:19:45:40 +0000] "GET / HTTP/1.0" 200 5207 "-" "Mozilla/5.0 (Windows NT 10.0; Win64; x64) AppleWebKit/537.36 (KHTML, like Gecko) Chrome/80.0.3987.163 Safari/537.36" "6731"
