116.75.160.32 - - [11/Apr/2020:17:00:45 +0000] "POST /cart/update HTTP/1.0" 200 4827 "https://www.marchtee.com/gb/men/yellow" "Mozilla/5.0 (Macintosh; Intel Mac OS X 10_15_4) AppleWebKit/605.1.15 (KHTML, like Gecko) Version/13.1 Safari/605.1.15" "327215"
49.35.34.194 - - [11/Apr/2020:17:00:54 +0000] "GET /backstage/now HTTP/1.0" 200 28 "https://www.marchtee.com/backstage/" "Mozilla/5.0 (Macintosh; Intel Mac OS X 10_15_2) AppleWebKit/537.36 (KHTML, like Gecko) Chrome/80.0.3987.163 Safari/537.36" "772295"
49.35.34.194 - - [11/Apr/2020:17:00:55 +0000] "GET /backstage/now HTTP/1.0" 200 28 "https://www.marchtee.com/backstage/" "Mozilla/5.0 (Macintosh; Intel Mac OS X 10_15_2) AppleWebKit/537.36 (KHTML, like Gecko) Chrome/80.0.3987.163 Safari/537.36" "669058"
49.35.34.194 - - [11/Apr/2020:17:00:56 +0000] "GET /backstage/products/ HTTP/1.0" 500 0 "-" "-" "11126"
116.75.160.32 - - [11/Apr/2020:17:00:57 +0000] "POST /cart/update HTTP/1.0" 200 6906 "https://www.marchtee.com/gb/men/denim" "Mozilla/5.0 (Macintosh; Intel Mac OS X 10_15_4) AppleWebKit/605.1.15 (KHTML, like Gecko) Version/13.1 Safari/605.1.15" "691988"
116.75.160.32 - - [11/Apr/2020:17:01:06 +0000] "GET /gb/cart/checkout HTTP/1.0" 200 33485 "https://www.marchtee.com/gb/men/denim" "Mozilla/5.0 (Macintosh; Intel Mac OS X 10_15_4) AppleWebKit/605.1.15 (KHTML, like Gecko) Version/13.1 Safari/605.1.15" "1568442"
14.143.171.118 - - [11/Apr/2020:17:01:06 +0000] "GET /printer/get_orders?printer_name=fedex+printer HTTP/1.0" 200 3 "-" "python-requests/2.11.1" "19858"
66.220.149.10 - - [11/Apr/2020:17:01:51 +0000] "GET /gb/product_catalogue.xml HTTP/1.0" 500 0 "-" "-" "3801"
66.220.149.10 - - [11/Apr/2020:17:01:52 +0000] "GET /gb/product_catalogue.xml HTTP/1.0" 500 0 "-" "-" "3855"
14.143.171.118 - - [11/Apr/2020:17:02:06 +0000] "GET /printer/get_orders?printer_name=fedex+printer HTTP/1.0" 200 3 "-" "python-requests/2.11.1" "10471"
183.82.186.202 - - [11/Apr/2020:17:02:21 +0000] "GET / HTTP/1.0" 200 5207 "https://www.google.com/" "Mozilla/5.0 (Macintosh; Intel Mac OS X 10_13_6) AppleWebKit/537.36 (KHTML, like Gecko) Chrome/80.0.3987.149 Safari/537.36" "17699"
14.143.171.118 - - [11/Apr/2020:17:03:06 +0000] "GET /printer/get_orders?printer_name=fedex+printer HTTP/1.0" 200 3 "-" "python-requests/2.11.1" "11046"
173.252.95.7 - - [11/Apr/2020:17:03:34 +0000] "GET /gb/product_catalogue.xml HTTP/1.0" 500 0 "-" "-" "16881"
173.252.95.7 - - [11/Apr/2020:17:03:35 +0000] "GET /gb/product_catalogue.xml HTTP/1.0" 500 0 "-" "-" "4252"
116.75.160.32 - - [11/Apr/2020:17:03:55 +0000] "GET / HTTP/1.0" 200 5207 "-" "Mozilla/5.0 (Macintosh; Intel Mac OS X 10_15_4) AppleWebKit/605.1.15 (KHTML, like Gecko) Version/13.1 Safari/605.1.15" "7835"
116.75.160.32 - - [11/Apr/2020:17:03:56 +0000] "GET / HTTP/1.0" 200 5207 "-" "Mozilla/5.0 (Macintosh; Intel Mac OS X 10_15_4) AppleWebKit/605.1.15 (KHTML, like Gecko) Version/13.1 Safari/605.1.15" "8112"
106.212.177.11 - - [11/Apr/2020:17:03:57 +0000] "GET / HTTP/1.0" 200 5207 "-" "Mozilla/5.0 (Linux; Android 9; ONEPLUS A5010) AppleWebKit/537.36 (KHTML, like Gecko) Chrome/80.0.3987.162 Mobile Safari/537.36" "11689"
116.75.160.32 - - [11/Apr/2020:17:03:58 +0000] "GET /gb/ HTTP/1.0" 200 20938 "-" "Mozilla/5.0 (Macintosh; Intel Mac OS X 10_15_4) AppleWebKit/605.1.15 (KHTML, like Gecko) Version/13.1 Safari/605.1.15" "65622"
116.75.160.32 - - [11/Apr/2020:17:03:58 +0000] "GET /gb/ HTTP/1.0" 200 20938 "-" "Mozilla/5.0 (Macintosh; Intel Mac OS X 10_15_4) AppleWebKit/605.1.15 (KHTML, like Gecko) Version/13.1 Safari/605.1.15" "67310"
116.75.160.32 - - [11/Apr/2020:17:03:59 +0000] "GET /gb/ HTTP/1.0" 200 20938 "-" "Mozilla/5.0 (Macintosh; Intel Mac OS X 10_15_4) AppleWebKit/605.1.15 (KHTML, like Gecko) Version/13.1 Safari/605.1.15" "66278"
116.75.160.32 - - [11/Apr/2020:17:04:00 +0000] "GET /gb/ HTTP/1.0" 200 20938 "-" "Mozilla/5.0 (Macintosh; Intel Mac OS X 10_15_4) AppleWebKit/605.1.15 (KHTML, like Gecko) Version/13.1 Safari/605.1.15" "63838"
116.75.160.32 - - [11/Apr/2020:17:04:05 +0000] "GET /gb/ HTTP/1.0" 200 20938 "-" "Mozilla/5.0 (Macintosh; Intel Mac OS X 10_15_4) AppleWebKit/605.1.15 (KHTML, like Gecko) Version/13.1 Safari/605.1.15" "125187"
14.143.171.118 - - [11/Apr/2020:17:04:06 +0000] "GET /printer/get_orders?printer_name=fedex+printer HTTP/1.0" 200 3 "-" "python-requests/2.11.1" "16574"
116.75.160.32 - - [11/Apr/2020:17:04:08 +0000] "GET /gb/ HTTP/1.0" 200 15967 "-" "Mozilla/5.0 (Macintosh; Intel Mac OS X 10_15_4) AppleWebKit/605.1.15 (KHTML, like Gecko) Version/13.1 Safari/605.1.15" "9082"
116.75.160.32 - - [11/Apr/2020:17:04:09 +0000] "POST /cart/update HTTP/1.0" 200 781 "https://www.marchtee.com/gb/" "Mozilla/5.0 (Macintosh; Intel Mac OS X 10_15_4) AppleWebKit/605.1.15 (KHTML, like Gecko) Version/13.1 Safari/605.1.15" "17940"
116.75.160.32 - - [11/Apr/2020:17:04:12 +0000] "GET /gb/reviews HTTP/1.0" 200 30448 "https://www.marchtee.com/gb/" "Mozilla/5.0 (Macintosh; Intel Mac OS X 10_15_4) AppleWebKit/605.1.15 (KHTML, like Gecko) Version/13.1 Safari/605.1.15" "87543"
116.75.160.32 - - [11/Apr/2020:17:04:13 +0000] "POST /cart/update HTTP/1.0" 200 781 "https://www.marchtee.com/gb/reviews" "Mozilla/5.0 (Macintosh; Intel Mac OS X 10_15_4) AppleWebKit/605.1.15 (KHTML, like Gecko) Version/13.1 Safari/605.1.15" "14845"
116.75.160.32 - - [11/Apr/2020:17:04:15 +0000] "GET /gb/ HTTP/1.0" 200 20938 "-" "Mozilla/5.0 (Macintosh; Intel Mac OS X 10_15_4) AppleWebKit/605.1.15 (KHTML, like Gecko) Version/13.1 Safari/605.1.15" "119283"
106.212.177.11 - - [11/Apr/2020:17:04:23 +0000] "GET / HTTP/1.0" 200 5207 "-" "Mozilla/5.0 (Linux; Android 9; ONEPLUS A5010) AppleWebKit/537.36 (KHTML, like Gecko) Chrome/80.0.3987.162 Mobile Safari/537.36" "6701"
116.75.160.32 - - [11/Apr/2020:17:04:32 +0000] "GET /gb/ HTTP/1.0" 200 20938 "-" "Mozilla/5.0 (Macintosh; Intel Mac OS X 10_15_4) AppleWebKit/605.1.15 (KHTML, like Gecko) Version/13.1 Safari/605.1.15" "333724"
116.75.160.32 - - [11/Apr/2020:17:04:33 +0000] "POST /cart/update HTTP/1.0" 200 5841 "https://www.marchtee.com/gb/" "Mozilla/5.0 (Macintosh; Intel Mac OS X 10_15_4) AppleWebKit/605.1.15 (KHTML, like Gecko) Version/13.1 Safari/605.1.15" "353627"
116.75.160.32 - - [11/Apr/2020:17:04:36 +0000] "GET /gb/ HTTP/1.0" 200 15967 "-" "Mozilla/5.0 (Macintosh; Intel Mac OS X 10_15_4) AppleWebKit/537.36 (KHTML, like Gecko) Chrome/80.0.3987.163 Safari/537.36" "86623"
116.75.160.32 - - [11/Apr/2020:17:04:37 +0000] "POST /cart/update HTTP/1.0" 200 781 "https://www.marchtee.com/gb/" "Mozilla/5.0 (Macintosh; Intel Mac OS X 10_15_4) AppleWebKit/537.36 (KHTML, like Gecko) Chrome/80.0.3987.163 Safari/537.36" "9208"
116.75.160.32 - - [11/Apr/2020:17:04:38 +0000] "GET /men/yellow HTTP/1.0" 302 283 "https://www.marchtee.com/gb/" "Mozilla/5.0 (Macintosh; Intel Mac OS X 10_15_4) AppleWebKit/537.36 (KHTML, like Gecko) Chrome/80.0.3987.163 Safari/537.36" "6094"
116.75.160.32 - - [11/Apr/2020:17:04:39 +0000] "GET /gb/men/yellow HTTP/1.0" 200 72636 "https://www.marchtee.com/gb/" "Mozilla/5.0 (Macintosh; Intel Mac OS X 10_15_4) AppleWebKit/537.36 (KHTML, like Gecko) Chrome/80.0.3987.163 Safari/537.36" "717072"
116.75.160.32 - - [11/Apr/2020:17:04:40 +0000] "POST /cart/update HTTP/1.0" 200 781 "https://www.marchtee.com/gb/men/yellow" "Mozilla/5.0 (Macintosh; Intel Mac OS X 10_15_4) AppleWebKit/537.36 (KHTML, like Gecko) Chrome/80.0.3987.163 Safari/537.36" "8598"
116.75.160.32 - - [11/Apr/2020:17:04:43 +0000] "POST /cart/update HTTP/1.0" 200 5447 "https://www.marchtee.com/gb/men/yellow" "Mozilla/5.0 (Macintosh; Intel Mac OS X 10_15_4) AppleWebKit/537.36 (KHTML, like Gecko) Chrome/80.0.3987.163 Safari/537.36" "147815"
116.75.160.32 - - [11/Apr/2020:17:04:44 +0000] "GET /gb/cart/checkout HTTP/1.0" 200 32026 "https://www.marchtee.com/gb/men/yellow" "Mozilla/5.0 (Macintosh; Intel Mac OS X 10_15_4) AppleWebKit/537.36 (KHTML, like Gecko) Chrome/80.0.3987.163 Safari/537.36" "902971"
116.75.160.32 - - [11/Apr/2020:17:04:46 +0000] "POST /cart/validate HTTP/1.0" 200 318 "https://www.marchtee.com/gb/cart/checkout" "Mozilla/5.0 (Macintosh; Intel Mac OS X 10_15_4) AppleWebKit/537.36 (KHTML, like Gecko) Chrome/80.0.3987.163 Safari/537.36" "8470"
116.75.160.32 - - [11/Apr/2020:17:04:48 +0000] "GET /favicon.ico HTTP/1.0" 302 285 "https://www.marchtee.com/gb/cart/checkout" "Mozilla/5.0 (Macintosh; Intel Mac OS X 10_15_4) AppleWebKit/537.36 (KHTML, like Gecko) Chrome/80.0.3987.163 Safari/537.36" "5858"
116.75.160.32 - - [11/Apr/2020:17:04:48 +0000] "GET /gb/favicon.ico HTTP/1.0" 404 15877 "https://www.marchtee.com/gb/cart/checkout" "Mozilla/5.0 (Macintosh; Intel Mac OS X 10_15_4) AppleWebKit/537.36 (KHTML, like Gecko) Chrome/80.0.3987.163 Safari/537.36" "11183"
116.75.160.32 - - [11/Apr/2020:17:04:49 +0000] "POST /customer/new HTTP/1.0" 200 20 "https://www.marchtee.com/gb/cart/checkout" "Mozilla/5.0 (Macintosh; Intel Mac OS X 10_15_4) AppleWebKit/537.36 (KHTML, like Gecko) Chrome/80.0.3987.163 Safari/537.36" "7090"
116.75.160.32 - - [11/Apr/2020:17:04:49 +0000] "GET /gb/men/yellow HTTP/1.0" 200 74765 "https://www.marchtee.com/gb/cart/checkout" "Mozilla/5.0 (Macintosh; Intel Mac OS X 10_15_4) AppleWebKit/537.36 (KHTML, like Gecko) Chrome/80.0.3987.163 Safari/537.36" "87583"
116.75.160.32 - - [11/Apr/2020:17:04:50 +0000] "POST /cart/update HTTP/1.0" 200 5447 "https://www.marchtee.com/gb/men/yellow" "Mozilla/5.0 (Macintosh; Intel Mac OS X 10_15_4) AppleWebKit/537.36 (KHTML, like Gecko) Chrome/80.0.3987.163 Safari/537.36" "132744"
116.75.160.32 - - [11/Apr/2020:17:04:53 +0000] "POST /cart/update HTTP/1.0" 200 6905 "https://www.marchtee.com/gb/men/denim" "Mozilla/5.0 (Macintosh; Intel Mac OS X 10_15_4) AppleWebKit/537.36 (KHTML, like Gecko) Chrome/80.0.3987.163 Safari/537.36" "155838"
116.75.160.32 - - [11/Apr/2020:17:04:55 +0000] "POST /cart/update HTTP/1.0" 200 5759 "https://www.marchtee.com/gb/men/denim" "Mozilla/5.0 (Macintosh; Intel Mac OS X 10_15_4) AppleWebKit/537.36 (KHTML, like Gecko) Chrome/80.0.3987.163 Safari/537.36" "155361"
49.35.34.194 - - [11/Apr/2020:17:04:55 +0000] "GET /backstage/detail?group=brick-red&style=men&version=1&type=tee&variant=short HTTP/1.0" 404 14008 "-" "Mozilla/5.0 (Macintosh; Intel Mac OS X 10_15_2) AppleWebKit/537.36 (KHTML, like Gecko) Chrome/80.0.3987.163 Safari/537.36" "17949"
49.35.34.194 - - [11/Apr/2020:17:04:56 +0000] "POST /cart/update HTTP/1.0" 200 778 "https://www.marchtee.com/backstage/detail?group=brick-red&style=men&version=1&type=tee&variant=short" "Mozilla/5.0 (Macintosh; Intel Mac OS X 10_15_2) AppleWebKit/537.36 (KHTML, like Gecko) Chrome/80.0.3987.163 Safari/537.36" "11270"
116.75.160.32 - - [11/Apr/2020:17:04:57 +0000] "GET /gb/cart/checkout HTTP/1.0" 200 34645 "https://www.marchtee.com/gb/men/denim" "Mozilla/5.0 (Macintosh; Intel Mac OS X 10_15_4) AppleWebKit/537.36 (KHTML, like Gecko) Chrome/80.0.3987.163 Safari/537.36" "798545"
116.75.160.32 - - [11/Apr/2020:17:05:02 +0000] "GET / HTTP/1.0" 302 263 "-" "Mozilla/5.0 (Macintosh; Intel Mac OS X 10_15_4) AppleWebKit/537.36 (KHTML, like Gecko) Chrome/80.0.3987.163 Safari/537.36" "6316"
116.75.160.32 - - [11/Apr/2020:17:05:02 +0000] "GET /gb/ HTTP/1.0" 200 18093 "-" "Mozilla/5.0 (Macintosh; Intel Mac OS X 10_15_4) AppleWebKit/537.36 (KHTML, like Gecko) Chrome/80.0.3987.163 Safari/537.36" "44687"
116.75.160.32 - - [11/Apr/2020:17:05:03 +0000] "POST /cart/update HTTP/1.0" 200 5433 "https://www.marchtee.com/gb/" "Mozilla/5.0 (Macintosh; Intel Mac OS X 10_15_4) AppleWebKit/537.36 (KHTML, like Gecko) Chrome/80.0.3987.163 Safari/537.36" "152495"
14.143.171.118 - - [11/Apr/2020:17:05:06 +0000] "GET /printer/get_orders?printer_name=fedex+printer HTTP/1.0" 200 3 "-" "python-requests/2.11.1" "15507"
116.75.160.32 - - [11/Apr/2020:17:05:06 +0000] "GET /in/ HTTP/1.0" 302 257 "https://www.marchtee.com/gb/" "Mozilla/5.0 (Macintosh; Intel Mac OS X 10_15_4) AppleWebKit/537.36 (KHTML, like Gecko) Chrome/80.0.3987.163 Safari/537.36" "6780"
116.75.160.32 - - [11/Apr/2020:17:05:07 +0000] "GET / HTTP/1.0" 200 5207 "https://www.marchtee.com/gb/" "Mozilla/5.0 (Macintosh; Intel Mac OS X 10_15_4) AppleWebKit/537.36 (KHTML, like Gecko) Chrome/80.0.3987.163 Safari/537.36" "12138"
49.35.34.194 - - [11/Apr/2020:17:05:09 +0000] "GET /backstage/products/detail?group=brick-red&style=men&version=1&type=tee&variant=short HTTP/1.0" 200 60111 "-" "Mozilla/5.0 (Macintosh; Intel Mac OS X 10_15_2) AppleWebKit/537.36 (KHTML, like Gecko) Chrome/80.0.3987.163 Safari/537.36" "1122184"
116.75.160.32 - - [11/Apr/2020:17:05:12 +0000] "GET /gb HTTP/1.0" 200 18093 "-" "Mozilla/5.0 (Macintosh; Intel Mac OS X 10_15_4) AppleWebKit/537.36 (KHTML, like Gecko) Chrome/80.0.3987.163 Safari/537.36" "34341"
5.101.0.209 - - [11/Apr/2020:17:05:13 +0000] "GET /index.php?s=/Index/\think\app/invokefunction&function=call_user_func_array&vars[0]=md5&vars[1][]=HelloThinkPHP HTTP/1.0" 404 14008 "http://3.10.64.222:80/index.php?s=/Index/\think\app/invokefunction&function=call_user_func_array&vars[0]=md5&vars[1][]=HelloThinkPHP" "Mozilla/5.0 (Windows NT 10.0; Win64; x64) AppleWebKit/537.36 (KHTML, like Gecko) Chrome/78.0.3904.108 Safari/537.36" "12735"
116.75.160.32 - - [11/Apr/2020:17:05:13 +0000] "POST /cart/update HTTP/1.0" 200 5433 "https://www.marchtee.com/gb" "Mozilla/5.0 (Macintosh; Intel Mac OS X 10_15_4) AppleWebKit/537.36 (KHTML, like Gecko) Chrome/80.0.3987.163 Safari/537.36" "275188"
49.35.34.194 - - [11/Apr/2020:17:05:14 +0000] "GET /backstage/products/ HTTP/1.0" 500 0 "-" "-" "7038"
116.75.160.32 - - [11/Apr/2020:17:05:14 +0000] "GET /men/yellow HTTP/1.0" 302 283 "https://www.marchtee.com/gb" "Mozilla/5.0 (Macintosh; Intel Mac OS X 10_15_4) AppleWebKit/537.36 (KHTML, like Gecko) Chrome/80.0.3987.163 Safari/537.36" "6467"
49.35.34.194 - - [11/Apr/2020:17:05:17 +0000] "GET /backstage/products/detail?group=brick-red&style=men&version=1&type=tee&variant=short HTTP/1.0" 200 60111 "-" "Mozilla/5.0 (Macintosh; Intel Mac OS X 10_15_2) AppleWebKit/537.36 (KHTML, like Gecko) Chrome/80.0.3987.163 Safari/537.36" "1205312"
31.13.115.4 - - [11/Apr/2020:17:05:18 +0000] "GET /gb/product_catalogue.xml HTTP/1.0" 500 0 "-" "-" "4295"
31.13.115.4 - - [11/Apr/2020:17:05:18 +0000] "GET /gb/product_catalogue.xml HTTP/1.0" 500 0 "-" "-" "3977"
49.35.34.194 - - [11/Apr/2020:17:05:20 +0000] "GET /gb/men/brown HTTP/1.0" 200 74567 "-" "Mozilla/5.0 (Macintosh; Intel Mac OS X 10_15_2) AppleWebKit/537.36 (KHTML, like Gecko) Chrome/80.0.3987.163 Safari/537.36" "318082"
49.35.34.194 - - [11/Apr/2020:17:05:21 +0000] "POST /cart/update HTTP/1.0" 200 5448 "https://www.marchtee.com/gb/men/brown" "Mozilla/5.0 (Macintosh; Intel Mac OS X 10_15_2) AppleWebKit/537.36 (KHTML, like Gecko) Chrome/80.0.3987.163 Safari/537.36" "133703"
49.35.34.194 - - [11/Apr/2020:17:05:22 +0000] "GET /gb/men/brown HTTP/1.0" 200 74567 "-" "Mozilla/5.0 (Macintosh; Intel Mac OS X 10_15_2) AppleWebKit/537.36 (KHTML, like Gecko) Chrome/80.0.3987.163 Safari/537.36" "89231"
49.35.34.194 - - [11/Apr/2020:17:05:24 +0000] "POST /cart/update HTTP/1.0" 200 5448 "https://www.marchtee.com/gb/men/brown" "Mozilla/5.0 (Macintosh; Intel Mac OS X 10_15_2) AppleWebKit/537.36 (KHTML, like Gecko) Chrome/80.0.3987.163 Safari/537.36" "134656"
116.75.160.32 - - [11/Apr/2020:17:05:24 +0000] "GET / HTTP/1.0" 302 263 "-" "Mozilla/5.0 (Macintosh; Intel Mac OS X 10_15_4) AppleWebKit/605.1.15 (KHTML, like Gecko) Version/13.1 Safari/605.1.15" "6212"
116.75.160.32 - - [11/Apr/2020:17:05:24 +0000] "GET /gb/ HTTP/1.0" 200 20938 "-" "Mozilla/5.0 (Macintosh; Intel Mac OS X 10_15_4) AppleWebKit/605.1.15 (KHTML, like Gecko) Version/13.1 Safari/605.1.15" "64130"
116.75.160.32 - - [11/Apr/2020:17:05:25 +0000] "POST /cart/update HTTP/1.0" 200 5841 "https://www.marchtee.com/gb/" "Mozilla/5.0 (Macintosh; Intel Mac OS X 10_15_4) AppleWebKit/605.1.15 (KHTML, like Gecko) Version/13.1 Safari/605.1.15" "153085"
116.75.160.32 - - [11/Apr/2020:17:05:25 +0000] "GET /backstage/?start_date=2020-04-01&end_date=2020-04-30 HTTP/1.0" 302 375 "-" "Mozilla/5.0 (Macintosh; Intel Mac OS X 10_15_4) AppleWebKit/605.1.15 (KHTML, like Gecko) Version/13.1 Safari/605.1.15" "6362"
116.75.160.32 - - [11/Apr/2020:17:05:25 +0000] "GET /gb/backstage/?start_date=2020-04-01&end_date=2020-04-30 HTTP/1.0" 200 45149 "-" "Mozilla/5.0 (Macintosh; Intel Mac OS X 10_15_4) AppleWebKit/605.1.15 (KHTML, like Gecko) Version/13.1 Safari/605.1.15" "248252"
116.75.160.32 - - [11/Apr/2020:17:05:26 +0000] "GET /backstage/?start_date=2020-04-01&end_date=2020-04-30 HTTP/1.0" 302 375 "-" "Mozilla/5.0 (Macintosh; Intel Mac OS X 10_15_4) AppleWebKit/605.1.15 (KHTML, like Gecko) Version/13.1 Safari/605.1.15" "6325"
116.75.160.32 - - [11/Apr/2020:17:05:26 +0000] "GET /gb/backstage/?start_date=2020-04-01&end_date=2020-04-30 HTTP/1.0" 200 45149 "-" "Mozilla/5.0 (Macintosh; Intel Mac OS X 10_15_4) AppleWebKit/605.1.15 (KHTML, like Gecko) Version/13.1 Safari/605.1.15" "171784"
116.75.160.32 - - [11/Apr/2020:17:05:27 +0000] "GET /backstage/now HTTP/1.0" 302 289 "https://www.marchtee.com/gb/backstage/?start_date=2020-04-01&end_date=2020-04-30" "Mozilla/5.0 (Macintosh; Intel Mac OS X 10_15_4) AppleWebKit/605.1.15 (KHTML, like Gecko) Version/13.1 Safari/605.1.15" "6318"
116.75.160.32 - - [11/Apr/2020:17:05:27 +0000] "GET /gb/backstage/?start_date=2020-04-01&end_date=2020-04-30 HTTP/1.0" 200 45149 "https://www.marchtee.com/gb/backstage/?start_date=2020-04-01&end_date=2020-04-30" "Mozilla/5.0 (Macintosh; Intel Mac OS X 10_15_4) AppleWebKit/605.1.15 (KHTML, like Gecko) Version/13.1 Safari/605.1.15" "268770"
116.75.160.32 - - [11/Apr/2020:17:05:27 +0000] "GET /gb/backstage/now HTTP/1.0" 200 28 "https://www.marchtee.com/gb/backstage/?start_date=2020-04-01&end_date=2020-04-30" "Mozilla/5.0 (Macintosh; Intel Mac OS X 10_15_4) AppleWebKit/605.1.15 (KHTML, like Gecko) Version/13.1 Safari/605.1.15" "604000"
116.75.160.32 - - [11/Apr/2020:17:05:28 +0000] "GET /gb/backstage/products/ HTTP/1.0" 500 0 "-" "-" "4806"
116.75.160.32 - - [11/Apr/2020:17:05:30 +0000] "GET /gb/backstage/products/ HTTP/1.0" 500 0 "-" "-" "4984"
116.75.160.32 - - [11/Apr/2020:17:05:33 +0000] "GET /gb/backstage/promos/ HTTP/1.0" 200 28289 "https://www.marchtee.com/gb/backstage/?start_date=2020-04-01&end_date=2020-04-30" "Mozilla/5.0 (Macintosh; Intel Mac OS X 10_15_4) AppleWebKit/605.1.15 (KHTML, like Gecko) Version/13.1 Safari/605.1.15" "48136"
116.75.160.32 - - [11/Apr/2020:17:05:35 +0000] "GET /gb/backstage/reports/daily_report HTTP/1.0" 200 42509 "https://www.marchtee.com/gb/backstage/promos/" "Mozilla/5.0 (Macintosh; Intel Mac OS X 10_15_4) AppleWebKit/605.1.15 (KHTML, like Gecko) Version/13.1 Safari/605.1.15" "185115"
116.75.160.32 - - [11/Apr/2020:17:05:35 +0000] "GET /favicon.ico HTTP/1.0" 302 285 "https://www.marchtee.com/gb/backstage/reports/daily_report" "Mozilla/5.0 (Macintosh; Intel Mac OS X 10_15_4) AppleWebKit/605.1.15 (KHTML, like Gecko) Version/13.1 Safari/605.1.15" "6491"
116.75.160.32 - - [11/Apr/2020:17:05:35 +0000] "GET /gb/favicon.ico HTTP/1.0" 404 15877 "https://www.marchtee.com/gb/backstage/reports/daily_report" "Mozilla/5.0 (Macintosh; Intel Mac OS X 10_15_4) AppleWebKit/605.1.15 (KHTML, like Gecko) Version/13.1 Safari/605.1.15" "10360"
49.35.34.194 - - [11/Apr/2020:17:05:38 +0000] "POST /cart/update HTTP/1.0" 200 1223 "https://www.marchtee.com/gb/men/red" "Mozilla/5.0 (Macintosh; Intel Mac OS X 10_15_2) AppleWebKit/537.36 (KHTML, like Gecko) Chrome/80.0.3987.163 Safari/537.36" "32684"
49.35.34.194 - - [11/Apr/2020:17:05:40 +0000] "POST /cart/update HTTP/1.0" 200 5442 "https://www.marchtee.com/gb/men/denim" "Mozilla/5.0 (Macintosh; Intel Mac OS X 10_15_2) AppleWebKit/537.36 (KHTML, like Gecko) Chrome/80.0.3987.163 Safari/537.36" "142261"
49.35.34.194 - - [11/Apr/2020:17:05:42 +0000] "POST /cart/update HTTP/1.0" 200 6907 "https://www.marchtee.com/gb/men/denim" "Mozilla/5.0 (Macintosh; Intel Mac OS X 10_15_2) AppleWebKit/537.36 (KHTML, like Gecko) Chrome/80.0.3987.163 Safari/537.36" "162189"
49.35.34.194 - - [11/Apr/2020:17:05:44 +0000] "POST /cart/update HTTP/1.0" 200 5442 "https://www.marchtee.com/gb/men/denim" "Mozilla/5.0 (Macintosh; Intel Mac OS X 10_15_2) AppleWebKit/537.36 (KHTML, like Gecko) Chrome/80.0.3987.163 Safari/537.36" "139740"
49.35.34.194 - - [11/Apr/2020:17:05:44 +0000] "POST /cart/update HTTP/1.0" 200 1223 "https://www.marchtee.com/gb/men/denim" "Mozilla/5.0 (Macintosh; Intel Mac OS X 10_15_2) AppleWebKit/537.36 (KHTML, like Gecko) Chrome/80.0.3987.163 Safari/537.36" "32078"
116.75.160.32 - - [11/Apr/2020:17:05:47 +0000] "GET / HTTP/1.0" 302 263 "-" "Mozilla/5.0 (Macintosh; Intel Mac OS X 10_15_4) AppleWebKit/605.1.15 (KHTML, like Gecko) Version/13.1 Safari/605.1.15" "6441"
116.75.160.32 - - [11/Apr/2020:17:05:47 +0000] "GET /gb/ HTTP/1.0" 200 20938 "-" "Mozilla/5.0 (Macintosh; Intel Mac OS X 10_15_4) AppleWebKit/605.1.15 (KHTML, like Gecko) Version/13.1 Safari/605.1.15" "64621"
116.75.160.32 - - [11/Apr/2020:17:05:48 +0000] "POST /cart/update HTTP/1.0" 200 5841 "https://www.marchtee.com/gb/" "Mozilla/5.0 (Macintosh; Intel Mac OS X 10_15_4) AppleWebKit/605.1.15 (KHTML, like Gecko) Version/13.1 Safari/605.1.15" "150800"
116.75.160.32 - - [11/Apr/2020:17:05:50 +0000] "GET /men/yellow HTTP/1.0" 302 283 "https://www.marchtee.com/gb/" "Mozilla/5.0 (Macintosh; Intel Mac OS X 10_15_4) AppleWebKit/605.1.15 (KHTML, like Gecko) Version/13.1 Safari/605.1.15" "6654"
116.75.160.32 - - [11/Apr/2020:17:05:51 +0000] "GET /gb/men/yellow HTTP/1.0" 200 77590 "https://www.marchtee.com/gb/" "Mozilla/5.0 (Macintosh; Intel Mac OS X 10_15_4) AppleWebKit/605.1.15 (KHTML, like Gecko) Version/13.1 Safari/605.1.15" "156056"
116.75.160.32 - - [11/Apr/2020:17:05:51 +0000] "POST /cart/update HTTP/1.0" 200 5841 "https://www.marchtee.com/gb/men/yellow" "Mozilla/5.0 (Macintosh; Intel Mac OS X 10_15_4) AppleWebKit/605.1.15 (KHTML, like Gecko) Version/13.1 Safari/605.1.15" "152195"
116.75.160.32 - - [11/Apr/2020:17:05:52 +0000] "GET /gb/reviews HTTP/1.0" 200 35419 "https://www.marchtee.com/gb/men/yellow" "Mozilla/5.0 (Macintosh; Intel Mac OS X 10_15_4) AppleWebKit/605.1.15 (KHTML, like Gecko) Version/13.1 Safari/605.1.15" "95928"
116.75.160.32 - - [11/Apr/2020:17:05:52 +0000] "POST /cart/update HTTP/1.0" 200 5841 "https://www.marchtee.com/gb/reviews" "Mozilla/5.0 (Macintosh; Intel Mac OS X 10_15_4) AppleWebKit/605.1.15 (KHTML, like Gecko) Version/13.1 Safari/605.1.15" "145119"
116.75.160.32 - - [11/Apr/2020:17:05:53 +0000] "GET /gb/ HTTP/1.0" 200 20938 "https://www.marchtee.com/gb/reviews" "Mozilla/5.0 (Macintosh; Intel Mac OS X 10_15_4) AppleWebKit/605.1.15 (KHTML, like Gecko) Version/13.1 Safari/605.1.15" "64997"
116.75.160.32 - - [11/Apr/2020:17:05:54 +0000] "POST /cart/update HTTP/1.0" 200 5841 "https://www.marchtee.com/gb/" "Mozilla/5.0 (Macintosh; Intel Mac OS X 10_15_4) AppleWebKit/605.1.15 (KHTML, like Gecko) Version/13.1 Safari/605.1.15" "151692"
14.143.171.118 - - [11/Apr/2020:17:06:06 +0000] "GET /printer/get_orders?printer_name=fedex+printer HTTP/1.0" 200 3 "-" "python-requests/2.11.1" "12104"
116.75.160.32 - - [11/Apr/2020:17:06:15 +0000] "GET /men/yellow HTTP/1.0" 302 283 "https://www.marchtee.com/gb/" "Mozilla/5.0 (Macintosh; Intel Mac OS X 10_15_4) AppleWebKit/605.1.15 (KHTML, like Gecko) Version/13.1 Safari/605.1.15" "6703"
116.75.160.32 - - [11/Apr/2020:17:06:15 +0000] "GET /gb/men/yellow HTTP/1.0" 200 77590 "https://www.marchtee.com/gb/" "Mozilla/5.0 (Macintosh; Intel Mac OS X 10_15_4) AppleWebKit/605.1.15 (KHTML, like Gecko) Version/13.1 Safari/605.1.15" "221740"
116.75.160.32 - - [11/Apr/2020:17:06:16 +0000] "POST /cart/update HTTP/1.0" 200 5841 "https://www.marchtee.com/gb/men/yellow" "Mozilla/5.0 (Macintosh; Intel Mac OS X 10_15_4) AppleWebKit/605.1.15 (KHTML, like Gecko) Version/13.1 Safari/605.1.15" "153343"
124.123.80.62 - - [11/Apr/2020:17:06:17 +0000] "GET /size-guide HTTP/1.0" 200 15775931 "-" "Mozilla/5.0 (Linux; Android 7.0; SM-G955F) AppleWebKit/537.36 (KHTML, like Gecko) Chrome/81.0.4044.96 Mobile Safari/537.36" "92556"
124.123.80.62 - - [11/Apr/2020:17:06:17 +0000] "GET /size-guide HTTP/1.0" 200 15775931 "-" "Mozilla/5.0 (Linux; Android 7.0; SM-G955F) AppleWebKit/537.36 (KHTML, like Gecko) Chrome/81.0.4044.96 Mobile Safari/537.36" "89706"
116.75.160.32 - - [11/Apr/2020:17:06:18 +0000] "POST /cart/update HTTP/1.0" 200 5853 "https://www.marchtee.com/gb/men/brown" "Mozilla/5.0 (Macintosh; Intel Mac OS X 10_15_4) AppleWebKit/605.1.15 (KHTML, like Gecko) Version/13.1 Safari/605.1.15" "158650"
116.75.160.32 - - [11/Apr/2020:17:06:21 +0000] "POST /cart/update HTTP/1.0" 200 4468 "https://www.marchtee.com/gb/men/brown" "Mozilla/5.0 (Macintosh; Intel Mac OS X 10_15_4) AppleWebKit/605.1.15 (KHTML, like Gecko) Version/13.1 Safari/605.1.15" "163265"
116.75.160.32 - - [11/Apr/2020:17:06:22 +0000] "POST /cart/update HTTP/1.0" 200 5841 "https://www.marchtee.com/gb/men/brown" "Mozilla/5.0 (Macintosh; Intel Mac OS X 10_15_4) AppleWebKit/605.1.15 (KHTML, like Gecko) Version/13.1 Safari/605.1.15" "155348"
116.75.160.32 - - [11/Apr/2020:17:06:23 +0000] "POST /cart/update HTTP/1.0" 200 5853 "https://www.marchtee.com/gb/men/brown" "Mozilla/5.0 (Macintosh; Intel Mac OS X 10_15_4) AppleWebKit/605.1.15 (KHTML, like Gecko) Version/13.1 Safari/605.1.15" "155644"
66.249.79.209 - - [11/Apr/2020:17:06:28 +0000] "GET /women/navy HTTP/1.0" 200 5207 "-" "Mozilla/5.0 (Linux; Android 6.0.1; Nexus 5X Build/MMB29P) AppleWebKit/537.36 (KHTML, like Gecko) Chrome/41.0.2272.96 Mobile Safari/537.36 (compatible; Googlebot/2.1; +http://www.google.com/bot.html)" "12507"
31.13.127.5 - - [11/Apr/2020:17:07:00 +0000] "GET /gb/product_catalogue.xml HTTP/1.0" 500 0 "-" "-" "3927"
31.13.127.5 - - [11/Apr/2020:17:07:00 +0000] "GET /gb/product_catalogue.xml HTTP/1.0" 500 0 "-" "-" "3963"
14.143.171.118 - - [11/Apr/2020:17:07:06 +0000] "GET /printer/get_orders?printer_name=fedex+printer HTTP/1.0" 200 3 "-" "python-requests/2.11.1" "10765"
14.143.171.118 - - [11/Apr/2020:17:08:06 +0000] "GET /printer/get_orders?printer_name=fedex+printer HTTP/1.0" 200 3 "-" "python-requests/2.11.1" "10553"
14.143.171.118 - - [11/Apr/2020:17:09:06 +0000] "GET /printer/get_orders?printer_name=fedex+printer HTTP/1.0" 200 3 "-" "python-requests/2.11.1" "10123"
116.75.160.32 - - [11/Apr/2020:17:09:29 +0000] "GET /favicon.ico HTTP/1.0" 302 285 "https://www.marchtee.com/" "Mozilla/5.0 (Macintosh; Intel Mac OS X 10_15) AppleWebKit/605.1.15 (KHTML, like Gecko) Version/13.0.5 Safari/605.1.15" "12717"
116.75.160.32 - - [11/Apr/2020:17:09:29 +0000] "GET / HTTP/1.0" 302 263 "-" "Mozilla/5.0 (Macintosh; Intel Mac OS X 10_15) AppleWebKit/605.1.15 (KHTML, like Gecko) Version/13.0.5 Safari/605.1.15" "14486"
116.75.160.32 - - [11/Apr/2020:17:09:29 +0000] "GET /gb/ HTTP/1.0" 200 15987 "-" "Mozilla/5.0 (Macintosh; Intel Mac OS X 10_15) AppleWebKit/605.1.15 (KHTML, like Gecko) Version/13.0.5 Safari/605.1.15" "10824"
116.75.160.32 - - [11/Apr/2020:17:09:30 +0000] "POST /cart/update HTTP/1.0" 200 781 "https://www.marchtee.com/gb/" "Mozilla/5.0 (Macintosh; Intel Mac OS X 10_15) AppleWebKit/605.1.15 (KHTML, like Gecko) Version/13.0.5 Safari/605.1.15" "10331"
116.75.160.32 - - [11/Apr/2020:17:09:33 +0000] "GET /lintroller HTTP/1.0" 302 283 "https://www.marchtee.com/gb/" "Mozilla/5.0 (Macintosh; Intel Mac OS X 10_15) AppleWebKit/605.1.15 (KHTML, like Gecko) Version/13.0.5 Safari/605.1.15" "6899"
116.75.160.32 - - [11/Apr/2020:17:09:33 +0000] "GET /gb/lintroller HTTP/1.0" 200 26209 "https://www.marchtee.com/gb/" "Mozilla/5.0 (Macintosh; Intel Mac OS X 10_15) AppleWebKit/605.1.15 (KHTML, like Gecko) Version/13.0.5 Safari/605.1.15" "71355"
116.75.160.32 - - [11/Apr/2020:17:09:33 +0000] "POST /cart/update HTTP/1.0" 200 781 "https://www.marchtee.com/gb/lintroller" "Mozilla/5.0 (Macintosh; Intel Mac OS X 10_15) AppleWebKit/605.1.15 (KHTML, like Gecko) Version/13.0.5 Safari/605.1.15" "10457"
116.75.160.32 - - [11/Apr/2020:17:09:36 +0000] "POST /cart/update HTTP/1.0" 200 2873 "https://www.marchtee.com/gb/lintroller" "Mozilla/5.0 (Macintosh; Intel Mac OS X 10_15) AppleWebKit/605.1.15 (KHTML, like Gecko) Version/13.0.5 Safari/605.1.15" "50372"
116.75.160.32 - - [11/Apr/2020:17:09:43 +0000] "GET /in/lintroller HTTP/1.0" 302 277 "https://www.marchtee.com/gb/lintroller" "Mozilla/5.0 (Macintosh; Intel Mac OS X 10_15) AppleWebKit/605.1.15 (KHTML, like Gecko) Version/13.0.5 Safari/605.1.15" "6880"
116.75.160.32 - - [11/Apr/2020:17:09:43 +0000] "GET /lintroller HTTP/1.0" 200 5207 "https://www.marchtee.com/gb/lintroller" "Mozilla/5.0 (Macintosh; Intel Mac OS X 10_15) AppleWebKit/605.1.15 (KHTML, like Gecko) Version/13.0.5 Safari/605.1.15" "12381"
116.75.160.32 - - [11/Apr/2020:17:09:45 +0000] "GET /gb/backstage/current_month HTTP/1.0" 302 257 "-" "Mozilla/5.0 (Macintosh; Intel Mac OS X 10_15) AppleWebKit/605.1.15 (KHTML, like Gecko) Version/13.0.5 Safari/605.1.15" "6708"
116.75.160.32 - - [11/Apr/2020:17:09:45 +0000] "GET /gb/backstage/login?next= HTTP/1.0" 302 907 "-" "Mozilla/5.0 (Macintosh; Intel Mac OS X 10_15) AppleWebKit/605.1.15 (KHTML, like Gecko) Version/13.0.5 Safari/605.1.15" "7160"
116.75.160.32 - - [11/Apr/2020:17:09:55 +0000] "GET /backstage/gCallback?state=AzRRXAgfaKNnbSisar1AGRqu6RHKvq&code=4%2FygEh3QkuLr-3ylzNVt5JxJh4XhskWztHkNXl-iVlJM-vsahIN7wWmubNXEtI5iQ3Z-6S7SvcqiLmIXdUl77LC2o&scope=email+profile+https%3A%2F%2Fwww.googleapis.com%2Fauth%2Fuserinfo.profile+https%3A%2F%2Fwww.googleapis.com%2Fauth%2Fuserinfo.email+openid&authuser=0&hd=marchtee.com&prompt=consent HTTP/1.0" 302 935 "https://accounts.google.com/signin/v2/challenge/pwd?response_type=code&client_id=266342200941-q3gueefsrvbcuv26gcnf9t84p8qs50nm.apps.googleusercontent.com&redirect_uri=https%3A%2F%2Fmarchtee.com%2Fbackstage%2FgCallback&scope=profile%20email&state=AzRRXAgfaKNnbSisar1AGRqu6RHKvq&access_type=offline&approval_prompt=force&hd=marchtee.com&o2v=1&as=Xyg1ugeM8vvlf5oXd06o1w&flowName=GeneralOAuthFlow&TL=AMV8YcRjmnurw05pO0NZlaisVbu3e8AhkY-Jkuf2uLjfbafmmlLIkhmJPsb31if9&cid=1&navigationDirection=forward" "Mozilla/5.0 (iPhone; CPU iPhone OS 13_3_1 like Mac OS X) AppleWebKit/605.1.15 (KHTML, like Gecko) Version/13.0.5 Mobile/15E148 Safari/604.1" "6829"
116.75.160.32 - - [11/Apr/2020:17:09:55 +0000] "GET /gb/backstage/gCallback?state=AzRRXAgfaKNnbSisar1AGRqu6RHKvq&code=4/ygEh3QkuLr-3ylzNVt5JxJh4XhskWztHkNXl-iVlJM-vsahIN7wWmubNXEtI5iQ3Z-6S7SvcqiLmIXdUl77LC2o&scope=email+profile+https://www.googleapis.com/auth/userinfo.profile+https://www.googleapis.com/auth/userinfo.email+openid&authuser=0&hd=marchtee.com&prompt=consent HTTP/1.0" 302 235 "https://accounts.google.com/signin/v2/challenge/pwd?response_type=code&client_id=266342200941-q3gueefsrvbcuv26gcnf9t84p8qs50nm.apps.googleusercontent.com&redirect_uri=https%3A%2F%2Fmarchtee.com%2Fbackstage%2FgCallback&scope=profile%20email&state=AzRRXAgfaKNnbSisar1AGRqu6RHKvq&access_type=offline&approval_prompt=force&hd=marchtee.com&o2v=1&as=Xyg1ugeM8vvlf5oXd06o1w&flowName=GeneralOAuthFlow&TL=AMV8YcRjmnurw05pO0NZlaisVbu3e8AhkY-Jkuf2uLjfbafmmlLIkhmJPsb31if9&cid=1&navigationDirection=forward" "Mozilla/5.0 (iPhone; CPU iPhone OS 13_3_1 like Mac OS X) AppleWebKit/605.1.15 (KHTML, like Gecko) Version/13.0.5 Mobile/15E148 Safari/604.1" "173795"
116.75.160.32 - - [11/Apr/2020:17:09:55 +0000] "GET /gb/backstage/ HTTP/1.0" 302 327 "https://accounts.google.com/signin/v2/challenge/pwd?response_type=code&client_id=266342200941-q3gueefsrvbcuv26gcnf9t84p8qs50nm.apps.googleusercontent.com&redirect_uri=https%3A%2F%2Fmarchtee.com%2Fbackstage%2FgCallback&scope=profile%20email&state=AzRRXAgfaKNnbSisar1AGRqu6RHKvq&access_type=offline&approval_prompt=force&hd=marchtee.com&o2v=1&as=Xyg1ugeM8vvlf5oXd06o1w&flowName=GeneralOAuthFlow&TL=AMV8YcRjmnurw05pO0NZlaisVbu3e8AhkY-Jkuf2uLjfbafmmlLIkhmJPsb31if9&cid=1&navigationDirection=forward" "Mozilla/5.0 (iPhone; CPU iPhone OS 13_3_1 like Mac OS X) AppleWebKit/605.1.15 (KHTML, like Gecko) Version/13.0.5 Mobile/15E148 Safari/604.1" "7774"
116.75.160.32 - - [11/Apr/2020:17:09:55 +0000] "GET /gb/backstage/?start_date=2020-04-01&end_date=2020-04-30 HTTP/1.0" 200 45149 "https://accounts.google.com/signin/v2/challenge/pwd?response_type=code&client_id=266342200941-q3gueefsrvbcuv26gcnf9t84p8qs50nm.apps.googleusercontent.com&redirect_uri=https%3A%2F%2Fmarchtee.com%2Fbackstage%2FgCallback&scope=profile%20email&state=AzRRXAgfaKNnbSisar1AGRqu6RHKvq&access_type=offline&approval_prompt=force&hd=marchtee.com&o2v=1&as=Xyg1ugeM8vvlf5oXd06o1w&flowName=GeneralOAuthFlow&TL=AMV8YcRjmnurw05pO0NZlaisVbu3e8AhkY-Jkuf2uLjfbafmmlLIkhmJPsb31if9&cid=1&navigationDirection=forward" "Mozilla/5.0 (iPhone; CPU iPhone OS 13_3_1 like Mac OS X) AppleWebKit/605.1.15 (KHTML, like Gecko) Version/13.0.5 Mobile/15E148 Safari/604.1" "170839"
116.75.160.32 - - [11/Apr/2020:17:09:56 +0000] "GET /backstage/now HTTP/1.0" 302 289 "https://www.marchtee.com/gb/backstage/?start_date=2020-04-01&end_date=2020-04-30" "Mozilla/5.0 (Macintosh; Intel Mac OS X 10_15) AppleWebKit/605.1.15 (KHTML, like Gecko) Version/13.0.5 Safari/605.1.15" "6503"
116.75.160.32 - - [11/Apr/2020:17:09:57 +0000] "GET /favicon.ico HTTP/1.0" 302 285 "https://www.marchtee.com/gb/backstage/?start_date=2020-04-01&end_date=2020-04-30" "Mozilla/5.0 (Macintosh; Intel Mac OS X 10_15) AppleWebKit/605.1.15 (KHTML, like Gecko) Version/13.0.5 Safari/605.1.15" "6491"
116.75.160.32 - - [11/Apr/2020:17:09:57 +0000] "GET /gb/favicon.ico HTTP/1.0" 404 15880 "https://www.marchtee.com/gb/backstage/?start_date=2020-04-01&end_date=2020-04-30" "Mozilla/5.0 (Macintosh; Intel Mac OS X 10_15) AppleWebKit/605.1.15 (KHTML, like Gecko) Version/13.0.5 Safari/605.1.15" "10320"
116.75.160.32 - - [11/Apr/2020:17:09:57 +0000] "GET /gb/backstage/now HTTP/1.0" 200 28 "https://www.marchtee.com/gb/backstage/?start_date=2020-04-01&end_date=2020-04-30" "Mozilla/5.0 (Macintosh; Intel Mac OS X 10_15) AppleWebKit/605.1.15 (KHTML, like Gecko) Version/13.0.5 Safari/605.1.15" "584824"
116.75.160.32 - - [11/Apr/2020:17:10:02 +0000] "GET /gb/backstage/orders/ HTTP/1.0" 200 156034 "https://www.marchtee.com/gb/backstage/?start_date=2020-04-01&end_date=2020-04-30" "Mozilla/5.0 (Macintosh; Intel Mac OS X 10_15) AppleWebKit/605.1.15 (KHTML, like Gecko) Version/13.0.5 Safari/605.1.15" "625242"
116.75.160.32 - - [11/Apr/2020:17:10:02 +0000] "GET /favicon.ico HTTP/1.0" 302 285 "https://www.marchtee.com/gb/backstage/orders/" "Mozilla/5.0 (Macintosh; Intel Mac OS X 10_15) AppleWebKit/605.1.15 (KHTML, like Gecko) Version/13.0.5 Safari/605.1.15" "6511"
116.75.160.32 - - [11/Apr/2020:17:10:02 +0000] "GET /gb/favicon.ico HTTP/1.0" 404 15880 "https://www.marchtee.com/gb/backstage/orders/" "Mozilla/5.0 (Macintosh; Intel Mac OS X 10_15) AppleWebKit/605.1.15 (KHTML, like Gecko) Version/13.0.5 Safari/605.1.15" "12519"
60.254.52.23 - - [11/Apr/2020:17:10:05 +0000] "GET /shop HTTP/1.0" 200 5207 "-" "Mozilla/5.0 (iPhone; CPU iPhone OS 13_3_1 like Mac OS X) AppleWebKit/605.1.15 (KHTML, like Gecko) Version/13.0.5 Mobile/15E148 Safari/604.1" "34651"
116.75.160.32 - - [11/Apr/2020:17:10:05 +0000] "GET /gb/backstage/orders/detail?id=175985 HTTP/1.0" 200 45226 "https://www.marchtee.com/gb/backstage/orders/" "Mozilla/5.0 (Macintosh; Intel Mac OS X 10_15) AppleWebKit/605.1.15 (KHTML, like Gecko) Version/13.0.5 Safari/605.1.15" "741674"
14.143.171.118 - - [11/Apr/2020:17:10:06 +0000] "GET /printer/get_orders?printer_name=fedex+printer HTTP/1.0" 200 3 "-" "python-requests/2.11.1" "10383"
116.75.160.32 - - [11/Apr/2020:17:10:06 +0000] "GET /favicon.ico HTTP/1.0" 302 285 "https://www.marchtee.com/gb/backstage/orders/detail?id=175985" "Mozilla/5.0 (Macintosh; Intel Mac OS X 10_15) AppleWebKit/605.1.15 (KHTML, like Gecko) Version/13.0.5 Safari/605.1.15" "6610"
116.75.160.32 - - [11/Apr/2020:17:10:06 +0000] "GET /gb/favicon.ico HTTP/1.0" 404 15880 "https://www.marchtee.com/gb/backstage/orders/detail?id=175985" "Mozilla/5.0 (Macintosh; Intel Mac OS X 10_15) AppleWebKit/605.1.15 (KHTML, like Gecko) Version/13.0.5 Safari/605.1.15" "10941"
49.35.34.194 - - [11/Apr/2020:17:10:29 +0000] "GET /gb/ HTTP/1.0" 200 15985 "-" "Mozilla/5.0 (Linux; Android 9; Redmi Note 5 Pro) AppleWebKit/537.36 (KHTML, like Gecko) Chrome/80.0.3987.119 Mobile Safari/537.36" "9351"
49.35.34.194 - - [11/Apr/2020:17:10:31 +0000] "POST /cart/update HTTP/1.0" 200 781 "https://www.marchtee.com/gb/" "Mozilla/5.0 (Linux; Android 9; Redmi Note 5 Pro) AppleWebKit/537.36 (KHTML, like Gecko) Chrome/80.0.3987.119 Mobile Safari/537.36" "9332"
49.35.34.194 - - [11/Apr/2020:17:10:31 +0000] "GET / HTTP/1.0" 302 263 "-" "Mozilla/5.0 (Linux; Android 9; Redmi Note 5 Pro) AppleWebKit/537.36 (KHTML, like Gecko) Chrome/80.0.3987.119 Mobile Safari/537.36" "6124"
49.35.34.194 - - [11/Apr/2020:17:10:31 +0000] "GET /gb/ HTTP/1.0" 200 15985 "-" "Mozilla/5.0 (Linux; Android 9; Redmi Note 5 Pro) AppleWebKit/537.36 (KHTML, like Gecko) Chrome/80.0.3987.119 Mobile Safari/537.36" "9498"
49.35.34.194 - - [11/Apr/2020:17:10:32 +0000] "POST /cart/update HTTP/1.0" 200 781 "https://www.marchtee.com/gb/" "Mozilla/5.0 (Linux; Android 9; Redmi Note 5 Pro) AppleWebKit/537.36 (KHTML, like Gecko) Chrome/80.0.3987.119 Mobile Safari/537.36" "9499"
49.35.34.194 - - [11/Apr/2020:17:10:33 +0000] "GET /gb/ HTTP/1.0" 200 15985 "-" "Mozilla/5.0 (Linux; Android 9; Redmi Note 5 Pro) AppleWebKit/537.36 (KHTML, like Gecko) Chrome/80.0.3987.119 Mobile Safari/537.36" "9343"
49.35.34.194 - - [11/Apr/2020:17:10:34 +0000] "POST /cart/update HTTP/1.0" 200 781 "https://www.marchtee.com/gb/" "Mozilla/5.0 (Linux; Android 9; Redmi Note 5 Pro) AppleWebKit/537.36 (KHTML, like Gecko) Chrome/80.0.3987.119 Mobile Safari/537.36" "9519"
49.35.34.194 - - [11/Apr/2020:17:10:38 +0000] "GET /in/ HTTP/1.0" 302 257 "https://www.marchtee.com/gb/" "Mozilla/5.0 (Linux; Android 9; Redmi Note 5 Pro) AppleWebKit/537.36 (KHTML, like Gecko) Chrome/80.0.3987.119 Mobile Safari/537.36" "6202"
49.35.34.194 - - [11/Apr/2020:17:10:38 +0000] "GET / HTTP/1.0" 200 5207 "https://www.marchtee.com/gb/" "Mozilla/5.0 (Linux; Android 9; Redmi Note 5 Pro) AppleWebKit/537.36 (KHTML, like Gecko) Chrome/80.0.3987.119 Mobile Safari/537.36" "9116"
66.249.79.207 - - [11/Apr/2020:17:10:46 +0000] "GET / HTTP/1.0" 200 5207 "-" "Mozilla/5.0 (Linux; Android 6.0.1; Nexus 5X Build/MMB29P) AppleWebKit/537.36 (KHTML, like Gecko) Chrome/41.0.2272.96 Mobile Safari/537.36 (compatible; Googlebot/2.1; +http://www.google.com/bot.html)" "7859"
14.143.171.118 - - [11/Apr/2020:17:11:05 +0000] "GET /printer/get_orders?printer_name=fedex+printer HTTP/1.0" 200 3 "-" "python-requests/2.11.1" "10037"
106.212.177.11 - - [11/Apr/2020:17:11:24 +0000] "GET / HTTP/1.0" 200 5207 "-" "Mozilla/5.0 (Linux; Android 9; ONEPLUS A5010) AppleWebKit/537.36 (KHTML, like Gecko) Chrome/80.0.3987.162 Mobile Safari/537.36" "7114"
14.143.171.118 - - [11/Apr/2020:17:12:05 +0000] "GET /printer/get_orders?printer_name=fedex+printer HTTP/1.0" 200 3 "-" "python-requests/2.11.1" "10172"
103.252.7.32 - - [11/Apr/2020:17:12:42 +0000] "GET / HTTP/1.0" 200 5207 "-" "Mozilla/5.0 (Linux; Android 10; SM-N960F) AppleWebKit/537.36 (KHTML, like Gecko) Chrome/80.0.3987.162 Mobile Safari/537.36" "6252"
14.143.171.118 - - [11/Apr/2020:17:13:05 +0000] "GET /printer/get_orders?printer_name=fedex+printer HTTP/1.0" 200 3 "-" "python-requests/2.11.1" "10341"
14.143.171.118 - - [11/Apr/2020:17:14:05 +0000] "GET /printer/get_orders?printer_name=fedex+printer HTTP/1.0" 200 3 "-" "python-requests/2.11.1" "10184"
14.143.171.118 - - [11/Apr/2020:17:15:05 +0000] "GET /printer/get_orders?printer_name=fedex+printer HTTP/1.0" 200 3 "-" "python-requests/2.11.1" "10003"
46.229.168.151 - - [11/Apr/2020:17:15:06 +0000] "GET /men/heather_grey HTTP/1.0" 200 5207 "-" "Mozilla/5.0 (compatible; SemrushBot/6~bl; +http://www.semrush.com/bot.html)" "17622"
14.143.171.118 - - [11/Apr/2020:17:16:05 +0000] "GET /printer/get_orders?printer_name=fedex+printer HTTP/1.0" 200 3 "-" "python-requests/2.11.1" "11777"
14.143.171.118 - - [11/Apr/2020:17:17:05 +0000] "GET /printer/get_orders?printer_name=fedex+printer HTTP/1.0" 200 3 "-" "python-requests/2.11.1" "10187"
14.143.171.118 - - [11/Apr/2020:17:18:05 +0000] "GET /printer/get_orders?printer_name=fedex+printer HTTP/1.0" 200 3 "-" "python-requests/2.11.1" "9990"
14.143.171.118 - - [11/Apr/2020:17:19:06 +0000] "GET /printer/get_orders?printer_name=fedex+printer HTTP/1.0" 200 3 "-" "python-requests/2.11.1" "11324"
14.143.171.118 - - [11/Apr/2020:17:20:06 +0000] "GET /printer/get_orders?printer_name=fedex+printer HTTP/1.0" 200 3 "-" "python-requests/2.11.1" "10015"
14.143.171.118 - - [11/Apr/2020:17:21:06 +0000] "GET /printer/get_orders?printer_name=fedex+printer HTTP/1.0" 200 3 "-" "python-requests/2.11.1" "13472"
14.143.171.118 - - [11/Apr/2020:17:22:06 +0000] "GET /printer/get_orders?printer_name=fedex+printer HTTP/1.0" 200 3 "-" "python-requests/2.11.1" "10231"
66.249.79.207 - - [11/Apr/2020:17:22:20 +0000] "GET /? HTTP/1.0" 200 5207 "-" "Mozilla/5.0 (Linux; Android 6.0.1; Nexus 5X Build/MMB29P) AppleWebKit/537.36 (KHTML, like Gecko) Chrome/41.0.2272.96 Mobile Safari/537.36 (compatible; Googlebot/2.1; +http://www.google.com/bot.html)" "7716"
66.249.79.209 - - [11/Apr/2020:17:22:57 +0000] "GET / HTTP/1.0" 200 5207 "-" "Mozilla/5.0 (compatible; Googlebot/2.1; +http://www.google.com/bot.html)" "7965"
14.143.171.118 - - [11/Apr/2020:17:23:06 +0000] "GET /printer/get_orders?printer_name=fedex+printer HTTP/1.0" 200 3 "-" "python-requests/2.11.1" "10032"
14.143.171.118 - - [11/Apr/2020:17:24:06 +0000] "GET /printer/get_orders?printer_name=fedex+printer HTTP/1.0" 200 3 "-" "python-requests/2.11.1" "10399"
14.143.171.118 - - [11/Apr/2020:17:25:06 +0000] "GET /printer/get_orders?printer_name=fedex+printer HTTP/1.0" 200 3 "-" "python-requests/2.11.1" "10113"
14.143.171.118 - - [11/Apr/2020:17:26:06 +0000] "GET /printer/get_orders?printer_name=fedex+printer HTTP/1.0" 200 3 "-" "python-requests/2.11.1" "10112"
116.75.160.32 - - [11/Apr/2020:17:26:54 +0000] "GET / HTTP/1.0" 200 5207 "-" "Mozilla/5.0 (Macintosh; Intel Mac OS X 10_14_5) AppleWebKit/605.1.15 (KHTML, like Gecko) Version/12.1.1 Safari/605.1.15" "7748"
116.75.160.32 - - [11/Apr/2020:17:26:55 +0000] "GET /apple-touch-icon-precomposed.png HTTP/1.0" 404 14008 "-" "Safari/14607.2.6.1.1 CFNetwork/978.0.7 Darwin/18.6.0 (x86_64)" "9446"
116.75.160.32 - - [11/Apr/2020:17:26:55 +0000] "GET /apple-touch-icon.png HTTP/1.0" 404 14008 "-" "Safari/14607.2.6.1.1 CFNetwork/978.0.7 Darwin/18.6.0 (x86_64)" "14403"
116.75.160.32 - - [11/Apr/2020:17:27:04 +0000] "GET / HTTP/1.0" 200 5207 "-" "Mozilla/5.0 (Macintosh; Intel Mac OS X 10_14_5) AppleWebKit/605.1.15 (KHTML, like Gecko) Version/12.1.1 Safari/605.1.15" "5865"
14.143.171.118 - - [11/Apr/2020:17:27:06 +0000] "GET /printer/get_orders?printer_name=fedex+printer HTTP/1.0" 200 3 "-" "python-requests/2.11.1" "10314"
116.75.160.32 - - [11/Apr/2020:17:27:08 +0000] "GET / HTTP/1.0" 200 5207 "-" "Mozilla/5.0 (Macintosh; Intel Mac OS X 10_14_5) AppleWebKit/605.1.15 (KHTML, like Gecko) Version/12.1.1 Safari/605.1.15" "6128"
116.75.160.32 - - [11/Apr/2020:17:27:09 +0000] "GET /gb HTTP/1.0" 200 15967 "-" "Mozilla/5.0 (Macintosh; Intel Mac OS X 10_14_5) AppleWebKit/605.1.15 (KHTML, like Gecko) Version/12.1.1 Safari/605.1.15" "8914"
116.75.160.32 - - [11/Apr/2020:17:27:09 +0000] "POST /cart/update HTTP/1.0" 200 781 "https://www.marchtee.com/gb" "Mozilla/5.0 (Macintosh; Intel Mac OS X 10_14_5) AppleWebKit/605.1.15 (KHTML, like Gecko) Version/12.1.1 Safari/605.1.15" "8786"
116.75.160.32 - - [11/Apr/2020:17:27:12 +0000] "GET /hammo/men/oatmeal HTTP/1.0" 302 297 "https://www.marchtee.com/gb" "Mozilla/5.0 (Macintosh; Intel Mac OS X 10_14_5) AppleWebKit/605.1.15 (KHTML, like Gecko) Version/12.1.1 Safari/605.1.15" "5580"
116.75.160.32 - - [11/Apr/2020:17:27:13 +0000] "GET /gb/hammo/men/oatmeal HTTP/1.0" 200 63987 "https://www.marchtee.com/gb" "Mozilla/5.0 (Macintosh; Intel Mac OS X 10_14_5) AppleWebKit/605.1.15 (KHTML, like Gecko) Version/12.1.1 Safari/605.1.15" "559747"
116.75.160.32 - - [11/Apr/2020:17:27:13 +0000] "POST /cart/update HTTP/1.0" 200 781 "https://www.marchtee.com/gb/hammo/men/oatmeal" "Mozilla/5.0 (Macintosh; Intel Mac OS X 10_14_5) AppleWebKit/605.1.15 (KHTML, like Gecko) Version/12.1.1 Safari/605.1.15" "8933"
116.75.160.32 - - [11/Apr/2020:17:27:17 +0000] "POST /cart/update HTTP/1.0" 200 5440 "https://www.marchtee.com/gb/hammo/men/oatmeal" "Mozilla/5.0 (Macintosh; Intel Mac OS X 10_14_5) AppleWebKit/605.1.15 (KHTML, like Gecko) Version/12.1.1 Safari/605.1.15" "157915"
116.75.160.32 - - [11/Apr/2020:17:27:19 +0000] "GET /gb/cart/checkout HTTP/1.0" 200 32023 "https://www.marchtee.com/gb/hammo/men/oatmeal" "Mozilla/5.0 (Macintosh; Intel Mac OS X 10_14_5) AppleWebKit/605.1.15 (KHTML, like Gecko) Version/12.1.1 Safari/605.1.15" "1115881"
116.75.160.32 - - [11/Apr/2020:17:27:21 +0000] "POST /cart/validate HTTP/1.0" 200 318 "https://www.marchtee.com/gb/cart/checkout" "Mozilla/5.0 (Macintosh; Intel Mac OS X 10_14_5) AppleWebKit/605.1.15 (KHTML, like Gecko) Version/12.1.1 Safari/605.1.15" "8588"
14.143.171.118 - - [11/Apr/2020:17:28:06 +0000] "GET /printer/get_orders?printer_name=fedex+printer HTTP/1.0" 200 3 "-" "python-requests/2.11.1" "10030"
14.143.171.118 - - [11/Apr/2020:17:29:06 +0000] "GET /printer/get_orders?printer_name=fedex+printer HTTP/1.0" 200 3 "-" "python-requests/2.11.1" "10193"
103.195.202.204 - - [11/Apr/2020:17:29:21 +0000] "GET / HTTP/1.0" 200 5207 "https://www.google.com/" "Mozilla/5.0 (Linux; Android 9; Redmi Note 8 Pro) AppleWebKit/537.36 (KHTML, like Gecko) Chrome/80.0.3987.162 Mobile Safari/537.36" "13510"
116.75.160.32 - - [11/Apr/2020:17:29:27 +0000] "GET /about HTTP/1.0" 200 15350 "https://www.google.com/" "Mozilla/5.0 (Macintosh; Intel Mac OS X 10_14_5) AppleWebKit/605.1.15 (KHTML, like Gecko) Version/12.1.1 Safari/605.1.15" "13464"
116.75.160.32 - - [11/Apr/2020:17:29:27 +0000] "POST /cart/update HTTP/1.0" 200 778 "https://www.marchtee.com/about" "Mozilla/5.0 (Macintosh; Intel Mac OS X 10_14_5) AppleWebKit/605.1.15 (KHTML, like Gecko) Version/12.1.1 Safari/605.1.15" "8431"
116.75.160.32 - - [11/Apr/2020:17:29:31 +0000] "GET /blog HTTP/1.0" 200 19856 "https://www.marchtee.com/about" "Mozilla/5.0 (Macintosh; Intel Mac OS X 10_14_5) AppleWebKit/605.1.15 (KHTML, like Gecko) Version/12.1.1 Safari/605.1.15" "18989"
116.75.160.32 - - [11/Apr/2020:17:29:31 +0000] "POST /cart/update HTTP/1.0" 200 778 "https://www.marchtee.com/blog" "Mozilla/5.0 (Macintosh; Intel Mac OS X 10_14_5) AppleWebKit/605.1.15 (KHTML, like Gecko) Version/12.1.1 Safari/605.1.15" "8470"
116.75.160.32 - - [11/Apr/2020:17:29:32 +0000] "GET /blog/sahil HTTP/1.0" 200 18571 "https://www.marchtee.com/blog" "Mozilla/5.0 (Macintosh; Intel Mac OS X 10_14_5) AppleWebKit/605.1.15 (KHTML, like Gecko) Version/12.1.1 Safari/605.1.15" "17117"
116.75.160.32 - - [11/Apr/2020:17:29:33 +0000] "POST /cart/update HTTP/1.0" 200 778 "https://www.marchtee.com/blog/sahil" "Mozilla/5.0 (Macintosh; Intel Mac OS X 10_14_5) AppleWebKit/605.1.15 (KHTML, like Gecko) Version/12.1.1 Safari/605.1.15" "8805"
116.75.160.32 - - [11/Apr/2020:17:29:35 +0000] "GET / HTTP/1.0" 200 5207 "https://www.marchtee.com/blog/sahil" "Mozilla/5.0 (Macintosh; Intel Mac OS X 10_14_5) AppleWebKit/605.1.15 (KHTML, like Gecko) Version/12.1.1 Safari/605.1.15" "6003"
14.143.171.118 - - [11/Apr/2020:17:30:06 +0000] "GET /printer/get_orders?printer_name=fedex+printer HTTP/1.0" 200 3 "-" "python-requests/2.11.1" "10079"
14.143.171.118 - - [11/Apr/2020:17:31:06 +0000] "GET /printer/get_orders?printer_name=fedex+printer HTTP/1.0" 200 3 "-" "python-requests/2.11.1" "10371"
14.143.171.118 - - [11/Apr/2020:17:32:06 +0000] "GET /printer/get_orders?printer_name=fedex+printer HTTP/1.0" 200 3 "-" "python-requests/2.11.1" "10263"
66.249.79.207 - - [11/Apr/2020:17:32:18 +0000] "GET /?ref=lbb HTTP/1.0" 200 5207 "-" "Mozilla/5.0 (Linux; Android 6.0.1; Nexus 5X Build/MMB29P) AppleWebKit/537.36 (KHTML, like Gecko) Chrome/41.0.2272.96 Mobile Safari/537.36 (compatible; Googlebot/2.1; +http://www.google.com/bot.html)" "7948"
167.99.192.158 - - [11/Apr/2020:17:32:26 +0000] "GET /favicon.ico HTTP/1.0" 404 14008 "-" "okhttp/2.5.0" "21992"
43.250.165.125 - - [11/Apr/2020:17:33:05 +0000] "GET / HTTP/1.0" 200 5207 "https://www.google.com/" "Mozilla/5.0 (Macintosh; Intel Mac OS X 10_15_3) AppleWebKit/605.1.15 (KHTML, like Gecko) Version/13.0.5 Safari/605.1.15" "9009"
14.143.171.118 - - [11/Apr/2020:17:33:06 +0000] "GET /printer/get_orders?printer_name=fedex+printer HTTP/1.0" 200 3 "-" "python-requests/2.11.1" "10067"
14.143.171.118 - - [11/Apr/2020:17:34:06 +0000] "GET /printer/get_orders?printer_name=fedex+printer HTTP/1.0" 200 3 "-" "python-requests/2.11.1" "10155"
14.143.171.118 - - [11/Apr/2020:17:35:06 +0000] "GET /printer/get_orders?printer_name=fedex+printer HTTP/1.0" 200 3 "-" "python-requests/2.11.1" "10475"
106.67.125.37 - - [11/Apr/2020:17:35:35 +0000] "GET /cart/checkout HTTP/1.0" 200 5207 "https://www.marchtee.com/order/813LYP" "Mozilla/5.0 (iPhone; CPU iPhone OS 13_1_2 like Mac OS X) AppleWebKit/605.1.15 (KHTML, like Gecko) Version/13.0.1 Mobile/15E148 Safari/604.1" "7499"
14.143.171.118 - - [11/Apr/2020:17:36:06 +0000] "GET /printer/get_orders?printer_name=fedex+printer HTTP/1.0" 200 3 "-" "python-requests/2.11.1" "10338"
14.143.171.118 - - [11/Apr/2020:17:37:06 +0000] "GET /printer/get_orders?printer_name=fedex+printer HTTP/1.0" 200 3 "-" "python-requests/2.11.1" "10166"
14.143.171.118 - - [11/Apr/2020:17:38:06 +0000] "GET /printer/get_orders?printer_name=fedex+printer HTTP/1.0" 200 3 "-" "python-requests/2.11.1" "9972"
14.143.171.118 - - [11/Apr/2020:17:39:06 +0000] "GET /printer/get_orders?printer_name=fedex+printer HTTP/1.0" 200 3 "-" "python-requests/2.11.1" "10578"
66.220.149.7 - - [11/Apr/2020:17:39:07 +0000] "GET / HTTP/1.0" 200 5207 "-" "facebookexternalhit/1.1 (+http://www.facebook.com/externalhit_uatext.php)" "13886"
66.220.149.17 - - [11/Apr/2020:17:39:07 +0000] "GET / HTTP/1.0" 200 5207 "-" "facebookexternalhit/1.1 (+http://www.facebook.com/externalhit_uatext.php)" "15967"
14.143.171.118 - - [11/Apr/2020:17:40:06 +0000] "GET /printer/get_orders?printer_name=fedex+printer HTTP/1.0" 200 3 "-" "python-requests/2.11.1" "11003"
