14.143.171.118 - - [12/Apr/2020:09:31:06 +0000] "GET /printer/get_orders?printer_name=fedex+printer HTTP/1.0" 200 3 "-" "python-requests/2.11.1" "10472"
46.229.161.131 - - [12/Apr/2020:09:31:40 +0000] "GET /robots.txt HTTP/1.0" 404 14008 "http://www.marchtee.com/robots.txt" "Mozilla/5.0 (compatible; SemrushBot; +http://www.semrush.com/bot.html)" "9161"
46.229.161.131 - - [12/Apr/2020:09:31:48 +0000] "HEAD / HTTP/1.0" 200 0 "http://www.marchtee.com" "Mozilla/5.0 (compatible; SemrushBot; +http://www.semrush.com/bot.html)" "7606"
14.143.171.118 - - [12/Apr/2020:09:32:06 +0000] "GET /printer/get_orders?printer_name=fedex+printer HTTP/1.0" 200 3 "-" "python-requests/2.11.1" "10061"
46.229.168.144 - - [12/Apr/2020:09:32:59 +0000] "GET /robots.txt HTTP/1.0" 404 14008 "-" "Mozilla/5.0 (compatible; SemrushBot/6~bl; +http://www.semrush.com/bot.html)" "9209"
46.229.168.142 - - [12/Apr/2020:09:33:01 +0000] "GET /women/green HTTP/1.0" 200 5207 "-" "Mozilla/5.0 (compatible; SemrushBot/6~bl; +http://www.semrush.com/bot.html)" "8207"
14.143.171.118 - - [12/Apr/2020:09:33:06 +0000] "GET /printer/get_orders?printer_name=fedex+printer HTTP/1.0" 200 3 "-" "python-requests/2.11.1" "10082"
1.186.183.117 - - [12/Apr/2020:09:33:27 +0000] "GET / HTTP/1.0" 200 5207 "-" "Mozilla/5.0 (Linux; Android 10; SM-M307F) AppleWebKit/537.36 (KHTML, like Gecko) Chrome/80.0.3987.87 Mobile Safari/537.36" "8405"
14.143.171.118 - - [12/Apr/2020:09:34:06 +0000] "GET /printer/get_orders?printer_name=fedex+printer HTTP/1.0" 200 3 "-" "python-requests/2.11.1" "10092"
46.229.168.150 - - [12/Apr/2020:09:34:19 +0000] "GET /robots.txt HTTP/1.0" 404 14008 "-" "Mozilla/5.0 (compatible; SemrushBot/6~bl; +http://www.semrush.com/bot.html)" "9225"
46.229.168.135 - - [12/Apr/2020:09:34:20 +0000] "GET /care HTTP/1.0" 200 18437 "-" "Mozilla/5.0 (compatible; SemrushBot/6~bl; +http://www.semrush.com/bot.html)" "9996"
66.249.79.209 - - [12/Apr/2020:09:34:37 +0000] "GET /features HTTP/1.0" 200 20443 "-" "Mozilla/5.0 (compatible; Googlebot/2.1; +http://www.google.com/bot.html)" "10172"
66.249.79.207 - - [12/Apr/2020:09:34:37 +0000] "GET /gb/ HTTP/1.0" 200 15967 "-" "Mozilla/5.0 (Linux; Android 6.0.1; Nexus 5X Build/MMB29P) AppleWebKit/537.36 (KHTML, like Gecko) Chrome/41.0.2272.96 Mobile Safari/537.36 (compatible; Googlebot/2.1; +http://www.google.com/bot.html)" "8959"
104.248.68.63 - - [12/Apr/2020:09:34:51 +0000] "HEAD / HTTP/1.0" 200 0 "http://www.google.com" "Mozilla/4.0 (compatible; MSIE 8.0; Windows NT 6.1; WOW64; Trident/4.0; SLCC2; .NET CLR 2.0.50727; .NET CLR 3.5.30729; .NET CLR 3.0.30729; Media Center PC 6.0; .NET4.0C; .NET4.0E)" "7875"
49.248.114.34 - - [12/Apr/2020:09:35:05 +0000] "GET /printer/get_orders?printer_name=fedex+printer HTTP/1.0" 200 3 "-" "python-requests/2.11.1" "10449"
49.207.59.160 - - [12/Apr/2020:09:36:03 +0000] "GET / HTTP/1.0" 302 263 "-" "Mozilla/5.0 (Linux; Android 9; Mi A3) AppleWebKit/537.36 (KHTML, like Gecko) Chrome/81.0.4044.96 Mobile Safari/537.36" "5974"
49.207.59.160 - - [12/Apr/2020:09:36:04 +0000] "GET /gb/ HTTP/1.0" 200 18097 "-" "Mozilla/5.0 (Linux; Android 9; Mi A3) AppleWebKit/537.36 (KHTML, like Gecko) Chrome/81.0.4044.96 Mobile Safari/537.36" "33958"
49.207.59.160 - - [12/Apr/2020:09:36:05 +0000] "POST /cart/update HTTP/1.0" 200 5438 "https://www.marchtee.com/gb/" "Mozilla/5.0 (Linux; Android 9; Mi A3) AppleWebKit/537.36 (KHTML, like Gecko) Chrome/81.0.4044.96 Mobile Safari/537.36" "134372"
14.143.171.118 - - [12/Apr/2020:09:36:06 +0000] "GET /printer/get_orders?printer_name=fedex+printer HTTP/1.0" 200 3 "-" "python-requests/2.11.1" "10588"
14.143.171.118 - - [12/Apr/2020:09:37:06 +0000] "GET /printer/get_orders?printer_name=fedex+printer HTTP/1.0" 200 3 "-" "python-requests/2.11.1" "10154"
14.143.171.118 - - [12/Apr/2020:09:38:06 +0000] "GET /printer/get_orders?printer_name=fedex+printer HTTP/1.0" 200 3 "-" "python-requests/2.11.1" "10099"
128.14.134.134 - - [12/Apr/2020:09:38:30 +0000] "GET / HTTP/1.0" 200 5207 "https://3.10.64.222/" "Mozilla/5.0 (Windows NT 10.0; Win64; x64) AppleWebKit/537.36 (KHTML, like Gecko) Chrome/60.0.3112.113 Safari/537.36" "8203"
14.143.171.118 - - [12/Apr/2020:09:39:05 +0000] "GET /printer/get_orders?printer_name=fedex+printer HTTP/1.0" 200 3 "-" "python-requests/2.11.1" "10316"
14.143.171.118 - - [12/Apr/2020:09:40:05 +0000] "GET /printer/get_orders?printer_name=fedex+printer HTTP/1.0" 200 3 "-" "python-requests/2.11.1" "10295"
49.248.114.34 - - [12/Apr/2020:09:41:05 +0000] "GET /printer/get_orders?printer_name=fedex+printer HTTP/1.0" 200 3 "-" "python-requests/2.11.1" "10044"
14.143.171.118 - - [12/Apr/2020:09:42:05 +0000] "GET /printer/get_orders?printer_name=fedex+printer HTTP/1.0" 200 3 "-" "python-requests/2.11.1" "9886"
17.58.99.252 - - [12/Apr/2020:09:42:18 +0000] "GET /robots.txt HTTP/1.0" 404 14008 "-" "Mozilla/5.0 (Macintosh; Intel Mac OS X 10_10_1) AppleWebKit/600.2.5 (KHTML, like Gecko) Version/8.0.2 Safari/600.2.5 (Applebot/0.1; +http://www.apple.com/go/applebot)" "9012"
17.58.102.0 - - [12/Apr/2020:09:42:19 +0000] "GET /blog/gresham HTTP/1.0" 200 17722 "-" "Mozilla/5.0 (Macintosh; Intel Mac OS X 10_10_1) AppleWebKit/600.2.5 (KHTML, like Gecko) Version/8.0.2 Safari/600.2.5 (Applebot/0.1; +http://www.apple.com/go/applebot)" "10786"
14.143.171.118 - - [12/Apr/2020:09:43:05 +0000] "GET /printer/get_orders?printer_name=fedex+printer HTTP/1.0" 200 3 "-" "python-requests/2.11.1" "10728"
14.143.171.118 - - [12/Apr/2020:09:44:05 +0000] "GET /printer/get_orders?printer_name=fedex+printer HTTP/1.0" 200 3 "-" "python-requests/2.11.1" "10390"
66.249.79.209 - - [12/Apr/2020:09:44:38 +0000] "GET /gb/men/grey HTTP/1.0" 200 73638 "-" "Mozilla/5.0 (Linux; Android 6.0.1; Nexus 5X Build/MMB29P) AppleWebKit/537.36 (KHTML, like Gecko) Chrome/41.0.2272.96 Mobile Safari/537.36 (compatible; Googlebot/2.1; +http://www.google.com/bot.html)" "540953"
103.67.179.250 - - [12/Apr/2020:09:44:55 +0000] "GET / HTTP/1.0" 200 5207 "https://www.google.com/" "Mozilla/5.0 (iPhone; CPU iPhone OS 13_3_1 like Mac OS X) AppleWebKit/605.1.15 (KHTML, like Gecko) Version/13.0.5 Mobile/15E148 Safari/604.1" "8505"
14.143.171.118 - - [12/Apr/2020:09:45:05 +0000] "GET /printer/get_orders?printer_name=fedex+printer HTTP/1.0" 200 3 "-" "python-requests/2.11.1" "9996"
106.51.25.24 - - [12/Apr/2020:09:45:56 +0000] "GET / HTTP/1.0" 200 5207 "-" "Mozilla/5.0 (Macintosh; Intel Mac OS X 10_15_3) AppleWebKit/605.1.15 (KHTML, like Gecko) Version/13.0.5 Safari/605.1.15" "7123"
14.143.171.118 - - [12/Apr/2020:09:46:05 +0000] "GET /printer/get_orders?printer_name=fedex+printer HTTP/1.0" 200 3 "-" "python-requests/2.11.1" "10323"
14.143.171.118 - - [12/Apr/2020:09:47:05 +0000] "GET /printer/get_orders?printer_name=fedex+printer HTTP/1.0" 200 3 "-" "python-requests/2.11.1" "10125"
14.143.171.118 - - [12/Apr/2020:09:48:05 +0000] "GET /printer/get_orders?printer_name=fedex+printer HTTP/1.0" 200 3 "-" "python-requests/2.11.1" "10084"
14.143.171.118 - - [12/Apr/2020:09:49:05 +0000] "GET /printer/get_orders?printer_name=fedex+printer HTTP/1.0" 200 3 "-" "python-requests/2.11.1" "10195"
14.143.171.118 - - [12/Apr/2020:09:50:05 +0000] "GET /printer/get_orders?printer_name=fedex+printer HTTP/1.0" 200 3 "-" "python-requests/2.11.1" "10341"
103.94.195.160 - - [12/Apr/2020:09:50:09 +0000] "GET / HTTP/1.0" 200 5207 "https://www.google.co.in/" "Mozilla/5.0 (Macintosh; Intel Mac OS X 10_15) AppleWebKit/605.1.15 (KHTML, like Gecko) Version/13.0.5 Safari/605.1.15" "6623"
103.94.195.160 - - [12/Apr/2020:09:50:09 +0000] "GET / HTTP/1.0" 200 5207 "https://www.google.co.in/" "Mozilla/5.0 (Macintosh; Intel Mac OS X 10_15) AppleWebKit/605.1.15 (KHTML, like Gecko) Version/13.0.5 Safari/605.1.15" "6319"
103.94.195.160 - - [12/Apr/2020:09:50:25 +0000] "GET / HTTP/1.0" 200 5207 "https://www.google.co.in/" "Mozilla/5.0 (Macintosh; Intel Mac OS X 10_15) AppleWebKit/605.1.15 (KHTML, like Gecko) Version/13.0.5 Safari/605.1.15" "6282"
103.85.8.147 - - [12/Apr/2020:09:50:50 +0000] "GET /shop HTTP/1.0" 200 5207 "https://www.marchtee.com/about" "Mozilla/5.0 (Linux; Android 10; Pixel 2) AppleWebKit/537.36 (KHTML, like Gecko) Chrome/80.0.3987.162 Mobile Safari/537.36" "8643"
14.143.171.118 - - [12/Apr/2020:09:51:05 +0000] "GET /printer/get_orders?printer_name=fedex+printer HTTP/1.0" 200 3 "-" "python-requests/2.11.1" "10268"
14.143.171.118 - - [12/Apr/2020:09:52:05 +0000] "GET /printer/get_orders?printer_name=fedex+printer HTTP/1.0" 200 3 "-" "python-requests/2.11.1" "10367"
124.123.105.129 - - [12/Apr/2020:09:52:26 +0000] "GET /polo/men/blue HTTP/1.0" 200 5207 "-" "Mozilla/5.0 (Linux; Android 10; ONEPLUS A6000) AppleWebKit/537.36 (KHTML, like Gecko) Chrome/81.0.4044.96 Mobile Safari/537.36" "6874"
116.72.41.138 - - [12/Apr/2020:09:52:57 +0000] "GET /bulk HTTP/1.0" 200 20514 "-" "Mozilla/5.0 (iPhone; CPU iPhone OS 13_3 like Mac OS X) AppleWebKit/605.1.15 (KHTML, like Gecko) CriOS/80.0.3987.95 Mobile/15E148 Safari/604.1" "9802"
116.72.41.138 - - [12/Apr/2020:09:53:01 +0000] "POST /cart/update HTTP/1.0" 200 778 "https://www.marchtee.com/bulk" "Mozilla/5.0 (iPhone; CPU iPhone OS 13_3 like Mac OS X) AppleWebKit/605.1.15 (KHTML, like Gecko) CriOS/80.0.3987.95 Mobile/15E148 Safari/604.1" "9669"
14.143.171.118 - - [12/Apr/2020:09:53:05 +0000] "GET /printer/get_orders?printer_name=fedex+printer HTTP/1.0" 200 3 "-" "python-requests/2.11.1" "10203"
116.72.41.138 - - [12/Apr/2020:09:53:10 +0000] "GET /bulk HTTP/1.0" 200 20503 "-" "Mozilla/5.0 (Macintosh; Intel Mac OS X 10_15_1) AppleWebKit/537.36 (KHTML, like Gecko) Chrome/81.0.4044.92 Safari/537.36" "11104"
116.72.41.138 - - [12/Apr/2020:09:53:13 +0000] "POST /cart/update HTTP/1.0" 200 778 "https://www.marchtee.com/bulk" "Mozilla/5.0 (Macintosh; Intel Mac OS X 10_15_1) AppleWebKit/537.36 (KHTML, like Gecko) Chrome/81.0.4044.92 Safari/537.36" "8621"
14.143.171.118 - - [12/Apr/2020:09:54:06 +0000] "GET /printer/get_orders?printer_name=fedex+printer HTTP/1.0" 200 3 "-" "python-requests/2.11.1" "10390"
106.208.66.47 - - [12/Apr/2020:09:54:27 +0000] "GET / HTTP/1.0" 200 5207 "-" "Mozilla/5.0 (Linux; Android 9; CPH1823) AppleWebKit/537.36 (KHTML, like Gecko) Chrome/81.0.4044.96 Mobile Safari/537.36" "7217"
82.2.153.174 - - [12/Apr/2020:09:54:27 +0000] "GET / HTTP/1.0" 302 263 "https://www.google.co.uk/" "Mozilla/5.0 (iPhone; CPU iPhone OS 13_3_1 like Mac OS X) AppleWebKit/605.1.15 (KHTML, like Gecko) Version/13.0.5 Mobile/15E148 Safari/604.1" "11359"
82.2.153.174 - - [12/Apr/2020:09:54:27 +0000] "GET /gb/ HTTP/1.0" 200 15967 "https://www.google.co.uk/" "Mozilla/5.0 (iPhone; CPU iPhone OS 13_3_1 like Mac OS X) AppleWebKit/605.1.15 (KHTML, like Gecko) Version/13.0.5 Mobile/15E148 Safari/604.1" "9247"
82.2.153.174 - - [12/Apr/2020:09:54:28 +0000] "POST /cart/update HTTP/1.0" 200 781 "https://www.marchtee.com/gb/" "Mozilla/5.0 (iPhone; CPU iPhone OS 13_3_1 like Mac OS X) AppleWebKit/605.1.15 (KHTML, like Gecko) Version/13.0.5 Mobile/15E148 Safari/604.1" "8652"
82.2.153.174 - - [12/Apr/2020:09:54:38 +0000] "GET /gb/men/blue HTTP/1.0" 200 72328 "https://www.marchtee.com/gb/" "Mozilla/5.0 (iPhone; CPU iPhone OS 13_3_1 like Mac OS X) AppleWebKit/605.1.15 (KHTML, like Gecko) Version/13.0.5 Mobile/15E148 Safari/604.1" "264088"
82.2.153.174 - - [12/Apr/2020:09:54:39 +0000] "POST /cart/update HTTP/1.0" 200 781 "https://www.marchtee.com/gb/men/blue" "Mozilla/5.0 (iPhone; CPU iPhone OS 13_3_1 like Mac OS X) AppleWebKit/605.1.15 (KHTML, like Gecko) Version/13.0.5 Mobile/15E148 Safari/604.1" "8882"
82.2.153.174 - - [12/Apr/2020:09:55:03 +0000] "GET /gb/returns HTTP/1.0" 200 16378 "https://www.marchtee.com/gb/men/blue" "Mozilla/5.0 (iPhone; CPU iPhone OS 13_3_1 like Mac OS X) AppleWebKit/605.1.15 (KHTML, like Gecko) Version/13.0.5 Mobile/15E148 Safari/604.1" "8636"
82.2.153.174 - - [12/Apr/2020:09:55:04 +0000] "POST /cart/update HTTP/1.0" 200 781 "https://www.marchtee.com/gb/returns" "Mozilla/5.0 (iPhone; CPU iPhone OS 13_3_1 like Mac OS X) AppleWebKit/605.1.15 (KHTML, like Gecko) Version/13.0.5 Mobile/15E148 Safari/604.1" "8615"
14.143.171.118 - - [12/Apr/2020:09:55:05 +0000] "GET /printer/get_orders?printer_name=fedex+printer HTTP/1.0" 200 3 "-" "python-requests/2.11.1" "10410"
82.2.153.174 - - [12/Apr/2020:09:55:11 +0000] "GET /gb/returns HTTP/1.0" 200 16378 "https://www.marchtee.com/gb/returns" "Mozilla/5.0 (iPhone; CPU iPhone OS 13_3_1 like Mac OS X) AppleWebKit/605.1.15 (KHTML, like Gecko) Version/13.0.5 Mobile/15E148 Safari/604.1" "8657"
82.2.153.174 - - [12/Apr/2020:09:55:11 +0000] "POST /cart/update HTTP/1.0" 200 781 "https://www.marchtee.com/gb/returns" "Mozilla/5.0 (iPhone; CPU iPhone OS 13_3_1 like Mac OS X) AppleWebKit/605.1.15 (KHTML, like Gecko) Version/13.0.5 Mobile/15E148 Safari/604.1" "8690"
82.2.153.174 - - [12/Apr/2020:09:55:20 +0000] "GET /gb/about HTTP/1.0" 200 17217 "https://www.marchtee.com/gb/returns" "Mozilla/5.0 (iPhone; CPU iPhone OS 13_3_1 like Mac OS X) AppleWebKit/605.1.15 (KHTML, like Gecko) Version/13.0.5 Mobile/15E148 Safari/604.1" "8762"
82.2.153.174 - - [12/Apr/2020:09:55:20 +0000] "POST /cart/update HTTP/1.0" 200 781 "https://www.marchtee.com/gb/about" "Mozilla/5.0 (iPhone; CPU iPhone OS 13_3_1 like Mac OS X) AppleWebKit/605.1.15 (KHTML, like Gecko) Version/13.0.5 Mobile/15E148 Safari/604.1" "8904"
116.72.41.138 - - [12/Apr/2020:09:55:43 +0000] "GET /bulk HTTP/1.0" 200 20503 "-" "Mozilla/5.0 (Macintosh; Intel Mac OS X 10_15_1) AppleWebKit/537.36 (KHTML, like Gecko) Chrome/81.0.4044.92 Safari/537.36" "9575"
116.72.41.138 - - [12/Apr/2020:09:55:44 +0000] "POST /cart/update HTTP/1.0" 200 778 "https://www.marchtee.com/bulk" "Mozilla/5.0 (Macintosh; Intel Mac OS X 10_15_1) AppleWebKit/537.36 (KHTML, like Gecko) Chrome/81.0.4044.92 Safari/537.36" "8633"
116.72.41.138 - - [12/Apr/2020:09:55:48 +0000] "GET / HTTP/1.0" 200 5207 "https://www.marchtee.com/bulk" "Mozilla/5.0 (Macintosh; Intel Mac OS X 10_15_1) AppleWebKit/537.36 (KHTML, like Gecko) Chrome/81.0.4044.92 Safari/537.36" "6244"
116.72.41.138 - - [12/Apr/2020:09:55:55 +0000] "GET /bulk HTTP/1.0" 200 20503 "-" "Mozilla/5.0 (Macintosh; Intel Mac OS X 10_15_1) AppleWebKit/537.36 (KHTML, like Gecko) Chrome/81.0.4044.92 Safari/537.36" "9407"
116.72.41.138 - - [12/Apr/2020:09:55:56 +0000] "POST /cart/update HTTP/1.0" 200 778 "https://www.marchtee.com/bulk" "Mozilla/5.0 (Macintosh; Intel Mac OS X 10_15_1) AppleWebKit/537.36 (KHTML, like Gecko) Chrome/81.0.4044.92 Safari/537.36" "8814"
116.72.41.138 - - [12/Apr/2020:09:55:58 +0000] "GET /shop HTTP/1.0" 200 5207 "https://www.marchtee.com/bulk" "Mozilla/5.0 (Macintosh; Intel Mac OS X 10_15_1) AppleWebKit/537.36 (KHTML, like Gecko) Chrome/81.0.4044.92 Safari/537.36" "7730"
116.72.41.138 - - [12/Apr/2020:09:56:00 +0000] "GET /bulk HTTP/1.0" 200 20503 "-" "Mozilla/5.0 (Macintosh; Intel Mac OS X 10_15_1) AppleWebKit/537.36 (KHTML, like Gecko) Chrome/81.0.4044.92 Safari/537.36" "9398"
116.72.41.138 - - [12/Apr/2020:09:56:00 +0000] "POST /cart/update HTTP/1.0" 200 778 "https://www.marchtee.com/bulk" "Mozilla/5.0 (Macintosh; Intel Mac OS X 10_15_1) AppleWebKit/537.36 (KHTML, like Gecko) Chrome/81.0.4044.92 Safari/537.36" "8714"
14.143.171.118 - - [12/Apr/2020:09:56:05 +0000] "GET /printer/get_orders?printer_name=fedex+printer HTTP/1.0" 200 3 "-" "python-requests/2.11.1" "10199"
116.72.41.138 - - [12/Apr/2020:09:56:14 +0000] "GET /hammo/features HTTP/1.0" 200 19730 "https://www.marchtee.com/bulk" "Mozilla/5.0 (Macintosh; Intel Mac OS X 10_15_1) AppleWebKit/537.36 (KHTML, like Gecko) Chrome/81.0.4044.92 Safari/537.36" "12360"
116.72.41.138 - - [12/Apr/2020:09:56:14 +0000] "POST /cart/update HTTP/1.0" 200 778 "https://www.marchtee.com/hammo/features" "Mozilla/5.0 (Macintosh; Intel Mac OS X 10_15_1) AppleWebKit/537.36 (KHTML, like Gecko) Chrome/81.0.4044.92 Safari/537.36" "8720"
116.72.41.138 - - [12/Apr/2020:09:56:26 +0000] "GET /features HTTP/1.0" 200 20443 "https://www.marchtee.com/hammo/features" "Mozilla/5.0 (Macintosh; Intel Mac OS X 10_15_1) AppleWebKit/537.36 (KHTML, like Gecko) Chrome/81.0.4044.92 Safari/537.36" "8521"
116.72.41.138 - - [12/Apr/2020:09:56:27 +0000] "POST /cart/update HTTP/1.0" 200 778 "https://www.marchtee.com/features" "Mozilla/5.0 (Macintosh; Intel Mac OS X 10_15_1) AppleWebKit/537.36 (KHTML, like Gecko) Chrome/81.0.4044.92 Safari/537.36" "9414"
14.143.171.118 - - [12/Apr/2020:09:57:05 +0000] "GET /printer/get_orders?printer_name=fedex+printer HTTP/1.0" 200 3 "-" "python-requests/2.11.1" "10284"
14.143.171.118 - - [12/Apr/2020:09:58:06 +0000] "GET /printer/get_orders?printer_name=fedex+printer HTTP/1.0" 200 3 "-" "python-requests/2.11.1" "10378"
106.51.240.202 - - [12/Apr/2020:09:58:57 +0000] "GET / HTTP/1.0" 200 5207 "-" "Mozilla/5.0 (iPhone; CPU iPhone OS 13_3 like Mac OS X) AppleWebKit/605.1.15 (KHTML, like Gecko) Version/13.0.4 Mobile/15E148 Safari/604.1" "7031"
14.143.171.118 - - [12/Apr/2020:09:59:06 +0000] "GET /printer/get_orders?printer_name=fedex+printer HTTP/1.0" 200 3 "-" "python-requests/2.11.1" "10139"
106.51.240.202 - - [12/Apr/2020:10:00:00 +0000] "GET / HTTP/1.0" 200 5207 "-" "Mozilla/5.0 (iPhone; CPU iPhone OS 13_3 like Mac OS X) AppleWebKit/605.1.15 (KHTML, like Gecko) Version/13.0.4 Mobile/15E148 Safari/604.1" "6753"
14.143.171.118 - - [12/Apr/2020:10:00:06 +0000] "GET /printer/get_orders?printer_name=fedex+printer HTTP/1.0" 200 3 "-" "python-requests/2.11.1" "10186"
46.229.168.163 - - [12/Apr/2020:10:00:07 +0000] "GET /blog/codstats HTTP/1.0" 200 20560 "-" "Mozilla/5.0 (compatible; SemrushBot/6~bl; +http://www.semrush.com/bot.html)" "15865"
14.143.171.118 - - [12/Apr/2020:10:01:06 +0000] "GET /printer/get_orders?printer_name=fedex+printer HTTP/1.0" 200 3 "-" "python-requests/2.11.1" "10649"
14.143.171.118 - - [12/Apr/2020:10:02:06 +0000] "GET /printer/get_orders?printer_name=fedex+printer HTTP/1.0" 200 3 "-" "python-requests/2.11.1" "10026"
14.143.171.118 - - [12/Apr/2020:10:03:06 +0000] "GET /printer/get_orders?printer_name=fedex+printer HTTP/1.0" 200 3 "-" "python-requests/2.11.1" "10237"
14.143.171.118 - - [12/Apr/2020:10:04:05 +0000] "GET /printer/get_orders?printer_name=fedex+printer HTTP/1.0" 200 3 "-" "python-requests/2.11.1" "10305"
14.143.171.118 - - [12/Apr/2020:10:05:05 +0000] "GET /printer/get_orders?printer_name=fedex+printer HTTP/1.0" 200 3 "-" "python-requests/2.11.1" "10318"
14.143.171.118 - - [12/Apr/2020:10:06:05 +0000] "GET /printer/get_orders?printer_name=fedex+printer HTTP/1.0" 200 3 "-" "python-requests/2.11.1" "19428"
14.143.171.118 - - [12/Apr/2020:10:07:05 +0000] "GET /printer/get_orders?printer_name=fedex+printer HTTP/1.0" 200 3 "-" "python-requests/2.11.1" "10226"
14.143.171.118 - - [12/Apr/2020:10:08:05 +0000] "GET /printer/get_orders?printer_name=fedex+printer HTTP/1.0" 200 3 "-" "python-requests/2.11.1" "10149"
146.199.121.225 - - [12/Apr/2020:10:08:23 +0000] "GET /gb/men/grey HTTP/1.0" 200 73638 "https://www.marchtee.com/gb/" "Mozilla/5.0 (iPhone; CPU iPhone OS 13_3_1 like Mac OS X) AppleWebKit/605.1.15 (KHTML, like Gecko) Version/13.0.5 Mobile/15E148 Safari/604.1" "548707"
146.199.121.225 - - [12/Apr/2020:10:08:23 +0000] "POST /cart/update HTTP/1.0" 200 781 "https://www.marchtee.com/gb/men/grey" "Mozilla/5.0 (iPhone; CPU iPhone OS 13_3_1 like Mac OS X) AppleWebKit/605.1.15 (KHTML, like Gecko) Version/13.0.5 Mobile/15E148 Safari/604.1" "9240"
146.199.121.225 - - [12/Apr/2020:10:08:29 +0000] "GET /gb/men/denim HTTP/1.0" 200 71991 "https://www.marchtee.com/gb/" "Mozilla/5.0 (iPhone; CPU iPhone OS 13_3_1 like Mac OS X) AppleWebKit/605.1.15 (KHTML, like Gecko) Version/13.0.5 Mobile/15E148 Safari/604.1" "263263"
146.199.121.225 - - [12/Apr/2020:10:08:29 +0000] "POST /cart/update HTTP/1.0" 200 781 "https://www.marchtee.com/gb/men/denim" "Mozilla/5.0 (iPhone; CPU iPhone OS 13_3_1 like Mac OS X) AppleWebKit/605.1.15 (KHTML, like Gecko) Version/13.0.5 Mobile/15E148 Safari/604.1" "8683"
14.143.171.118 - - [12/Apr/2020:10:09:05 +0000] "GET /printer/get_orders?printer_name=fedex+printer HTTP/1.0" 200 3 "-" "python-requests/2.11.1" "10100"
14.143.171.118 - - [12/Apr/2020:10:10:05 +0000] "GET /printer/get_orders?printer_name=fedex+printer HTTP/1.0" 200 3 "-" "python-requests/2.11.1" "10176"
14.143.171.118 - - [12/Apr/2020:10:11:05 +0000] "GET /printer/get_orders?printer_name=fedex+printer HTTP/1.0" 200 3 "-" "python-requests/2.11.1" "10135"
31.13.127.13 - - [12/Apr/2020:10:11:18 +0000] "GET /gb/hammo/men/oatmeal HTTP/1.0" 200 65310 "-" "facebookexternalhit/1.1 (+http://www.facebook.com/externalhit_uatext.php)" "534688"
49.37.198.196 - - [12/Apr/2020:10:12:03 +0000] "GET / HTTP/1.0" 200 5207 "https://www.google.com/" "Mozilla/5.0 (Windows NT 10.0; Win64; x64) AppleWebKit/537.36 (KHTML, like Gecko) Chrome/80.0.3987.163 Safari/537.36" "7839"
49.37.198.196 - - [12/Apr/2020:10:12:06 +0000] "GET / HTTP/1.0" 200 5207 "https://www.google.com/" "Mozilla/5.0 (Windows NT 10.0; Win64; x64) AppleWebKit/537.36 (KHTML, like Gecko) Chrome/80.0.3987.163 Safari/537.36" "6098"
14.143.171.118 - - [12/Apr/2020:10:12:06 +0000] "GET /printer/get_orders?printer_name=fedex+printer HTTP/1.0" 200 3 "-" "python-requests/2.11.1" "10339"
94.23.238.218, 85.115.60.201 - - [12/Apr/2020:10:12:23 +0000] "GET / HTTP/1.0" 200 5207 "-" "curl/7.16.4 (x86_64-pc-linux-gnu) libcurl/7.16.4 OpenSSL/0.9.8o zlib/1.2.3" "7796"
49.248.114.34 - - [12/Apr/2020:10:13:06 +0000] "GET /printer/get_orders?printer_name=fedex+printer HTTP/1.0" 200 3 "-" "python-requests/2.11.1" "10071"
103.82.210.134 - - [12/Apr/2020:10:13:19 +0000] "GET /in/shop?utm_source=half-price-launch&utm_medium=Email&utm_campaign=half-price HTTP/1.0" 302 421 "-" "Mozilla/5.0 (Macintosh; Intel Mac OS X 10_14_6) AppleWebKit/537.36 (KHTML, like Gecko) Chrome/80.0.3987.149 Safari/537.36" "5551"
103.82.210.134 - - [12/Apr/2020:10:13:19 +0000] "GET /shop?utm_source=half-price-launch&utm_medium=Email&utm_campaign=half-price HTTP/1.0" 200 5207 "-" "Mozilla/5.0 (Macintosh; Intel Mac OS X 10_14_6) AppleWebKit/537.36 (KHTML, like Gecko) Chrome/80.0.3987.149 Safari/537.36" "7940"
14.143.171.118 - - [12/Apr/2020:10:14:06 +0000] "GET /printer/get_orders?printer_name=fedex+printer HTTP/1.0" 200 3 "-" "python-requests/2.11.1" "10345"
14.143.171.118 - - [12/Apr/2020:10:15:06 +0000] "GET /printer/get_orders?printer_name=fedex+printer HTTP/1.0" 200 3 "-" "python-requests/2.11.1" "10053"
8.17.206.10 - - [12/Apr/2020:10:15:25 +0000] "GET /404/ HTTP/1.0" 404 14008 "-" "Mozilla/5.0 (iPhone; CPU OS 13_4 like Mac OS X) AppleWebKit/605.1.15 (KHTML, like Gecko) FxiOS/24.1  Mobile/15E148 Safari/605.1.15" "10182"
8.17.206.10 - - [12/Apr/2020:10:15:25 +0000] "GET /404/ HTTP/1.0" 404 14008 "-" "Mozilla/5.0 (iPhone; CPU OS 13_4 like Mac OS X) AppleWebKit/605.1.15 (KHTML, like Gecko) FxiOS/24.1  Mobile/15E148 Safari/605.1.15" "10448"
46.229.168.143 - - [12/Apr/2020:10:15:35 +0000] "GET /hammo/women HTTP/1.0" 302 241 "-" "Mozilla/5.0 (compatible; SemrushBot/6~bl; +http://www.semrush.com/bot.html)" "12202"
46.229.168.151 - - [12/Apr/2020:10:15:36 +0000] "GET /hammo/women/blue HTTP/1.0" 200 5207 "-" "Mozilla/5.0 (compatible; SemrushBot/6~bl; +http://www.semrush.com/bot.html)" "7852"
14.143.171.118 - - [12/Apr/2020:10:16:06 +0000] "GET /printer/get_orders?printer_name=fedex+printer HTTP/1.0" 200 3 "-" "python-requests/2.11.1" "10228"
66.249.79.210 - - [12/Apr/2020:10:17:03 +0000] "GET / HTTP/1.0" 200 5207 "-" "Mozilla/5.0 (Linux; Android 6.0.1; Nexus 5X Build/MMB29P) AppleWebKit/537.36 (KHTML, like Gecko) Chrome/80.0.3987.92 Mobile Safari/537.36 (compatible; Googlebot/2.1; +http://www.google.com/bot.html)" "7901"
14.143.171.118 - - [12/Apr/2020:10:17:06 +0000] "GET /printer/get_orders?printer_name=fedex+printer HTTP/1.0" 200 3 "-" "python-requests/2.11.1" "10294"
14.143.171.118 - - [12/Apr/2020:10:18:06 +0000] "GET /printer/get_orders?printer_name=fedex+printer HTTP/1.0" 200 3 "-" "python-requests/2.11.1" "10302"
66.249.79.206 - - [12/Apr/2020:10:18:51 +0000] "GET / HTTP/1.0" 200 5207 "-" "Mozilla/5.0 (Linux; Android 6.0.1; Nexus 5X Build/MMB29P) AppleWebKit/537.36 (KHTML, like Gecko) Chrome/41.0.2272.96 Mobile Safari/537.36 (compatible; Googlebot/2.1; +http://www.google.com/bot.html)" "7988"
14.143.171.118 - - [12/Apr/2020:10:19:06 +0000] "GET /printer/get_orders?printer_name=fedex+printer HTTP/1.0" 200 3 "-" "python-requests/2.11.1" "10394"
183.82.183.0 - - [12/Apr/2020:10:19:55 +0000] "GET /size-guide HTTP/1.0" 200 15775931 "-" "Mozilla/5.0 (Linux; Android 10; Pixel 3) AppleWebKit/537.36 (KHTML, like Gecko) Chrome/80.0.3987.162 Mobile Safari/537.36" "96149"
183.82.183.0 - - [12/Apr/2020:10:19:55 +0000] "GET /size-guide HTTP/1.0" 200 15775931 "-" "Mozilla/5.0 (Linux; Android 10; Pixel 3) AppleWebKit/537.36 (KHTML, like Gecko) Chrome/80.0.3987.162 Mobile Safari/537.36" "77561"
183.82.183.0 - - [12/Apr/2020:10:19:55 +0000] "GET /size-guide HTTP/1.0" 200 15775931 "-" "Mozilla/5.0 (Linux; Android 10; Pixel 3) AppleWebKit/537.36 (KHTML, like Gecko) Chrome/80.0.3987.162 Mobile Safari/537.36" "86402"
183.82.183.0 - - [12/Apr/2020:10:19:56 +0000] "GET /size-guide HTTP/1.0" 200 15775931 "-" "Mozilla/5.0 (Linux; Android 10; Pixel 3) AppleWebKit/537.36 (KHTML, like Gecko) Chrome/80.0.3987.162 Mobile Safari/537.36" "80117"
183.82.183.0 - - [12/Apr/2020:10:19:56 +0000] "GET /size-guide HTTP/1.0" 200 15775931 "-" "Mozilla/5.0 (Linux; Android 10; Pixel 3) AppleWebKit/537.36 (KHTML, like Gecko) Chrome/80.0.3987.162 Mobile Safari/537.36" "102211"
14.143.171.118 - - [12/Apr/2020:10:20:06 +0000] "GET /printer/get_orders?printer_name=fedex+printer HTTP/1.0" 200 3 "-" "python-requests/2.11.1" "10220"
66.249.79.208 - - [12/Apr/2020:10:20:56 +0000] "GET /robots.txt HTTP/1.0" 404 14008 "-" "Mozilla/5.0 (compatible; Googlebot/2.1; +http://www.google.com/bot.html)" "9232"
14.143.171.118 - - [12/Apr/2020:10:21:06 +0000] "GET /printer/get_orders?printer_name=fedex+printer HTTP/1.0" 200 3 "-" "python-requests/2.11.1" "11151"
157.55.39.28 - - [12/Apr/2020:10:21:33 +0000] "GET /robots.txt HTTP/1.0" 404 14008 "-" "Mozilla/5.0 (compatible; bingbot/2.0; +http://www.bing.com/bingbot.htm)" "9491"
14.143.171.118 - - [12/Apr/2020:10:22:06 +0000] "GET /printer/get_orders?printer_name=fedex+printer HTTP/1.0" 200 3 "-" "python-requests/2.11.1" "11006"
14.143.171.118 - - [12/Apr/2020:10:23:06 +0000] "GET /printer/get_orders?printer_name=fedex+printer HTTP/1.0" 200 3 "-" "python-requests/2.11.1" "10318"
14.143.171.118 - - [12/Apr/2020:10:24:06 +0000] "GET /printer/get_orders?printer_name=fedex+printer HTTP/1.0" 200 3 "-" "python-requests/2.11.1" "10161"
77.75.78.169, 89.187.169.86 - - [12/Apr/2020:10:24:10 +0000] "GET /robots.txt HTTP/1.0" 404 14008 "-" "Mozilla/5.0 (compatible; SeznamBot/3.2; +http://napoveda.seznam.cz/en/seznambot-intro/)" "8750"
155.4.157.69 - - [12/Apr/2020:10:24:42 +0000] "GET /favicon.ico HTTP/1.0" 404 14008 "-" "Mozilla/5.0 (iPad; CPU OS 13_3 like Mac OS X) AppleWebKit/605.1.15 (KHTML, like Gecko) CriOS/80.0.3987.95 Mobile/15E148 Safari/604.1" "13207"
155.4.157.69 - - [12/Apr/2020:10:24:42 +0000] "GET / HTTP/1.0" 200 5207 "-" "Mozilla/5.0 (iPad; CPU OS 13_3 like Mac OS X) AppleWebKit/605.1.15 (KHTML, like Gecko) CriOS/80.0.3987.95 Mobile/15E148 Safari/604.1" "7010"
14.143.171.118 - - [12/Apr/2020:10:25:06 +0000] "GET /printer/get_orders?printer_name=fedex+printer HTTP/1.0" 200 3 "-" "python-requests/2.11.1" "10250"
14.143.171.118 - - [12/Apr/2020:10:26:06 +0000] "GET /printer/get_orders?printer_name=fedex+printer HTTP/1.0" 200 3 "-" "python-requests/2.11.1" "10243"
49.248.114.34 - - [12/Apr/2020:10:27:06 +0000] "GET /printer/get_orders?printer_name=fedex+printer HTTP/1.0" 200 3 "-" "python-requests/2.11.1" "10227"
14.143.171.118 - - [12/Apr/2020:10:28:06 +0000] "GET /printer/get_orders?printer_name=fedex+printer HTTP/1.0" 200 3 "-" "python-requests/2.11.1" "10116"
223.228.182.164 - - [12/Apr/2020:10:28:31 +0000] "GET / HTTP/1.0" 200 5207 "-" "Mozilla/5.0 (Macintosh; Intel Mac OS X 10_15_4) AppleWebKit/605.1.15 (KHTML, like Gecko) Version/13.1 Safari/605.1.15" "6888"
14.143.171.118 - - [12/Apr/2020:10:29:06 +0000] "GET /printer/get_orders?printer_name=fedex+printer HTTP/1.0" 200 3 "-" "python-requests/2.11.1" "10363"
40.77.167.60 - - [12/Apr/2020:10:29:41 +0000] "GET /women/black HTTP/1.0" 200 5207 "-" "Mozilla/5.0 (compatible; bingbot/2.0; +http://www.bing.com/bingbot.htm)" "8093"
49.248.114.34 - - [12/Apr/2020:10:30:06 +0000] "GET /printer/get_orders?printer_name=fedex+printer HTTP/1.0" 200 3 "-" "python-requests/2.11.1" "9960"
14.143.171.118 - - [12/Apr/2020:10:31:06 +0000] "GET /printer/get_orders?printer_name=fedex+printer HTTP/1.0" 200 3 "-" "python-requests/2.11.1" "10581"
14.143.171.118 - - [12/Apr/2020:10:32:06 +0000] "GET /printer/get_orders?printer_name=fedex+printer HTTP/1.0" 200 3 "-" "python-requests/2.11.1" "10249"
90.29.89.75, 66.249.93.204 - - [12/Apr/2020:10:32:18 +0000] "GET / HTTP/1.0" 200 5207 "-" "Mozilla/5.0 (X11; Linux x86_64) AppleWebKit/537.36 (KHTML, like Gecko) Chrome/49.0.2623.75 Safari/537.36 Google Favicon" "15455"
14.143.171.118 - - [12/Apr/2020:10:33:06 +0000] "GET /printer/get_orders?printer_name=fedex+printer HTTP/1.0" 200 3 "-" "python-requests/2.11.1" "10243"
122.173.105.130 - - [12/Apr/2020:10:33:07 +0000] "GET / HTTP/1.0" 200 5207 "https://www.google.com/" "Mozilla/5.0 (iPhone; CPU iPhone OS 13_3 like Mac OS X) AppleWebKit/605.1.15 (KHTML, like Gecko) CriOS/80.0.3987.95 Mobile/15E148 Safari/604.1" "7867"
119.23.249.182 - - [12/Apr/2020:10:33:25 +0000] "GET /TP/public/index.php HTTP/1.0" 404 14008 "http://3.10.64.222/TP/public/index.php" "Mozilla/5.0 (Windows; U; Windows NT 6.0;en-US; rv:1.9.2) Gecko/20100115 Firefox/3.6)" "9440"
119.23.249.182 - - [12/Apr/2020:10:33:27 +0000] "GET /TP/index.php HTTP/1.0" 404 14008 "http://3.10.64.222/TP/index.php" "Mozilla/5.0 (Windows; U; Windows NT 6.0;en-US; rv:1.9.2) Gecko/20100115 Firefox/3.6)" "9085"
119.23.249.182 - - [12/Apr/2020:10:33:29 +0000] "GET /thinkphp/html/public/index.php HTTP/1.0" 404 14008 "http://3.10.64.222/thinkphp/html/public/index.php" "Mozilla/5.0 (Windows; U; Windows NT 6.0;en-US; rv:1.9.2) Gecko/20100115 Firefox/3.6)" "8855"
119.23.249.182 - - [12/Apr/2020:10:33:31 +0000] "GET /html/public/index.php HTTP/1.0" 404 14008 "http://3.10.64.222/html/public/index.php" "Mozilla/5.0 (Windows; U; Windows NT 6.0;en-US; rv:1.9.2) Gecko/20100115 Firefox/3.6)" "9464"
119.23.249.182 - - [12/Apr/2020:10:33:33 +0000] "GET /public/index.php HTTP/1.0" 404 14008 "http://3.10.64.222/public/index.php" "Mozilla/5.0 (Windows; U; Windows NT 6.0;en-US; rv:1.9.2) Gecko/20100115 Firefox/3.6)" "9269"
119.23.249.182 - - [12/Apr/2020:10:33:34 +0000] "GET /TP/html/public/index.php HTTP/1.0" 404 14008 "http://3.10.64.222/TP/html/public/index.php" "Mozilla/5.0 (Windows; U; Windows NT 6.0;en-US; rv:1.9.2) Gecko/20100115 Firefox/3.6)" "9279"
119.23.249.182 - - [12/Apr/2020:10:33:36 +0000] "GET /elrekt.php HTTP/1.0" 404 14008 "http://3.10.64.222/elrekt.php" "Mozilla/5.0 (Windows; U; Windows NT 6.0;en-US; rv:1.9.2) Gecko/20100115 Firefox/3.6)" "9635"
119.23.249.182 - - [12/Apr/2020:10:33:37 +0000] "GET /index.php HTTP/1.0" 404 14008 "http://3.10.64.222/index.php" "Mozilla/5.0 (Windows; U; Windows NT 6.0;en-US; rv:1.9.2) Gecko/20100115 Firefox/3.6)" "9064"
119.23.249.182 - - [12/Apr/2020:10:33:39 +0000] "GET / HTTP/1.0" 200 5138 "http://3.10.64.222:80" "Mozilla/5.0 (Windows; U; Windows NT 6.0;en-US; rv:1.9.2) Gecko/20100115 Firefox/3.6)" "7886"
122.173.105.130 - - [12/Apr/2020:10:33:57 +0000] "GET / HTTP/1.0" 200 5207 "https://l.instagram.com/?u=https%3A%2F%2Fwww.marchtee.com%2F&e=ATOASu93rDMb3MAKMSZ-qb5Ts9rRiSL6RRV923IVdVQBnYt4qEgI2NreQNAsj4jtUHJzAkHwB8t_o8sY&s=1" "Mozilla/5.0 (iPhone; CPU iPhone OS 13_3_1 like Mac OS X) AppleWebKit/605.1.15 (KHTML, like Gecko) Mobile/15E148 Instagram 136.0.0.22.123 (iPhone10,6; iOS 13_3_1; en_IN; en-IN; scale=3.00; 1125x2436; 207451752)" "8459"
14.143.171.118 - - [12/Apr/2020:10:34:06 +0000] "GET /printer/get_orders?printer_name=fedex+printer HTTP/1.0" 200 3 "-" "python-requests/2.11.1" "19992"
14.143.171.118 - - [12/Apr/2020:10:35:06 +0000] "GET /printer/get_orders?printer_name=fedex+printer HTTP/1.0" 200 3 "-" "python-requests/2.11.1" "10384"
66.249.79.208 - - [12/Apr/2020:10:35:21 +0000] "GET /gb/ HTTP/1.0" 200 15967 "-" "Mozilla/5.0 (compatible; Googlebot/2.1; +http://www.google.com/bot.html)" "8860"
14.143.171.118 - - [12/Apr/2020:10:36:06 +0000] "GET /printer/get_orders?printer_name=fedex+printer HTTP/1.0" 200 3 "-" "python-requests/2.11.1" "10353"
14.143.171.118 - - [12/Apr/2020:10:37:06 +0000] "GET /printer/get_orders?printer_name=fedex+printer HTTP/1.0" 200 3 "-" "python-requests/2.11.1" "10220"
85.255.233.171 - - [12/Apr/2020:10:38:01 +0000] "GET / HTTP/1.0" 302 263 "https://www.google.co.uk/" "Mozilla/5.0 (iPhone; CPU iPhone OS 13_3_1 like Mac OS X) AppleWebKit/605.1.15 (KHTML, like Gecko) Version/13.0.5 Mobile/15E148 Safari/604.1" "10499"
85.255.233.171 - - [12/Apr/2020:10:38:01 +0000] "GET /gb/ HTTP/1.0" 200 15967 "https://www.google.co.uk/" "Mozilla/5.0 (iPhone; CPU iPhone OS 13_3_1 like Mac OS X) AppleWebKit/605.1.15 (KHTML, like Gecko) Version/13.0.5 Mobile/15E148 Safari/604.1" "9049"
85.255.233.171 - - [12/Apr/2020:10:38:03 +0000] "POST /cart/update HTTP/1.0" 200 781 "https://www.marchtee.com/gb/" "Mozilla/5.0 (iPhone; CPU iPhone OS 13_3_1 like Mac OS X) AppleWebKit/605.1.15 (KHTML, like Gecko) Version/13.0.5 Mobile/15E148 Safari/604.1" "8647"
14.143.171.118 - - [12/Apr/2020:10:38:06 +0000] "GET /printer/get_orders?printer_name=fedex+printer HTTP/1.0" 200 3 "-" "python-requests/2.11.1" "10060"
220.181.108.80 - - [12/Apr/2020:10:38:21 +0000] "GET /hammo/features HTTP/1.0" 200 19477 "-" "Mozilla/5.0 (compatible; Baiduspider/2.0; +http://www.baidu.com/search/spider.html)" "9299"
111.206.221.21 - - [12/Apr/2020:10:38:43 +0000] "POST /cart/update HTTP/1.0" 200 778 "https://www.marchtee.com/hammo/features" "Mozilla/5.0 (compatible; Baiduspider-render/2.0; +http://www.baidu.com/search/spider.html)" "12385"
14.143.171.118 - - [12/Apr/2020:10:39:06 +0000] "GET /printer/get_orders?printer_name=fedex+printer HTTP/1.0" 200 3 "-" "python-requests/2.11.1" "10226"
14.143.171.118 - - [12/Apr/2020:10:40:06 +0000] "GET /printer/get_orders?printer_name=fedex+printer HTTP/1.0" 200 3 "-" "python-requests/2.11.1" "10684"
14.143.171.118 - - [12/Apr/2020:10:41:06 +0000] "GET /printer/get_orders?printer_name=fedex+printer HTTP/1.0" 200 3 "-" "python-requests/2.11.1" "10858"
14.143.171.118 - - [12/Apr/2020:10:42:06 +0000] "GET /printer/get_orders?printer_name=fedex+printer HTTP/1.0" 200 3 "-" "python-requests/2.11.1" "10107"
14.143.171.118 - - [12/Apr/2020:10:43:06 +0000] "GET /printer/get_orders?printer_name=fedex+printer HTTP/1.0" 200 3 "-" "python-requests/2.11.1" "10102"
40.77.167.60 - - [12/Apr/2020:10:43:09 +0000] "GET /men/green HTTP/1.0" 200 5207 "-" "Mozilla/5.0 (compatible; bingbot/2.0; +http://www.bing.com/bingbot.htm)" "8054"
49.34.115.233 - - [12/Apr/2020:10:43:46 +0000] "GET / HTTP/1.0" 200 5207 "https://www.google.com/" "Mozilla/5.0 (Windows NT 10.0; Win64; x64) AppleWebKit/537.36 (KHTML, like Gecko) Chrome/80.0.3987.163 Safari/537.36" "16910"
49.34.115.233 - - [12/Apr/2020:10:43:46 +0000] "GET /robots.txt HTTP/1.0" 404 14008 "-" "Mozilla/5.0 (Windows NT 10.0; Win64; x64) AppleWebKit/537.36 (KHTML, like Gecko) Chrome/80.0.3987.163 Safari/537.36" "15785"
14.143.171.118 - - [12/Apr/2020:10:44:06 +0000] "GET /printer/get_orders?printer_name=fedex+printer HTTP/1.0" 200 3 "-" "python-requests/2.11.1" "10489"
106.51.234.35 - - [12/Apr/2020:10:44:37 +0000] "GET / HTTP/1.0" 200 5207 "https://l.instagram.com/" "Mozilla/5.0 (Linux; Android 9; moto x4 Build/PPW29.69-40-4; wv) AppleWebKit/537.36 (KHTML, like Gecko) Version/4.0 Chrome/81.0.4044.96 Mobile Safari/537.36 Instagram 136.0.0.34.124 Android (28/9; 480dpi; 1080x1776; motorola; moto x4; payton; qcom; en_US; 208061688)" "8063"
8.17.206.10 - - [12/Apr/2020:10:44:37 +0000] "GET /404/ HTTP/1.0" 404 14008 "-" "Mozilla/5.0 (iPhone; CPU OS 13_4 like Mac OS X) AppleWebKit/605.1.15 (KHTML, like Gecko) FxiOS/24.1  Mobile/15E148 Safari/605.1.15" "10241"
86.146.22.234 - - [12/Apr/2020:10:44:56 +0000] "GET / HTTP/1.0" 302 263 "-" "Mozilla/5.0 (iPhone; CPU iPhone OS 13_3_1 like Mac OS X) AppleWebKit/605.1.15 (KHTML, like Gecko) Version/13.0.5 Mobile/15E148 Safari/604.1" "5708"
14.143.171.118 - - [12/Apr/2020:10:45:06 +0000] "GET /printer/get_orders?printer_name=fedex+printer HTTP/1.0" 200 3 "-" "python-requests/2.11.1" "10028"
116.75.162.88 - - [12/Apr/2020:10:45:20 +0000] "GET / HTTP/1.0" 200 5207 "-" "Mozilla/5.0 (Macintosh; Intel Mac OS X 10_15_4) AppleWebKit/605.1.15 (KHTML, like Gecko) Version/13.1 Safari/605.1.15" "7885"
116.75.162.88 - - [12/Apr/2020:10:45:25 +0000] "GET / HTTP/1.0" 200 5207 "-" "Mozilla/5.0 (Macintosh; Intel Mac OS X 10_15_4) AppleWebKit/605.1.15 (KHTML, like Gecko) Version/13.1 Safari/605.1.15" "5921"
116.75.162.88 - - [12/Apr/2020:10:45:29 +0000] "GET /gb/ HTTP/1.0" 200 15967 "-" "Mozilla/5.0 (Macintosh; Intel Mac OS X 10_15_4) AppleWebKit/605.1.15 (KHTML, like Gecko) Version/13.1 Safari/605.1.15" "8965"
116.75.162.88 - - [12/Apr/2020:10:45:29 +0000] "POST /cart/update HTTP/1.0" 200 781 "https://www.marchtee.com/gb/" "Mozilla/5.0 (Macintosh; Intel Mac OS X 10_15_4) AppleWebKit/605.1.15 (KHTML, like Gecko) Version/13.1 Safari/605.1.15" "8687"
116.75.162.88 - - [12/Apr/2020:10:45:40 +0000] "GET /gb/reviews HTTP/1.0" 200 30448 "https://www.marchtee.com/gb/" "Mozilla/5.0 (Macintosh; Intel Mac OS X 10_15_4) AppleWebKit/605.1.15 (KHTML, like Gecko) Version/13.1 Safari/605.1.15" "11685"
116.75.162.88 - - [12/Apr/2020:10:45:40 +0000] "POST /cart/update HTTP/1.0" 200 781 "https://www.marchtee.com/gb/reviews" "Mozilla/5.0 (Macintosh; Intel Mac OS X 10_15_4) AppleWebKit/605.1.15 (KHTML, like Gecko) Version/13.1 Safari/605.1.15" "8724"
116.75.162.88 - - [12/Apr/2020:10:45:49 +0000] "GET /gb/blog HTTP/1.0" 200 21789 "https://www.marchtee.com/gb/reviews" "Mozilla/5.0 (Macintosh; Intel Mac OS X 10_15_4) AppleWebKit/605.1.15 (KHTML, like Gecko) Version/13.1 Safari/605.1.15" "9820"
116.75.162.88 - - [12/Apr/2020:10:45:50 +0000] "POST /cart/update HTTP/1.0" 200 781 "https://www.marchtee.com/gb/blog" "Mozilla/5.0 (Macintosh; Intel Mac OS X 10_15_4) AppleWebKit/605.1.15 (KHTML, like Gecko) Version/13.1 Safari/605.1.15" "9194"
116.75.162.88 - - [12/Apr/2020:10:45:50 +0000] "GET /gb/blog/sahil HTTP/1.0" 200 20426 "https://www.marchtee.com/gb/blog" "Mozilla/5.0 (Macintosh; Intel Mac OS X 10_15_4) AppleWebKit/605.1.15 (KHTML, like Gecko) Version/13.1 Safari/605.1.15" "9451"
116.75.162.88 - - [12/Apr/2020:10:45:51 +0000] "POST /cart/update HTTP/1.0" 200 781 "https://www.marchtee.com/gb/blog/sahil" "Mozilla/5.0 (Macintosh; Intel Mac OS X 10_15_4) AppleWebKit/605.1.15 (KHTML, like Gecko) Version/13.1 Safari/605.1.15" "8597"
116.75.162.88 - - [12/Apr/2020:10:45:53 +0000] "GET /gb/ HTTP/1.0" 200 15967 "https://www.marchtee.com/gb/blog/sahil" "Mozilla/5.0 (Macintosh; Intel Mac OS X 10_15_4) AppleWebKit/605.1.15 (KHTML, like Gecko) Version/13.1 Safari/605.1.15" "8756"
116.75.162.88 - - [12/Apr/2020:10:45:53 +0000] "POST /cart/update HTTP/1.0" 200 781 "https://www.marchtee.com/gb/" "Mozilla/5.0 (Macintosh; Intel Mac OS X 10_15_4) AppleWebKit/605.1.15 (KHTML, like Gecko) Version/13.1 Safari/605.1.15" "8801"
116.75.162.88 - - [12/Apr/2020:10:45:57 +0000] "GET /lintroller HTTP/1.0" 302 283 "https://www.marchtee.com/gb/" "Mozilla/5.0 (Macintosh; Intel Mac OS X 10_15_4) AppleWebKit/605.1.15 (KHTML, like Gecko) Version/13.1 Safari/605.1.15" "5362"
116.75.162.88 - - [12/Apr/2020:10:45:58 +0000] "GET /gb/lintroller HTTP/1.0" 200 26189 "https://www.marchtee.com/gb/" "Mozilla/5.0 (Macintosh; Intel Mac OS X 10_15_4) AppleWebKit/605.1.15 (KHTML, like Gecko) Version/13.1 Safari/605.1.15" "69043"
116.75.162.88 - - [12/Apr/2020:10:45:58 +0000] "POST /cart/update HTTP/1.0" 200 781 "https://www.marchtee.com/gb/lintroller" "Mozilla/5.0 (Macintosh; Intel Mac OS X 10_15_4) AppleWebKit/605.1.15 (KHTML, like Gecko) Version/13.1 Safari/605.1.15" "8825"
116.75.162.88 - - [12/Apr/2020:10:46:03 +0000] "POST /cart/update HTTP/1.0" 200 2873 "https://www.marchtee.com/gb/lintroller" "Mozilla/5.0 (Macintosh; Intel Mac OS X 10_15_4) AppleWebKit/605.1.15 (KHTML, like Gecko) Version/13.1 Safari/605.1.15" "46419"
116.75.162.88 - - [12/Apr/2020:10:46:05 +0000] "GET /gb/cart/checkout HTTP/1.0" 200 32161 "https://www.marchtee.com/gb/lintroller" "Mozilla/5.0 (Macintosh; Intel Mac OS X 10_15_4) AppleWebKit/605.1.15 (KHTML, like Gecko) Version/13.1 Safari/605.1.15" "565290"
14.143.171.118 - - [12/Apr/2020:10:46:06 +0000] "GET /printer/get_orders?printer_name=fedex+printer HTTP/1.0" 200 3 "-" "python-requests/2.11.1" "10436"
122.179.169.37 - - [12/Apr/2020:10:46:07 +0000] "GET /men/black HTTP/1.0" 200 5207 "-" "Mozilla/5.0 (iPhone; CPU iPhone OS 13_3 like Mac OS X) AppleWebKit/605.1.15 (KHTML, like Gecko) CriOS/80.0.3987.95 Mobile/15E148 Safari/604.1" "7132"
66.249.79.208 - - [12/Apr/2020:10:46:47 +0000] "GET /blog HTTP/1.0" 200 19856 "-" "Mozilla/5.0 (Linux; Android 6.0.1; Nexus 5X Build/MMB29P) AppleWebKit/537.36 (KHTML, like Gecko) Chrome/41.0.2272.96 Mobile Safari/537.36 (compatible; Googlebot/2.1; +http://www.google.com/bot.html)" "10829"
49.248.114.34 - - [12/Apr/2020:10:47:06 +0000] "GET /printer/get_orders?printer_name=fedex+printer HTTP/1.0" 200 3 "-" "python-requests/2.11.1" "10076"
14.143.171.118 - - [12/Apr/2020:10:48:06 +0000] "GET /printer/get_orders?printer_name=fedex+printer HTTP/1.0" 200 3 "-" "python-requests/2.11.1" "10302"
14.143.171.118 - - [12/Apr/2020:10:49:06 +0000] "GET /printer/get_orders?printer_name=fedex+printer HTTP/1.0" 200 3 "-" "python-requests/2.11.1" "10224"
14.143.171.118 - - [12/Apr/2020:10:50:06 +0000] "GET /printer/get_orders?printer_name=fedex+printer HTTP/1.0" 200 3 "-" "python-requests/2.11.1" "10189"
49.207.58.156 - - [12/Apr/2020:10:50:19 +0000] "GET / HTTP/1.0" 200 5207 "-" "Mozilla/5.0 (Macintosh; Intel Mac OS X 10_15_3) AppleWebKit/537.36 (KHTML, like Gecko) Chrome/80.0.3987.163 Safari/537.36" "7265"
14.143.171.118 - - [12/Apr/2020:10:51:06 +0000] "GET /printer/get_orders?printer_name=fedex+printer HTTP/1.0" 200 3 "-" "python-requests/2.11.1" "10241"
116.75.162.88 - - [12/Apr/2020:10:51:28 +0000] "GET /in/backstage/current_month HTTP/1.0" 302 303 "-" "Mozilla/5.0 (Macintosh; Intel Mac OS X 10_15_4) AppleWebKit/605.1.15 (KHTML, like Gecko) Version/13.1 Safari/605.1.15" "12163"
116.75.162.88 - - [12/Apr/2020:10:51:28 +0000] "GET /gb/backstage/current_month HTTP/1.0" 302 327 "-" "Mozilla/5.0 (Macintosh; Intel Mac OS X 10_15_4) AppleWebKit/605.1.15 (KHTML, like Gecko) Version/13.1 Safari/605.1.15" "14901"
116.75.162.88 - - [12/Apr/2020:10:51:28 +0000] "GET /backstage/current_month HTTP/1.0" 302 309 "-" "Mozilla/5.0 (Macintosh; Intel Mac OS X 10_15_4) AppleWebKit/605.1.15 (KHTML, like Gecko) Version/13.1 Safari/605.1.15" "6473"
116.75.162.88 - - [12/Apr/2020:10:51:29 +0000] "GET /gb/backstage/?start_date=2020-04-01&end_date=2020-04-30 HTTP/1.0" 200 45149 "-" "Mozilla/5.0 (Macintosh; Intel Mac OS X 10_15_4) AppleWebKit/605.1.15 (KHTML, like Gecko) Version/13.1 Safari/605.1.15" "169187"
116.75.162.88 - - [12/Apr/2020:10:51:29 +0000] "GET /gb/backstage/current_month HTTP/1.0" 302 327 "-" "Mozilla/5.0 (Macintosh; Intel Mac OS X 10_15_4) AppleWebKit/605.1.15 (KHTML, like Gecko) Version/13.1 Safari/605.1.15" "7624"
116.75.162.88 - - [12/Apr/2020:10:51:29 +0000] "GET /gb/backstage/?start_date=2020-04-01&end_date=2020-04-30 HTTP/1.0" 200 45149 "-" "Mozilla/5.0 (Macintosh; Intel Mac OS X 10_15_4) AppleWebKit/605.1.15 (KHTML, like Gecko) Version/13.1 Safari/605.1.15" "164680"
116.75.162.88 - - [12/Apr/2020:10:51:29 +0000] "GET /backstage/now HTTP/1.0" 302 289 "https://www.marchtee.com/gb/backstage/?start_date=2020-04-01&end_date=2020-04-30" "Mozilla/5.0 (Macintosh; Intel Mac OS X 10_15_4) AppleWebKit/605.1.15 (KHTML, like Gecko) Version/13.1 Safari/605.1.15" "6253"
116.75.162.88 - - [12/Apr/2020:10:51:30 +0000] "GET /backstage/now HTTP/1.0" 302 289 "https://www.marchtee.com/gb/backstage/?start_date=2020-04-01&end_date=2020-04-30" "Mozilla/5.0 (Macintosh; Intel Mac OS X 10_15_4) AppleWebKit/605.1.15 (KHTML, like Gecko) Version/13.1 Safari/605.1.15" "9911"
116.75.162.88 - - [12/Apr/2020:10:51:31 +0000] "GET /gb/backstage/now HTTP/1.0" 200 28 "https://www.marchtee.com/gb/backstage/?start_date=2020-04-01&end_date=2020-04-30" "Mozilla/5.0 (Macintosh; Intel Mac OS X 10_15_4) AppleWebKit/605.1.15 (KHTML, like Gecko) Version/13.1 Safari/605.1.15" "1196606"
116.75.162.88 - - [12/Apr/2020:10:51:31 +0000] "GET /gb/backstage/now HTTP/1.0" 200 28 "https://www.marchtee.com/gb/backstage/?start_date=2020-04-01&end_date=2020-04-30" "Mozilla/5.0 (Macintosh; Intel Mac OS X 10_15_4) AppleWebKit/605.1.15 (KHTML, like Gecko) Version/13.1 Safari/605.1.15" "1132647"
14.143.171.118 - - [12/Apr/2020:10:52:06 +0000] "GET /printer/get_orders?printer_name=fedex+printer HTTP/1.0" 200 3 "-" "python-requests/2.11.1" "10088"
49.207.59.160 - - [12/Apr/2020:10:52:08 +0000] "GET / HTTP/1.0" 302 263 "-" "Mozilla/5.0 (Linux; Android 9; Mi A3) AppleWebKit/537.36 (KHTML, like Gecko) Chrome/81.0.4044.96 Mobile Safari/537.36" "5975"
49.207.59.160 - - [12/Apr/2020:10:52:08 +0000] "GET /gb/ HTTP/1.0" 200 18097 "-" "Mozilla/5.0 (Linux; Android 9; Mi A3) AppleWebKit/537.36 (KHTML, like Gecko) Chrome/81.0.4044.96 Mobile Safari/537.36" "37402"
49.207.59.160 - - [12/Apr/2020:10:52:09 +0000] "POST /cart/update HTTP/1.0" 200 5438 "https://www.marchtee.com/gb/" "Mozilla/5.0 (Linux; Android 9; Mi A3) AppleWebKit/537.36 (KHTML, like Gecko) Chrome/81.0.4044.96 Mobile Safari/537.36" "138729"
49.248.114.34 - - [12/Apr/2020:10:53:06 +0000] "GET /printer/get_orders?printer_name=fedex+printer HTTP/1.0" 200 3 "-" "python-requests/2.11.1" "10279"
116.75.162.88 - - [12/Apr/2020:10:53:15 +0000] "GET /backstage/now HTTP/1.0" 302 289 "https://www.marchtee.com/gb/backstage/?start_date=2020-04-01&end_date=2020-04-30" "Mozilla/5.0 (Macintosh; Intel Mac OS X 10_15_4) AppleWebKit/605.1.15 (KHTML, like Gecko) Version/13.1 Safari/605.1.15" "16908"
116.75.162.88 - - [12/Apr/2020:10:53:15 +0000] "GET /gb/backstage/?start_date=2020-04-01&end_date=2020-04-30 HTTP/1.0" 200 45149 "https://www.marchtee.com/gb/backstage/?start_date=2020-04-01&end_date=2020-04-30" "Mozilla/5.0 (Macintosh; Intel Mac OS X 10_15_4) AppleWebKit/605.1.15 (KHTML, like Gecko) Version/13.1 Safari/605.1.15" "186344"
116.75.162.88 - - [12/Apr/2020:10:53:15 +0000] "GET /backstage/now HTTP/1.0" 302 289 "https://www.marchtee.com/gb/backstage/?start_date=2020-04-01&end_date=2020-04-30" "Mozilla/5.0 (Macintosh; Intel Mac OS X 10_15_4) AppleWebKit/605.1.15 (KHTML, like Gecko) Version/13.1 Safari/605.1.15" "6334"
116.75.162.88 - - [12/Apr/2020:10:53:16 +0000] "GET /gb/backstage/?start_date=2020-04-01&end_date=2020-04-30 HTTP/1.0" 200 45149 "https://www.marchtee.com/gb/backstage/?start_date=2020-04-01&end_date=2020-04-30" "Mozilla/5.0 (Macintosh; Intel Mac OS X 10_15_4) AppleWebKit/605.1.15 (KHTML, like Gecko) Version/13.1 Safari/605.1.15" "186782"
223.189.171.245 - - [12/Apr/2020:10:53:22 +0000] "GET / HTTP/1.0" 200 5207 "https://www.ecomkeeda.com/top-7-niche-online-fashion-brands-for-the-people-who-are-cult/" "Mozilla/5.0 (Windows NT 10.0; Win64; x64) AppleWebKit/537.36 (KHTML, like Gecko) Chrome/80.0.3987.163 Safari/537.36" "7800"
14.143.171.118 - - [12/Apr/2020:10:54:06 +0000] "GET /printer/get_orders?printer_name=fedex+printer HTTP/1.0" 200 3 "-" "python-requests/2.11.1" "9985"
14.143.171.118 - - [12/Apr/2020:10:55:06 +0000] "GET /printer/get_orders?printer_name=fedex+printer HTTP/1.0" 200 3 "-" "python-requests/2.11.1" "10152"
8.17.206.10 - - [12/Apr/2020:10:55:14 +0000] "GET /404/ HTTP/1.0" 404 14008 "-" "Mozilla/5.0 (iPhone; CPU OS 13_4 like Mac OS X) AppleWebKit/605.1.15 (KHTML, like Gecko) FxiOS/24.1  Mobile/15E148 Safari/605.1.15" "13271"
8.17.206.10 - - [12/Apr/2020:10:55:15 +0000] "GET /404/ HTTP/1.0" 404 14008 "-" "Mozilla/5.0 (iPhone; CPU OS 13_4 like Mac OS X) AppleWebKit/605.1.15 (KHTML, like Gecko) FxiOS/24.1  Mobile/15E148 Safari/605.1.15" "10357"
8.17.206.10 - - [12/Apr/2020:10:55:21 +0000] "GET /404/ HTTP/1.0" 404 14008 "-" "Mozilla/5.0 (iPhone; CPU OS 13_4 like Mac OS X) AppleWebKit/605.1.15 (KHTML, like Gecko) FxiOS/24.1  Mobile/15E148 Safari/605.1.15" "10183"
182.69.46.182 - - [12/Apr/2020:10:55:33 +0000] "GET / HTTP/1.0" 200 5207 "-" "Mozilla/5.0 (iPhone; CPU iPhone OS 13_3_1 like Mac OS X) AppleWebKit/605.1.15 (KHTML, like Gecko) Version/13.0.5 Mobile/15E148 Safari/604.1" "7091"
14.143.171.118 - - [12/Apr/2020:10:56:06 +0000] "GET /printer/get_orders?printer_name=fedex+printer HTTP/1.0" 200 3 "-" "python-requests/2.11.1" "10074"
14.143.171.118 - - [12/Apr/2020:10:57:06 +0000] "GET /printer/get_orders?printer_name=fedex+printer HTTP/1.0" 200 3 "-" "python-requests/2.11.1" "9934"
27.34.104.21 - - [12/Apr/2020:10:57:39 +0000] "GET / HTTP/1.0" 200 5138 "https://www.google.com/" "Mozilla/5.0 (Macintosh; Intel Mac OS X 10_15_3) AppleWebKit/537.36 (KHTML, like Gecko) Chrome/80.0.3987.149 Safari/537.36" "8163"
14.143.171.118 - - [12/Apr/2020:10:58:06 +0000] "GET /printer/get_orders?printer_name=fedex+printer HTTP/1.0" 200 3 "-" "python-requests/2.11.1" "10054"
54.36.148.91 - - [12/Apr/2020:10:58:33 +0000] "GET /slate HTTP/1.0" 404 14008 "-" "Mozilla/5.0 (compatible; AhrefsBot/6.1; +http://ahrefs.com/robot/)" "12076"
14.143.171.118 - - [12/Apr/2020:10:59:05 +0000] "GET /printer/get_orders?printer_name=fedex+printer HTTP/1.0" 200 3 "-" "python-requests/2.11.1" "10076"
42.108.163.75 - - [12/Apr/2020:10:59:09 +0000] "GET /cart/checkout/pay HTTP/1.0" 302 235 "-" "Mozilla/5.0 (Linux; Android 9; SAMSUNG SM-J810GF) AppleWebKit/537.36 (KHTML, like Gecko) SamsungBrowser/11.1 Chrome/75.0.3770.143 Mobile Safari/537.36" "6555"
42.108.163.75 - - [12/Apr/2020:10:59:09 +0000] "GET /cart/checkout HTTP/1.0" 200 5207 "-" "Mozilla/5.0 (Linux; Android 9; SAMSUNG SM-J810GF) AppleWebKit/537.36 (KHTML, like Gecko) SamsungBrowser/11.1 Chrome/75.0.3770.143 Mobile Safari/537.36" "8663"
